# Structural bytes of the maintainer's own .ffpfsc (47 523 430 400 bytes). All-zero 16-byte lines elided.
# Offsets are hex from the start of the file. Nothing from inside the exFAT payload is included.

== superblock @0x0 (first 0x400) ==
000000 02 00 00 00 00 00 00 00 0b 2a 33 01 00 00 00 00  >.........*3.....<
000010 00 00 00 00 00 00 00 00 00 00 01 00 08 00 00 00  >................<
000020 00 00 01 00 00 00 00 00 01 00 00 00 00 00 00 00  >................<
000030 04 00 00 00 00 00 00 00 9e 10 0b 00 00 00 00 00  >................<
000040 01 00 00 00 00 00 00 00 00 00 00 00 00 00 00 00  >................<
000050 00 00 01 00 10 00 00 00 00 00 01 00 00 00 00 00  >................<
000060 00 00 01 00 00 00 00 00 a0 a8 43 6a 00 00 00 00  >..........Cj....<
000070 a0 a8 43 6a 00 00 00 00 a0 a8 43 6a 00 00 00 00  >..Cj......Cj....<
000080 a0 a8 43 6a 00 00 00 00 00 00 00 00 00 00 00 00  >..Cj............<
0000b0 01 00 00 00 00 00 00 00 00 00 00 00 00 00 00 00  >................<
0000d0 00 00 00 00 00 00 00 00 01 00 00 00 00 00 00 00  >................<
000360 00 00 00 00 00 00 00 00 01 00 00 00 00 00 00 00  >................<

== inode table @0x10000 (4 x 0xA8) ==
010000 6d 41 01 00 10 00 02 00 00 00 01 00 00 00 00 00  >mA..............<
010010 00 00 01 00 00 00 00 00 a0 a8 43 6a 00 00 00 00  >..........Cj....<
010020 a0 a8 43 6a 00 00 00 00 a0 a8 43 6a 00 00 00 00  >..Cj......Cj....<
010030 a0 a8 43 6a 00 00 00 00 00 00 00 00 00 00 00 00  >..Cj............<
010060 01 00 00 00 02 00 00 00 00 00 00 00 00 00 00 00  >................<
0100a0 00 00 00 00 00 00 00 00 6d 81 01 00 10 00 02 00  >........m.......<
0100b0 08 00 00 00 00 00 00 00 08 00 00 00 00 00 00 00  >................<
0100c0 a0 a8 43 6a 00 00 00 00 a0 a8 43 6a 00 00 00 00  >..Cj......Cj....<
0100d0 a0 a8 43 6a 00 00 00 00 a0 a8 43 6a 00 00 00 00  >..Cj......Cj....<
010100 00 00 00 00 00 00 00 00 01 00 00 00 03 00 00 00  >................<
010110 ff ff ff ff ff ff ff ff ff ff ff ff ff ff ff ff  >................<
010120 ff ff ff ff ff ff ff ff ff ff ff ff ff ff ff ff  >................<
010130 ff ff ff ff ff ff ff ff ff ff ff ff 00 00 00 00  >................<
010150 6d 41 03 00 10 00 00 00 00 00 01 00 00 00 00 00  >mA..............<
010160 00 00 01 00 00 00 00 00 a0 a8 43 6a 00 00 00 00  >..........Cj....<
010170 a0 a8 43 6a 00 00 00 00 a0 a8 43 6a 00 00 00 00  >..Cj......Cj....<
010180 a0 a8 43 6a 00 00 00 00 00 00 00 00 00 00 00 00  >..Cj............<
0101b0 01 00 00 00 05 00 00 00 ff ff ff ff ff ff ff ff  >................<
0101c0 ff ff ff ff ff ff ff ff ff ff ff ff ff ff ff ff  >................<
0101d0 ff ff ff ff ff ff ff ff ff ff ff ff ff ff ff ff  >................<
0101e0 ff ff ff ff 00 00 00 00 00 00 00 00 00 00 00 00  >................<
0101f0 00 00 00 00 00 00 00 00 6d 81 01 00 11 00 00 00  >........m.......<
010200 14 5f 97 10 0b 00 00 00 00 00 a0 2b 26 00 00 00  >._.........+&...<
010210 a0 a8 43 6a 00 00 00 00 a0 a8 43 6a 00 00 00 00  >..Cj......Cj....<
010220 a0 a8 43 6a 00 00 00 00 a0 a8 43 6a 00 00 00 00  >..Cj......Cj....<
010250 00 00 00 00 00 00 00 00 98 10 0b 00 06 00 00 00  >................<
010260 ff ff ff ff ff ff ff ff ff ff ff ff ff ff ff ff  >................<
010270 ff ff ff ff ff ff ff ff ff ff ff ff ff ff ff ff  >................<
010280 ff ff ff ff ff ff ff ff ff ff ff ff 00 00 00 00  >................<

== super-root dirents @0x20000 ==
020000 01 00 00 00 02 00 00 00 0f 00 00 00 20 00 00 00  >............ ...<
020010 66 6c 61 74 5f 70 61 74 68 5f 74 61 62 6c 65 00  >flat_path_table.<
020020 02 00 00 00 03 00 00 00 05 00 00 00 18 00 00 00  >................<
020030 75 72 6f 6f 74 00 00 00 00 00 00 00 00 00 00 00  >uroot...........<

== flat_path_table @0x30000 ==
030000 ef 68 da df 03 00 00 00 00 00 00 00 00 00 00 00  >.h..............<

== uroot dirents @0x50000 ==
050000 02 00 00 00 04 00 00 00 01 00 00 00 18 00 00 00  >................<
050010 2e 00 00 00 00 00 00 00 02 00 00 00 05 00 00 00  >................<
050020 02 00 00 00 18 00 00 00 2e 2e 00 00 00 00 00 00  >................<
050030 03 00 00 00 02 00 00 00 0f 00 00 00 20 00 00 00  >............ ...<
050040 50 50 53 41 32 31 35 36 34 2e 65 78 66 61 74 00  >PPSA21564.exfat.<

== PFSC header @0x60000 ==
060000 50 46 53 43 00 00 00 00 06 00 00 00 00 00 01 00  >PFSC............<
060010 00 00 01 00 00 00 00 00 00 04 00 00 00 00 00 00  >................<
060020 00 00 32 01 00 00 00 00 00 00 a0 2b 26 00 00 00  >..2........+&...<

== PFSC offset table, first 6 entries @0x60400 ==
060400 0000000001320000 0000000001320479
060410 00000000013204cd 0000000001320521
060420 0000000001320575 00000000013205c9

== arithmetic ==
0x0b109e * 0x10000            = 47523430400  (file length: 47523430400)
inode 3: db[0]=6 + blocks 0x0b1098 (725144) = 725150 = ndblock
inode 3: size 0x0b10975f14 = 47522995988 stored, size_compressed 0x262ba00000 = 163940663296 logical
PFSC blocks = 163940663296 / 65536 = 2501536; table = 2501537 * 8 = 20012296 bytes
header size = 0x10000 + ceil((20012296 - 0xFC00) / 0x10000) * 0x10000 = 0x1320000 = data_start
fpt_hash("/PPSA21564.EXFAT") = 0xdfda68ef (observed 0xdfda68ef)
inode timestamp 0x6a43a8a0 = 2026-06-30T11:29:36Z
