direct: enabled, stage preamble, cu mask 0xffffffff, bo list with mappings
map 0x200000000 +0x10000 ... ok
map 0x200010000 +0x8000 ... ok
map 0x200018000 +0x10000 ... ok
map 0x200028000 +0x10000 ... ok
map 0x200038000 +0x10000 ... ok
map 0x200048000 +0x10000 ... ok
map 0x200058000 +0x10000 ... ok
map 0x200068000 +0x8000 ... ok
map 0x300000000 +0x934000 ... ok
map 0x300938000 +0x10000 ... ok
map 0x300948000 +0x20000 ... ok
map 0x300a58000 +0x14000 ... ok
map 0x300a70000 +0x14000 ... ok
map 0x300c78000 +0x14000 ... ok
map 0x300e80000 +0x14000 ... ok
map 0x301088000 +0x14000 ... ok
map 0x301290000 +0x14000 ... ok
map 0x301498000 +0x14000 ... ok
map 0x3016a0000 +0x14000 ... ok
map 0x3018a8000 +0x14000 ... ok
map 0x301ab0000 +0x20000 ... ok
map 0x301de0000 +0x10000 ... ok
map 0x301df0000 +0x440000 ... ok
map 0x3022b0000 +0x810000 ... ok
map 0x303530000 +0x10000 ... ok
map 0x303930000 +0x50000 ... ok
map 0x303b70000 +0x30000 ... ok
map 0x303ba0000 +0x10000 ... ok
map 0x303bc0000 +0x10000 ... ok
map 0x303dc0000 +0x40000 ... ok
map 0x3041f0000 +0x10000 ... ok
map 0x3045f0000 +0x20000 ... ok
map 0x304a00000 +0x10000 ... ok
map 0x304e00000 +0x20000 ... ok
map 0x305210000 +0x10000 ... ok
map 0x305610000 +0x20000 ... ok
map 0x305a20000 +0x10000 ... ok
map 0x305e20000 +0x20000 ... ok
map 0x306230000 +0x20000 ... ok
map 0x306640000 +0x10000 ... ok
map 0x306a40000 +0x20000 ... ok
map 0x306e50000 +0x10000 ... ok
map 0x307250000 +0x20000 ... ok
map 0x307660000 +0x10000 ... ok
map 0x307a60000 +0x9f0000 ... ok
map 0x308840000 +0x20000 ... ok
map 0x308870000 +0x10000 ... ok
map 0x308880000 +0x10000 ... ok
map 0x308890000 +0x10000 ... ok
map 0x3088a0000 +0x10000 ... ok
map 0x308b20000 +0x450000 ... ok
map 0x30cb60000 +0x1b30000 ... ok
map 0x30e6a0000 +0x290000 ... ok
map 0x30e940000 +0x10000 ... ok
map 0x30ed40000 +0x20000 ... ok
map 0x30ed70000 +0x1250000 ... ok
map 0x30ffd0000 +0x290000 ... ok
map 0x310270000 +0x10000 ... ok
map 0x310670000 +0x10000 ... ok
map 0x310690000 +0x10000 ... ok
map 0x3106a0000 +0xf0000 ... ok
map 0x310790000 +0xe0000 ... ok
map 0x310870000 +0xf0000 ... ok
map 0x310960000 +0xe0000 ... ok
map 0x310a40000 +0xf0000 ... ok
map 0x310b30000 +0xe0000 ... ok
map 0x310c10000 +0x350000 ... ok
map 0x310f60000 +0x830000 ... ok
map 0x311960000 +0x10000 ... ok
map 0x313010000 +0x30000 ... ok
map 0x313130000 +0x10000 ... ok
map 0x313220000 +0x10000 ... ok
map 0x3132a0000 +0x10000 ... ok
map 0x313320000 +0x10000 ... ok
map 0x3133a0000 +0x10000 ... ok
map 0x313420000 +0x10000 ... ok
map 0x3134a0000 +0x10000 ... ok
map 0x313520000 +0xcc000 ... ok
map 0x3135f0000 +0x14000 ... ok
map 0x313638000 +0x14000 ... ok
map 0x313650000 +0x20000 ... ok
map 0x313680000 +0x4000 ... ok
map 0x313688000 +0x14000 ... ok
map 0x3136a0000 +0x14000 ... ok
map 0x3136b8000 +0x14000 ... ok
map 0x3136d0000 +0x14000 ... ok
map 0x3136e8000 +0x14000 ... ok
map 0x313700000 +0x14000 ... ok
map 0x313b08000 +0x20000 ... ok
map 0x37dff8000 +0x8000 ... ok
map 0x400000000 +0x10000 ... ok
map 0x400200000 +0x10000 ... ok
map 0x400280000 +0x10000 ... ok
map 0x4002a0000 +0x10000 ... ok
map 0x400320000 +0x10000 ... ok
map 0x400340000 +0x10000 ... ok
map 0x4003c0000 +0x10000 ... ok
map 0x4003e0000 +0x10000 ... ok
map 0x400460000 +0x10000 ... ok
map 0x400480000 +0x10000 ... ok
map 0x400500000 +0x10000 ... ok
map 0x400520000 +0x10000 ... ok
map 0x4005a0000 +0x10000 ... ok
map 0x4005c0000 +0x10000 ... ok
map 0x400640000 +0x10000 ... ok
map 0x400660000 +0x10000 ... ok
map 0x4006e0000 +0x10000 ... ok
map 0x400700000 +0x10000 ... ok
map 0x400780000 +0x10000 ... ok
map 0x4007a0000 +0x13b0000 ... ok
map 0x401b50000 +0x10000 ... ok
map 0x40b7f0000 +0x10000 ... ok
map 0x500000000 +0x530000 ... ok
map 0x502000000 +0x10000 ... ok
map 0x507400000 +0x10000 ... ok
map 0x551a50000 +0x10000 ... ok
map 0x553b80000 +0x10000 ... ok
map 0x553be0000 +0x10000 ... ok
map 0x553c00000 +0x10000 ... ok
map 0x553c20000 +0x10000 ... ok
map 0x553c40000 +0x2b20000 ... ok
map 0x556760000 +0x10000 ... ok
map 0x7efbf4000 +0x200000 ... ok
map 0x900000000 +0x74c0000 ... ok
map 0x9074c0000 +0x1420000 ... ok
map 0x9088e0000 +0x580000 ... ok
map 0x908e60000 +0x24000 ... ok
map 0x908ff0000 +0x5e40000 ... ok
map 0x90eea0000 +0x20000 ... ok
map 0x90eec0000 +0x10000 ... ok
map 0x90f270000 +0x10000 ... ok
map 0x90f280000 +0x20000 ... ok
map 0x90f2a0000 +0xe0000 ... ok
map 0x90f380000 +0x168000 ... ok
map 0x90f4e8000 +0xd30000 ... ok
map 0x920000000 +0xcc000 ... ok
map 0x9200cc000 +0x40000 ... ok
map 0x92010c000 +0xc000 ... ok
map 0x920118000 +0x2c000 ... ok
map 0x930000000 +0x3f4000 ... ok
map 0x9303f4000 +0x190000 ... ok
map 0x930584000 +0x4000 ... ok
map 0x930588000 +0x200000 ... ok
map 0x940000000 +0x18000 ... ok
map 0x940018000 +0x10000 ... ok
map 0x940028000 +0x8000 ... ok
map 0x940034000 +0x14000 ... ok
map 0x940048000 +0x10000 ... ok
map 0x950000000 +0xc000 ... ok
map 0x95000c000 +0x10000 ... ok
map 0x95001c000 +0x8000 ... ok
map 0x950024000 +0x4000 ... ok
map 0x960000000 +0x28000 ... ok
map 0x960028000 +0x10000 ... ok
map 0x960038000 +0x10000 ... ok
map 0x971608000 +0x8000 ... ok
map 0x980000000 +0x4000 ... ok
map 0x980004000 +0x10000 ... ok
map 0x980084000 +0x8000 ... ok
map 0x990000000 +0x5c000 ... ok
map 0x99005c000 +0xa0000 ... ok
map 0x9900fc000 +0x74000 ... ok
map 0x990170000 +0x8000 ... ok
map 0xf00000000 +0x10000 ... ok
map 0xf00010000 +0x130000 ... ok
map 0xf00140000 +0x10000 ... ok
map 0xf01140000 +0x10000 ... ok
map 0xf01150000 +0x10000 ... ok
map 0xf01160000 +0x10000 ... ok
map 0xf01170000 +0x10000 ... ok
map 0xf01180000 +0x10000 ... ok
map 0xf01190000 +0x10000 ... ok
map 0xf011a0000 +0x10000 ... ok
map 0xf011b0000 +0x10000 ... ok
map 0xf011c0000 +0x10000 ... ok
map 0xf011d0000 +0x10000 ... ok
map 0xf011e0000 +0x10000 ... ok
map 0xf011f0000 +0x10000 ... ok
map 0xf01200000 +0x10000 ... ok
map 0xf01210000 +0x10000 ... ok
map 0xf01220000 +0x10000 ... ok
map 0xf01230000 +0x10000 ... ok
map 0xf01240000 +0x10000 ... ok
map 0xf01250000 +0x10000 ... ok
map 0xf01260000 +0x10000 ... ok
map 0xf01270000 +0x10000 ... ok
map 0xf01280000 +0x10000 ... ok
map 0xf01290000 +0x10000 ... ok
map 0xf012a0000 +0x10000 ... ok
map 0xf012b0000 +0x10000 ... ok
map 0xf012c0000 +0x10000 ... ok
map 0xf012d0000 +0x10000 ... ok
map 0xf012e0000 +0x10000 ... ok
map 0xf012f0000 +0x10000 ... ok
map 0xf01300000 +0x10000 ... ok
map 0xfe0000000 +0x204000 ... ok
map 0xfe0300000 +0x10000 ... ok
map 0xfe03b0000 +0x20000 ... ok
submit #0 cc 3 dwords at 0x7efdf28e4: pass 0 rewrite 1 drop 0 unmapped 0 cc 1 mappings 198 ... OK rc 0 2.40 ms
submit #1 hib 150 dwords at 0xfe0000000: pass 0 rewrite 2 drop 14 unmapped 0 cc 2 mappings 198 ... OK rc 0 2.41 ms
submit #2 hib 2 dwords at 0xfe003a200: pass 1 rewrite 0 drop 0 unmapped 0 cc 0 mappings 198 ... OK rc 0 2.33 ms
map 0x200070000 +0x10000 ... ok
map 0x2001e0000 +0x10000 ... ok
map 0x2001f0000 +0x4000 ... ok
map 0x2001f4000 +0x4000 ... ok
map 0x2001f8000 +0x10000 ... ok
map 0x200208000 +0x10000 ... ok
map 0x200218000 +0x10000 ... ok
map 0x200228000 +0x10000 ... ok
map 0x200238000 +0xc000 ... ok
map 0x300a48000 +0x10000 ... ok
map 0x301690000 +0x10000 ... ok
map 0x302ac0000 +0xd0000 ... ok
map 0x303540000 +0x10000 ... ok
map 0x303980000 +0x10000 ... ok
map 0x303bd0000 +0x20000 ... ok
map 0x308450000 +0x10000 ... ok
map 0x311970000 +0x20000 ... ok
map 0x311990000 +0x30000 ... ok
map 0x313b68000 +0x10000 ... ok
map 0x314368000 +0x4000 ... ok
map 0x314370000 +0x14000 ... ok
map 0x314388000 +0x150000 ... ok
map 0x3144d8000 +0x20000 ... ok
map 0x3144f8000 +0x10000 ... ok
map 0x314508000 +0x10000 ... ok
map 0x314518000 +0x540000 ... ok
map 0x314a58000 +0x40000 ... ok
map 0x314a98000 +0x30000 ... ok
map 0x314ac8000 +0x20000 ... ok
map 0x314ae8000 +0x20000 ... ok
map 0x314b08000 +0x10000 ... ok
map 0x314b18000 +0x10000 ... ok
map 0x314b28000 +0x10000 ... ok
map 0x314b38000 +0x140000 ... ok
map 0x314c78000 +0x40000 ... ok
map 0x314cb8000 +0x40000 ... ok
map 0x314cf8000 +0x40000 ... ok
map 0x314d38000 +0x20000 ... ok
map 0x314d58000 +0x10000 ... ok
map 0x314d68000 +0x10000 ... ok
map 0x314d78000 +0x10000 ... ok
map 0x314d88000 +0x10000 ... ok
map 0x314d98000 +0x150000 ... ok
map 0x314ee8000 +0x40000 ... ok
map 0x314f28000 +0x40000 ... ok
map 0x314f68000 +0x30000 ... ok
map 0x314f98000 +0x20000 ... ok
map 0x314fb8000 +0x20000 ... ok
map 0x314fd8000 +0x10000 ... ok
map 0x314fe8000 +0x10000 ... ok
map 0x314ff8000 +0x10000 ... ok
map 0x315008000 +0x140000 ... ok
map 0x315148000 +0x40000 ... ok
map 0x315188000 +0x40000 ... ok
map 0x3151c8000 +0x40000 ... ok
map 0x315208000 +0x20000 ... ok
map 0x315228000 +0x10000 ... ok
map 0x315238000 +0x10000 ... ok
map 0x315248000 +0x10000 ... ok
map 0x315258000 +0x10000 ... ok
map 0x315268000 +0x150000 ... ok
map 0x3153b8000 +0x70000 ... ok
map 0x315428000 +0x10000 ... ok
map 0x315438000 +0x20000 ... ok
map 0x315458000 +0x20000 ... ok
map 0x315478000 +0x30000 ... ok
map 0x3154a8000 +0x10000 ... ok
map 0x3154d8000 +0x10000 ... ok
map 0x315518000 +0x10000 ... ok
map 0x315558000 +0x10000 ... ok
map 0x315598000 +0x10000 ... ok
map 0x3155d8000 +0x10000 ... ok
map 0x315618000 +0x10000 ... ok
map 0x315628000 +0x10000 ... ok
map 0x315668000 +0x10000 ... ok
map 0x315678000 +0x10000 ... ok
map 0x315688000 +0x20000 ... ok
map 0x3156a8000 +0x20000 ... ok
map 0x3156c8000 +0x40000 ... ok
map 0x315708000 +0x10000 ... ok
map 0x315718000 +0x50000 ... ok
map 0x315768000 +0x10000 ... ok
map 0x315778000 +0x10000 ... ok
map 0x315788000 +0xc000 ... ok
map 0x315b88000 +0x14000 ... ok
map 0x315f90000 +0x20000 ... ok
map 0x315fe0000 +0x4000 ... ok
map 0x315fe8000 +0xa9f8000 ... ok
map 0x320a14000 +0x30000 ... ok
map 0x321234000 +0x18000 ... ok
map 0x321280000 +0x60000 ... ok
map 0x3212e0000 +0xc4c000 ... ok
map 0x321f30000 +0x20d0000 ... ok
map 0x3240f0000 +0x3a0000 ... ok
map 0x324580000 +0x7c000 ... ok
map 0x324670000 +0x330000 ... ok
map 0x3249a0000 +0x10000 ... ok
map 0x37dff0000 +0x8000 ... ok
map 0x401b70000 +0x10000 ... ok
map 0x403670000 +0x10000 ... ok
map 0x403680000 +0x60000 ... ok
map 0x500530000 +0x320000 ... ok
map 0x502700000 +0x10000 ... ok
map 0x502df0000 +0x20000 ... ok
map 0x503c00000 +0x10000 ... ok
map 0x5042f0000 +0x20000 ... ok
map 0x504e00000 +0x10000 ... ok
map 0x5051f0000 +0x20000 ... ok
map 0x505a00000 +0x10000 ... ok
map 0x505df0000 +0x20000 ... ok
map 0x506800000 +0x10000 ... ok
map 0x506df0000 +0x20000 ... ok
map 0x50cc30000 +0x10000 ... ok
map 0x55b400000 +0x10000 ... ok
map 0x55c000000 +0x10000 ... ok
map 0x56d860000 +0x10000 ... ok
map 0x56d870000 +0x10000 ... ok
map 0x56d8c0000 +0x10000 ... ok
map 0x56d930000 +0x10000 ... ok
map 0x56d990000 +0x10000 ... ok
map 0x56d9a0000 +0x10000 ... ok
map 0x56d9b0000 +0x10000 ... ok
map 0x56d9c0000 +0x10000 ... ok
map 0x56dda0000 +0x10000 ... ok
map 0x56e240000 +0x10000 ... ok
map 0x56e250000 +0x10000 ... ok
map 0x56e260000 +0x10000 ... ok
map 0x56e270000 +0x10000 ... ok
map 0x56e650000 +0x10000 ... ok
map 0x56ed50000 +0x20000 ... ok
map 0x56f790000 +0x60000 ... ok
map 0x56f9e0000 +0x10000 ... ok
map 0x5705e0000 +0x10000 ... ok
map 0x5707e0000 +0x10000 ... ok
map 0x5707f0000 +0x10000 ... ok
map 0x570a90000 +0x10000 ... ok
map 0x570b50000 +0x20000 ... ok
map 0x570b70000 +0x10000 ... ok
map 0x570f40000 +0x30000 ... ok
map 0x571450000 +0x30000 ... ok
map 0x571480000 +0x10000 ... ok
map 0x571940000 +0x10000 ... ok
map 0x571a60000 +0x20000 ... ok
map 0x571a80000 +0x10000 ... ok
map 0x579800000 +0x10000 ... ok
map 0x600000000 +0x10000 ... ok
map 0x607ff0000 +0x10000 ... ok
map 0x7ea6a0000 +0x500000 ... ok
map 0x7eaba4000 +0x500000 ... ok
map 0x7eb0a8000 +0x500000 ... ok
map 0x7eb5ac000 +0x500000 ... ok
map 0x7ebab0000 +0x500000 ... ok
map 0x7ebfb4000 +0x500000 ... ok
map 0x7ec4b8000 +0x500000 ... ok
map 0x7ec9bc000 +0x500000 ... ok
map 0x7ecec0000 +0x500000 ... ok
map 0x7ed3c4000 +0x500000 ... ok
map 0x7ed8c8000 +0x500000 ... ok
map 0x7eddcc000 +0x200000 ... ok
map 0x7edfd0000 +0x200000 ... ok
map 0x7ee1d4000 +0x200000 ... ok
map 0x7ee3d8000 +0x120000 ... ok
map 0x7ee4fc000 +0x120000 ... ok
map 0x7ee620000 +0x120000 ... ok
map 0x7ee744000 +0x120000 ... ok
map 0x7ee868000 +0x120000 ... ok
map 0x7ee98c000 +0x120000 ... ok
map 0x7eeab0000 +0x120000 ... ok
map 0x7eebd4000 +0x200000 ... ok
map 0x7eedd8000 +0x200000 ... ok
map 0x7eefdc000 +0x200000 ... ok
map 0x7ef1e0000 +0x200000 ... ok
map 0x7ef3e4000 +0x200000 ... ok
map 0x7ef5e8000 +0x200000 ... ok
map 0x7ef7ec000 +0x200000 ... ok
map 0x7ef9f0000 +0x200000 ... ok
map 0x90f220000 +0x30000 ... ok
map 0x1000000000 +0x440000 ... ok
map 0x1054e00000 +0x1ae0000 ... ok
map 0x10ea000000 +0x60000 ... ok
map 0x10ea060000 +0x60000 ... ok
map 0x10ea0c0000 +0x20000 ... ok
map 0x10ea0e0000 +0x160000 ... ok
map 0x10ea240000 +0xb0000 ... ok
map 0x10ea2f0000 +0xac0000 ... ok
map 0x10eadb0000 +0x60000 ... ok
map 0x10eae10000 +0x20000 ... ok
map 0x10eae30000 +0x11f0000 ... ok
submit #3 cc 3 dwords at 0x313b17cd4: pass 0 rewrite 1 drop 0 unmapped 0 cc 1 mappings 386 ... OK rc 0 4.58 ms
submit #4 hib 150 dwords at 0xfe0000000: pass 0 rewrite 2 drop 14 unmapped 0 cc 2 mappings 386 ... OK rc 0 4.57 ms
submit #5 hib 2 dwords at 0xfe003a200: pass 1 rewrite 0 drop 0 unmapped 0 cc 0 mappings 386 ... OK rc 0 4.50 ms
submit #6 cc 3 dwords at 0x313b17cf4: pass 0 rewrite 1 drop 0 unmapped 0 cc 1 mappings 386 ... OK rc 0 4.51 ms
submit #7 hib 150 dwords at 0xfe0000000: pass 0 rewrite 2 drop 14 unmapped 0 cc 2 mappings 386 ... OK rc 0 4.52 ms
submit #8 hib 2 dwords at 0xfe003a200: pass 1 rewrite 0 drop 0 unmapped 0 cc 0 mappings 386 ... OK rc 0 4.53 ms
map 0x200244000 +0x4000 ... ok
map 0x200248000 +0x10000 ... ok
map 0x300e70000 +0x10000 ... ok
map 0x3249b0000 +0x100000 ... ok
map 0x5034f0000 +0x20000 ... ok
map 0x5049f0000 +0x20000 ... ok
map 0x5055f0000 +0x20000 ... ok
map 0x5061f0000 +0x20000 ... ok
map 0x5073f0000 +0x10000 ... ok
map 0x50e430000 +0x10000 ... ok
submit #9 cc 3 dwords at 0x313b17cf4: pass 0 rewrite 1 drop 0 unmapped 0 cc 1 mappings 396 ... OK rc 0 5.61 ms
submit #10 hib 150 dwords at 0xfe0000000: pass 0 rewrite 2 drop 14 unmapped 0 cc 2 mappings 396 ... OK rc 0 5.41 ms
submit #11 hib 2 dwords at 0xfe003a200: pass 1 rewrite 0 drop 0 unmapped 0 cc 0 mappings 396 ... OK rc 0 7.24 ms
map 0x301488000 +0x10000 ... ok
map 0x324ab0000 +0x40000 ... ok
map 0x324be0000 +0x140000 ... ok
map 0x5026f0000 +0x10000 ... ok
map 0x503bf0000 +0x10000 ... ok
map 0x504df0000 +0x10000 ... ok
map 0x5059f0000 +0x10000 ... ok
map 0x5067f0000 +0x10000 ... ok
map 0x50b430000 +0x10000 ... ok
submit #12 cc 3 dwords at 0x313b17cf4: pass 0 rewrite 1 drop 0 unmapped 0 cc 1 mappings 405 ... OK rc 0 7.31 ms
submit #13 hib 150 dwords at 0xfe0000000: pass 0 rewrite 2 drop 14 unmapped 0 cc 2 mappings 405 ... OK rc 0 7.15 ms
submit #14 hib 2 dwords at 0xfe003a200: pass 1 rewrite 0 drop 0 unmapped 0 cc 0 mappings 405 ... OK rc 0 7.19 ms
map 0x200258000 +0x10000 ... ok
map 0x200268000 +0x10000 ... ok
map 0x200278000 +0xc000 ... ok
map 0x301ad0000 +0x10000 ... ok
map 0x324d50000 +0x20000 ... ok
map 0x324da0000 +0x10000 ... ok
map 0x324de0000 +0x10000 ... ok
map 0x324e20000 +0x10000 ... ok
map 0x324e60000 +0x10000 ... ok
map 0x324ea0000 +0x10000 ... ok
map 0x324ee0000 +0x20000 ... ok
map 0x324f00000 +0x10000 ... ok
map 0x324f10000 +0x10000 ... ok
map 0x324f20000 +0x10000 ... ok
map 0x324f30000 +0x10000 ... ok
map 0x324f40000 +0x10000 ... ok
map 0x324f50000 +0x10000 ... ok
map 0x324f60000 +0x10000 ... ok
map 0x324f70000 +0x10000 ... ok
map 0x324f80000 +0x10000 ... ok
map 0x324f90000 +0x10000 ... ok
map 0x324fa0000 +0x10000 ... ok
map 0x324fb0000 +0x10000 ... ok
map 0x324fc0000 +0x10000 ... ok
map 0x324fd0000 +0x10000 ... ok
map 0x324fe0000 +0x10000 ... ok
map 0x324ff0000 +0x10000 ... ok
map 0x325000000 +0x10000 ... ok
map 0x325010000 +0x10000 ... ok
map 0x325020000 +0xd60000 ... ok
map 0x325e50000 +0x10000 ... ok
map 0x325e60000 +0x10000 ... ok
map 0x325e80000 +0x130000 ... ok
map 0x326030000 +0x130000 ... ok
map 0x326160000 +0x50000 ... ok
map 0x3261b0000 +0x10000 ... ok
map 0x3261c0000 +0x3b0000 ... ok
map 0x326650000 +0x10000 ... ok
map 0x326730000 +0x10000 ... ok
map 0x326820000 +0x90000 ... ok
map 0x3268b0000 +0x10000 ... ok
map 0x3268c0000 +0x40000 ... ok
map 0x326900000 +0x10000 ... ok
map 0x326910000 +0x10000 ... ok
map 0x326920000 +0x10000 ... ok
map 0x326930000 +0x10000 ... ok
map 0x326940000 +0x10000 ... ok
map 0x326950000 +0x10000 ... ok
map 0x326960000 +0x10000 ... ok
map 0x326970000 +0x10000 ... ok
map 0x326980000 +0x10000 ... ok
map 0x326990000 +0x10000 ... ok
map 0x3269a0000 +0x10000 ... ok
map 0x3269b0000 +0x10000 ... ok
map 0x3269c0000 +0x10000 ... ok
map 0x3269d0000 +0x10000 ... ok
map 0x3269e0000 +0x10000 ... ok
map 0x3269f0000 +0x10000 ... ok
map 0x326a00000 +0x10000 ... ok
map 0x326a10000 +0x10000 ... ok
map 0x326a20000 +0x10000 ... ok
map 0x326a30000 +0x10000 ... ok
map 0x326a40000 +0x10000 ... ok
map 0x326a50000 +0x50000 ... ok
map 0x326aa0000 +0x10000 ... ok
map 0x326ab0000 +0x20000 ... ok
map 0x326ad0000 +0x10000 ... ok
map 0x326ae0000 +0x40000 ... ok
map 0x326b20000 +0x30000 ... ok
map 0x326b50000 +0x80000 ... ok
map 0x326bd0000 +0x10000 ... ok
map 0x326be0000 +0x30000 ... ok
map 0x326c10000 +0x40000 ... ok
map 0x326c50000 +0x40000 ... ok
map 0x326c90000 +0x20000 ... ok
map 0x326cb0000 +0x10000 ... ok
map 0x326cc0000 +0x70000 ... ok
map 0x326d30000 +0x80000 ... ok
map 0x326db0000 +0x10000 ... ok
map 0x326dc0000 +0x20000 ... ok
map 0x326de0000 +0x10000 ... ok
map 0x326df0000 +0x40000 ... ok
map 0x326e30000 +0x30000 ... ok
map 0x326e60000 +0x10000 ... ok
map 0x326e70000 +0x30000 ... ok
map 0x326ea0000 +0x80000 ... ok
map 0x326f20000 +0x70000 ... ok
map 0x326f90000 +0x30000 ... ok
map 0x326fc0000 +0x10000 ... ok
map 0x326fd0000 +0x40000 ... ok
map 0x327010000 +0x30000 ... ok
map 0x327040000 +0x40000 ... ok
map 0x327080000 +0x40000 ... ok
map 0x3270c0000 +0x40000 ... ok
map 0x327100000 +0x80000 ... ok
map 0x327180000 +0x20000 ... ok
map 0x3271a0000 +0x80000 ... ok
map 0x327220000 +0x90000 ... ok
map 0x3273a0000 +0x140000 ... ok
map 0x327510000 +0x20000 ... ok
map 0x327530000 +0x10000 ... ok
map 0x327540000 +0x10000 ... ok
map 0x327550000 +0x10000 ... ok
map 0x327560000 +0x10000 ... ok
map 0x327570000 +0x10000 ... ok
map 0x327580000 +0x10000 ... ok
map 0x327590000 +0x10000 ... ok
map 0x3275a0000 +0x10000 ... ok
map 0x3275b0000 +0x10000 ... ok
map 0x3275c0000 +0x10000 ... ok
map 0x3275d0000 +0x10000 ... ok
map 0x3275e0000 +0x10000 ... ok
map 0x3275f0000 +0x10000 ... ok
map 0x327600000 +0x10000 ... ok
map 0x327610000 +0x10000 ... ok
map 0x327620000 +0x10000 ... ok
map 0x327630000 +0x10000 ... ok
map 0x327640000 +0x10000 ... ok
map 0x327650000 +0x10000 ... ok
map 0x327660000 +0xd70000 ... ok
map 0x328490000 +0x10000 ... ok
map 0x3284a0000 +0x10000 ... ok
map 0x3284c0000 +0x130000 ... ok
map 0x328670000 +0x140000 ... ok
map 0x3287b0000 +0x40000 ... ok
map 0x3287f0000 +0x10000 ... ok
map 0x328800000 +0x10000 ... ok
map 0x328810000 +0x3a0000 ... ok
map 0x328c90000 +0x10000 ... ok
map 0x328d80000 +0x10000 ... ok
map 0x328e60000 +0x90000 ... ok
map 0x328ef0000 +0x30000 ... ok
map 0x328f20000 +0x10000 ... ok
map 0x328f30000 +0x20000 ... ok
map 0x328f50000 +0x10000 ... ok
map 0x328f60000 +0x10000 ... ok
map 0x328f70000 +0x10000 ... ok
map 0x328f80000 +0x10000 ... ok
map 0x328f90000 +0x10000 ... ok
map 0x328fa0000 +0x10000 ... ok
map 0x328fb0000 +0x10000 ... ok
map 0x328fc0000 +0x10000 ... ok
map 0x328fd0000 +0x10000 ... ok
map 0x328fe0000 +0x10000 ... ok
map 0x328ff0000 +0x10000 ... ok
map 0x329000000 +0x10000 ... ok
map 0x329010000 +0x10000 ... ok
map 0x329020000 +0x10000 ... ok
map 0x329030000 +0x10000 ... ok
map 0x329040000 +0x10000 ... ok
map 0x329050000 +0x10000 ... ok
map 0x329060000 +0x10000 ... ok
map 0x329070000 +0x10000 ... ok
map 0x329080000 +0x10000 ... ok
map 0x329090000 +0x50000 ... ok
map 0x3290e0000 +0x10000 ... ok
map 0x3290f0000 +0x30000 ... ok
map 0x329120000 +0x30000 ... ok
map 0x329150000 +0x30000 ... ok
map 0x329180000 +0x10000 ... ok
map 0x329190000 +0x90000 ... ok
map 0x329220000 +0x20000 ... ok
map 0x329240000 +0x80000 ... ok
map 0x3292c0000 +0x40000 ... ok
map 0x329300000 +0x30000 ... ok
map 0x329330000 +0x30000 ... ok
map 0x329360000 +0x90000 ... ok
map 0x3293f0000 +0x10000 ... ok
map 0x329400000 +0x30000 ... ok
map 0x329430000 +0x30000 ... ok
map 0x329460000 +0x40000 ... ok
map 0x3294a0000 +0x80000 ... ok
map 0x329520000 +0x20000 ... ok
map 0x329540000 +0x90000 ... ok
map 0x3295d0000 +0x10000 ... ok
map 0x3295e0000 +0x20000 ... ok
map 0x329600000 +0x10000 ... ok
map 0x329610000 +0x30000 ... ok
map 0x329640000 +0x30000 ... ok
map 0x329670000 +0x10000 ... ok
map 0x329680000 +0x90000 ... ok
map 0x329710000 +0x20000 ... ok
map 0x329730000 +0x40000 ... ok
map 0x329770000 +0x40000 ... ok
map 0x3297b0000 +0x30000 ... ok
map 0x3297e0000 +0x10000 ... ok
map 0x3297f0000 +0x30000 ... ok
map 0x329820000 +0x30000 ... ok
map 0x329850000 +0x40000 ... ok
map 0x329890000 +0x70000 ... ok
map 0x3299f0000 +0x140000 ... ok
map 0x329b60000 +0x20000 ... ok
map 0x329b80000 +0x10000 ... ok
map 0x329b90000 +0x10000 ... ok
map 0x329ba0000 +0x10000 ... ok
map 0x329bb0000 +0x10000 ... ok
map 0x329bc0000 +0x10000 ... ok
map 0x329bd0000 +0x10000 ... ok
map 0x329be0000 +0x10000 ... ok
map 0x329bf0000 +0x10000 ... ok
map 0x329c00000 +0x10000 ... ok
map 0x329c10000 +0x10000 ... ok
map 0x329c20000 +0x10000 ... ok
map 0x329c30000 +0x10000 ... ok
map 0x329c40000 +0x10000 ... ok
map 0x329c50000 +0x10000 ... ok
map 0x329c60000 +0x10000 ... ok
map 0x329c70000 +0x10000 ... ok
map 0x329c80000 +0x10000 ... ok
map 0x329c90000 +0x10000 ... ok
map 0x329ca0000 +0xd70000 ... ok
map 0x32aae0000 +0x10000 ... ok
map 0x32ab10000 +0x130000 ... ok
map 0x32acc0000 +0x130000 ... ok
map 0x32adf0000 +0x40000 ... ok
map 0x32ae30000 +0x10000 ... ok
map 0x32ae40000 +0x10000 ... ok
map 0x32ae50000 +0x3b0000 ... ok
map 0x32b2d0000 +0x10000 ... ok
map 0x32b3c0000 +0x10000 ... ok
map 0x32b4b0000 +0x90000 ... ok
map 0x32b540000 +0x10000 ... ok
map 0x32b550000 +0x50000 ... ok
map 0x32b5a0000 +0x10000 ... ok
map 0x32b5b0000 +0x10000 ... ok
map 0x32b5c0000 +0x10000 ... ok
map 0x32b5d0000 +0x10000 ... ok
map 0x32b5e0000 +0x10000 ... ok
map 0x32b5f0000 +0x10000 ... ok
map 0x32b600000 +0x10000 ... ok
map 0x32b610000 +0x10000 ... ok
map 0x32b620000 +0x10000 ... ok
map 0x32b630000 +0x10000 ... ok
map 0x32b640000 +0x10000 ... ok
map 0x32b650000 +0x10000 ... ok
map 0x32b660000 +0x10000 ... ok
map 0x32b670000 +0x10000 ... ok
map 0x32b680000 +0x10000 ... ok
map 0x32b690000 +0x10000 ... ok
map 0x32b6a0000 +0x10000 ... ok
map 0x32b6b0000 +0x10000 ... ok
map 0x32b6c0000 +0x10000 ... ok
map 0x32b6d0000 +0x10000 ... ok
map 0x32b6e0000 +0x10000 ... ok
map 0x32b6f0000 +0x30000 ... ok
map 0x32b720000 +0x80000 ... ok
map 0x32b7a0000 +0x20000 ... ok
map 0x32b7c0000 +0x10000 ... ok
map 0x32b7d0000 +0x80000 ... ok
map 0x32b850000 +0x70000 ... ok
map 0x32b8c0000 +0x10000 ... ok
map 0x32b8d0000 +0x30000 ... ok
map 0x32b900000 +0x80000 ... ok
map 0x32b980000 +0x30000 ... ok
map 0x32b9b0000 +0xb0000 ... ok
map 0x32ba60000 +0x40000 ... ok
map 0x32baa0000 +0x10000 ... ok
map 0x32bab0000 +0x20000 ... ok
map 0x32bad0000 +0x10000 ... ok
map 0x32bae0000 +0x80000 ... ok
map 0x32bb60000 +0x30000 ... ok
map 0x32bb90000 +0x80000 ... ok
map 0x32bc10000 +0x80000 ... ok
map 0x32bc90000 +0x20000 ... ok
map 0x32bcb0000 +0x10000 ... ok
map 0x32bcc0000 +0x40000 ... ok
map 0x32bd00000 +0x40000 ... ok
map 0x32bd40000 +0x30000 ... ok
map 0x32bd70000 +0x40000 ... ok
map 0x32bdb0000 +0x40000 ... ok
map 0x32bdf0000 +0x80000 ... ok
map 0x32be70000 +0x30000 ... ok
map 0x32bea0000 +0xa0000 ... ok
map 0x32c030000 +0x140000 ... ok
map 0x32c1a0000 +0x20000 ... ok
map 0x32c1c0000 +0x10000 ... ok
map 0x32c1d0000 +0x10000 ... ok
map 0x32c1e0000 +0x10000 ... ok
map 0x32c1f0000 +0x10000 ... ok
map 0x32c200000 +0x10000 ... ok
map 0x32c210000 +0x10000 ... ok
map 0x32c220000 +0x10000 ... ok
map 0x32c230000 +0x10000 ... ok
map 0x32c240000 +0x10000 ... ok
map 0x32c250000 +0x10000 ... ok
map 0x32c260000 +0x10000 ... ok
map 0x32c270000 +0x10000 ... ok
map 0x32c280000 +0x10000 ... ok
map 0x32c290000 +0x10000 ... ok
map 0x32c2a0000 +0x10000 ... ok
map 0x32c2b0000 +0x10000 ... ok
map 0x32c2c0000 +0x10000 ... ok
map 0x32c2d0000 +0x10000 ... ok
map 0x32c2e0000 +0x10000 ... ok
map 0x32c2f0000 +0xd70000 ... ok
map 0x32d120000 +0x10000 ... ok
map 0x32d130000 +0x10000 ... ok
map 0x32d150000 +0x130000 ... ok
map 0x32d300000 +0x150000 ... ok
map 0x32d450000 +0x30000 ... ok
map 0x32d480000 +0x10000 ... ok
map 0x32d490000 +0x10000 ... ok
map 0x32d4a0000 +0x3b0000 ... ok
map 0x32d930000 +0x10000 ... ok
map 0x32da10000 +0x10000 ... ok
map 0x32db00000 +0x90000 ... ok
map 0x32db90000 +0x10000 ... ok
map 0x32dba0000 +0x30000 ... ok
map 0x32dbd0000 +0x20000 ... ok
map 0x32dbf0000 +0x10000 ... ok
map 0x32dc00000 +0x10000 ... ok
map 0x32dc10000 +0x10000 ... ok
map 0x32dc20000 +0x10000 ... ok
map 0x32dc30000 +0x10000 ... ok
map 0x32dc40000 +0x10000 ... ok
map 0x32dc50000 +0x10000 ... ok
map 0x32dc60000 +0x10000 ... ok
map 0x32dc70000 +0x10000 ... ok
map 0x32dc80000 +0x10000 ... ok
map 0x32dc90000 +0x10000 ... ok
map 0x32dca0000 +0x10000 ... ok
map 0x32dcb0000 +0x10000 ... ok
map 0x32dcc0000 +0x10000 ... ok
map 0x32dcd0000 +0x10000 ... ok
map 0x32dce0000 +0x10000 ... ok
map 0x32dcf0000 +0x10000 ... ok
map 0x32dd00000 +0x10000 ... ok
map 0x32dd10000 +0x10000 ... ok
map 0x32dd20000 +0x10000 ... ok
map 0x32dd30000 +0x10000 ... ok
map 0x32dd40000 +0x10000 ... ok
map 0x32dd50000 +0x90000 ... ok
map 0x32dde0000 +0x30000 ... ok
map 0x32de10000 +0x40000 ... ok
map 0x32de50000 +0x40000 ... ok
map 0x32de90000 +0x80000 ... ok
map 0x32df10000 +0x30000 ... ok
map 0x32df40000 +0x80000 ... ok
map 0x32dfc0000 +0x30000 ... ok
map 0x32dff0000 +0x40000 ... ok
map 0x32e030000 +0x30000 ... ok
map 0x32e060000 +0x80000 ... ok
map 0x32e0e0000 +0x20000 ... ok
map 0x32e100000 +0x20000 ... ok
map 0x32e120000 +0x40000 ... ok
map 0x32e160000 +0x40000 ... ok
map 0x32e1a0000 +0x30000 ... ok
map 0x32e1d0000 +0x50000 ... ok
map 0x32e220000 +0x20000 ... ok
map 0x32e240000 +0x90000 ... ok
map 0x32e2d0000 +0x10000 ... ok
map 0x32e2e0000 +0x10000 ... ok
map 0x32e2f0000 +0x20000 ... ok
map 0x32e310000 +0x30000 ... ok
map 0x32e340000 +0x30000 ... ok
map 0x32e370000 +0x10000 ... ok
map 0x32e380000 +0x80000 ... ok
map 0x32e400000 +0x10000 ... ok
map 0x32e410000 +0x30000 ... ok
map 0x32e440000 +0x30000 ... ok
map 0x32e470000 +0x40000 ... ok
map 0x32e4b0000 +0x30000 ... ok
map 0x32e4e0000 +0x50000 ... ok
map 0x32e530000 +0x40000 ... ok
map 0x32e660000 +0x150000 ... ok
map 0x32e7e0000 +0x10000 ... ok
map 0x32e7f0000 +0x10000 ... ok
map 0x32e800000 +0x10000 ... ok
map 0x32e810000 +0x10000 ... ok
map 0x32e820000 +0x10000 ... ok
map 0x32e830000 +0x10000 ... ok
map 0x32e840000 +0x10000 ... ok
map 0x32e850000 +0x10000 ... ok
map 0x32e860000 +0x10000 ... ok
map 0x32e870000 +0x10000 ... ok
map 0x32e880000 +0x10000 ... ok
map 0x32e890000 +0x10000 ... ok
map 0x32e8a0000 +0x10000 ... ok
map 0x32e8b0000 +0x10000 ... ok
map 0x32e8c0000 +0x10000 ... ok
map 0x32e8d0000 +0x10000 ... ok
map 0x32e8e0000 +0x10000 ... ok
map 0x32e8f0000 +0x10000 ... ok
map 0x32e900000 +0x10000 ... ok
map 0x32e910000 +0x10000 ... ok
map 0x32e920000 +0xd70000 ... ok
map 0x32f760000 +0x10000 ... ok
map 0x32f780000 +0x140000 ... ok
map 0x32f940000 +0x170000 ... ok
map 0x32fab0000 +0x10000 ... ok
map 0x32fac0000 +0x10000 ... ok
map 0x32fad0000 +0x3b0000 ... ok
map 0x32ff50000 +0x10000 ... ok
map 0x330040000 +0x10000 ... ok
map 0x330130000 +0x90000 ... ok
map 0x3301c0000 +0x10000 ... ok
map 0x3301d0000 +0x40000 ... ok
map 0x330210000 +0x10000 ... ok
map 0x330220000 +0x10000 ... ok
map 0x330230000 +0x10000 ... ok
map 0x330240000 +0x10000 ... ok
map 0x330250000 +0x10000 ... ok
map 0x330260000 +0x10000 ... ok
map 0x330270000 +0x10000 ... ok
map 0x330280000 +0x10000 ... ok
map 0x330290000 +0x10000 ... ok
map 0x3302a0000 +0x10000 ... ok
map 0x3302b0000 +0x10000 ... ok
map 0x3302c0000 +0x10000 ... ok
map 0x3302d0000 +0x10000 ... ok
map 0x3302e0000 +0x10000 ... ok
map 0x3302f0000 +0x10000 ... ok
map 0x330300000 +0x10000 ... ok
map 0x330310000 +0x10000 ... ok
map 0x330320000 +0x10000 ... ok
map 0x330330000 +0x10000 ... ok
map 0x330340000 +0x10000 ... ok
map 0x330350000 +0x10000 ... ok
map 0x330360000 +0x30000 ... ok
map 0x330390000 +0x30000 ... ok
map 0x3303c0000 +0x30000 ... ok
map 0x3303f0000 +0x10000 ... ok
map 0x330400000 +0x80000 ... ok
map 0x330480000 +0x20000 ... ok
map 0x3304a0000 +0x90000 ... ok
map 0x330530000 +0x70000 ... ok
map 0x3305a0000 +0x30000 ... ok
map 0x3305d0000 +0x10000 ... ok
map 0x3305e0000 +0x90000 ... ok
map 0x330670000 +0x20000 ... ok
map 0x330690000 +0x80000 ... ok
map 0x330710000 +0x30000 ... ok
map 0x330740000 +0x40000 ... ok
map 0x330780000 +0x30000 ... ok
map 0x3307b0000 +0x20000 ... ok
map 0x3307d0000 +0x60000 ... ok
map 0x330830000 +0xb0000 ... ok
map 0x3308e0000 +0x10000 ... ok
map 0x3308f0000 +0x30000 ... ok
map 0x330920000 +0x50000 ... ok
map 0x330970000 +0x20000 ... ok
map 0x330990000 +0x90000 ... ok
map 0x330a20000 +0x20000 ... ok
map 0x330a40000 +0x90000 ... ok
map 0x330ad0000 +0x30000 ... ok
map 0x330b00000 +0x40000 ... ok
map 0x330b40000 +0x10000 ... ok
map 0x330b50000 +0x22f0000 ... ok
map 0x332e40000 +0x10000 ... ok
map 0x332e50000 +0x10000 ... ok
map 0x332e60000 +0x10000 ... ok
map 0x332e70000 +0x9b0000 ... ok
map 0x333820000 +0x180000 ... ok
map 0x500850000 +0x70000 ... ok
map 0x571e70000 +0x10000 ... ok
map 0x7e9a14000 +0x120000 ... ok
map 0x7e9b38000 +0x120000 ... ok
map 0x7e9c5c000 +0x120000 ... ok
map 0x7e9d80000 +0x120000 ... ok
map 0x7e9ea4000 +0x120000 ... ok
map 0x7e9fc8000 +0x120000 ... ok
map 0x7ea0ec000 +0x120000 ... ok
map 0x7ea210000 +0x120000 ... ok
map 0x7ea334000 +0x120000 ... ok
map 0x7ea458000 +0x120000 ... ok
map 0x7ea57c000 +0x120000 ... ok
map 0x1000440000 +0x7ae0000 ... ok
map 0x10568e0000 +0x3b80000 ... ok
map 0x10ca020000 +0x140000 ... ok
map 0x10ec020000 +0x90000 ... ok
map 0x10ec0b0000 +0xf10000 ... ok
map 0x10ecfc0000 +0x20000 ... ok
map 0x10ecfe0000 +0xc890000 ... ok
submit #15 cc 3 dwords at 0x313b17cf4: pass 0 rewrite 1 drop 0 unmapped 0 cc 1 mappings 878 ... OK rc 0 8.25 ms
map 0x302b90000 +0x70000 ... ok
map 0x3119c0000 +0x70000 ... ok
map 0x3339a0000 +0x2f0000 ... ok
map 0x333c90000 +0x20000 ... ok
map 0x333cb0000 +0x240000 ... ok
map 0x333ef0000 +0x10000 ... ok
map 0x5008c0000 +0x10000 ... ok
map 0x1007f20000 +0x70000 ... ok
map 0x10ca160000 +0x20000 ... ok
map 0x10f9870000 +0x920000 ... ok
submit #16 hib 150 dwords at 0xfe0000000: pass 0 rewrite 2 drop 14 unmapped 0 cc 2 mappings 888 ... OK rc 0 12.64 ms
submit #17 hib 2 dwords at 0xfe003a200: pass 1 rewrite 0 drop 0 unmapped 0 cc 0 mappings 888 ... OK rc 0 9.67 ms
map 0x301ae0000 +0x30000 ... ok
map 0x303550000 +0x10000 ... ok
map 0x303990000 +0x10000 ... ok
map 0x308460000 +0x70000 ... ok
map 0x311a30000 +0x4c0000 ... ok
map 0x333f00000 +0xdd0000 ... ok
map 0x334cd0000 +0x10000 ... ok
map 0x334ce0000 +0x10000 ... ok
map 0x334cf0000 +0x1d0000 ... ok
map 0x334ec0000 +0x10000 ... ok
map 0x5008d0000 +0xa0000 ... ok
map 0x1007f90000 +0x47d0000 ... ok
map 0x105a460000 +0x2320000 ... ok
map 0x10ca180000 +0x1a0000 ... ok
map 0x10fa190000 +0x1c2a0000 ... ok
submit #18 cc 3 dwords at 0x313b17cf4: pass 0 rewrite 1 drop 0 unmapped 0 cc 1 mappings 903 ... OK rc 0 10.93 ms
map 0x334ed0000 +0x60000 ... ok
map 0x100c760000 +0x10000 ... ok
map 0x1116430000 +0x80000 ... ok
submit #19 hib 150 dwords at 0xfe0000000: pass 0 rewrite 2 drop 14 unmapped 0 cc 2 mappings 906 ... OK rc 0 10.96 ms
submit #20 hib 2 dwords at 0xfe003a200: pass 1 rewrite 0 drop 0 unmapped 0 cc 0 mappings 906 ... OK rc 0 10.96 ms
map 0x334f30000 +0x420000 ... ok
map 0x500970000 +0x10000 ... ok
map 0x100c770000 +0xc10000 ... ok
map 0x105c780000 +0xe70000 ... ok
map 0x10ca320000 +0x80000 ... ok
map 0x11164b0000 +0x1350000 ... ok
map 0x1117800000 +0x2ac0000 ... ok
submit #21 cc 3 dwords at 0x313b17cf4: pass 0 rewrite 1 drop 0 unmapped 0 cc 1 mappings 913 ... OK rc 0 11.56 ms
submit #22 hib 150 dwords at 0xfe0000000: pass 0 rewrite 2 drop 14 unmapped 0 cc 2 mappings 913 ... OK rc 0 11.55 ms
submit #23 hib 2 dwords at 0xfe003a200: pass 1 rewrite 0 drop 0 unmapped 0 cc 0 mappings 913 ... OK rc 0 11.50 ms
submit #24 cc 3 dwords at 0x313b17cf4: pass 0 rewrite 1 drop 0 unmapped 0 cc 1 mappings 913 ... OK rc 0 11.54 ms
map 0x335350000 +0x20000 ... ok
submit #25 hib 150 dwords at 0xfe0000000: pass 0 rewrite 2 drop 14 unmapped 0 cc 2 mappings 914 ... OK rc 0 11.59 ms
submit #26 hib 2 dwords at 0xfe003a200: pass 1 rewrite 0 drop 0 unmapped 0 cc 0 mappings 914 ... OK rc 0 11.45 ms
map 0x300c68000 +0x10000 ... ok
submit #27 cc 3 dwords at 0x313b17cf4: pass 0 rewrite 1 drop 0 unmapped 0 cc 1 mappings 915 ... OK rc 0 11.56 ms
submit #28 hib 150 dwords at 0xfe0000000: pass 0 rewrite 2 drop 14 unmapped 0 cc 2 mappings 915 ... OK rc 0 11.48 ms
submit #29 hib 2 dwords at 0xfe003a200: pass 1 rewrite 0 drop 0 unmapped 0 cc 0 mappings 915 ... OK rc 0 11.51 ms
unmap 0x334f30000 +0x420000 (no longer rw anonymous) ... ok
map 0x200284000 +0x4000 ... ok
map 0x334f30000 +0x404000 ... ok
map 0x335338000 +0x18000 ... ok
map 0x335370000 +0x8000 ... ok
map 0x335378000 +0x10000 ... ok
map 0x37dfe8000 +0x8000 ... ok
submit #30 cc 3 dwords at 0x313b17cf4: pass 0 rewrite 1 drop 0 unmapped 0 cc 1 mappings 920 ... OK rc 0 11.52 ms
submit #31 hib 150 dwords at 0xfe0000000: pass 0 rewrite 2 drop 14 unmapped 0 cc 2 mappings 920 ... OK rc 0 11.49 ms
submit #32 hib 2 dwords at 0xfe003a200: pass 1 rewrite 0 drop 0 unmapped 0 cc 0 mappings 920 ... OK rc 0 11.47 ms
map 0x304200000 +0x10000 ... ok
map 0x335388000 +0x70000 ... ok
map 0x100d380000 +0x50000 ... ok
submit #33 cc 3 dwords at 0x313b17cf4: pass 0 rewrite 1 drop 0 unmapped 0 cc 1 mappings 923 ... OK rc 0 11.50 ms
submit #34 hib 150 dwords at 0xfe0000000: pass 0 rewrite 2 drop 14 unmapped 0 cc 2 mappings 923 ... OK rc 0 11.50 ms
submit #35 hib 2 dwords at 0xfe003a200: pass 1 rewrite 0 drop 0 unmapped 0 cc 0 mappings 923 ... OK rc 0 11.41 ms
map 0x301b10000 +0x50000 ... ok
map 0x302230000 +0x10000 ... ok
map 0x3353f8000 +0x1a0000 ... ok
map 0x335598000 +0x120000 ... ok
map 0x4036e0000 +0x320000 ... ok
map 0x500980000 +0x10000 ... ok
map 0x100d3d0000 +0x1060000 ... ok
map 0x10ca3a0000 +0x60000 ... ok
map 0x111a2c0000 +0xcb0000 ... ok
map 0x111af70000 +0x800000 ... ok
submit #36 cc 3 dwords at 0x313b17cf4: pass 0 rewrite 1 drop 0 unmapped 0 cc 1 mappings 933 ... OK rc 0 11.64 ms
submit #37 hib 150 dwords at 0xfe0000000: pass 0 rewrite 2 drop 14 unmapped 0 cc 2 mappings 933 ... OK rc 0 11.72 ms
submit #38 hib 2 dwords at 0xfe003a200: pass 1 rewrite 0 drop 0 unmapped 0 cc 0 mappings 933 ... OK rc 0 11.62 ms
map 0x100e430000 +0x70000 ... ok
submit #39 cc 3 dwords at 0x313b17cf4: pass 0 rewrite 1 drop 0 unmapped 0 cc 1 mappings 934 ... OK rc 0 11.92 ms
map 0x3356b8000 +0x20000 ... ok
submit #40 hib 150 dwords at 0xfe0000000: pass 0 rewrite 2 drop 14 unmapped 0 cc 2 mappings 935 ... OK rc 0 13.40 ms
submit #41 hib 2 dwords at 0xfe003a200: pass 1 rewrite 0 drop 0 unmapped 0 cc 0 mappings 935 ... OK rc 0 12.23 ms
map 0x302c00000 +0x10000 ... ok
map 0x3356d8000 +0x1f0000 ... ok
map 0x3358c8000 +0x10000 ... ok
map 0x403a00000 +0x10000 ... ok
map 0x100e4a0000 +0x260000 ... ok
map 0x10ca400000 +0xc0000 ... ok
map 0x111b770000 +0x52e0000 ... ok
submit #42 cc 3 dwords at 0x313b17cf4: pass 0 rewrite 1 drop 0 unmapped 0 cc 1 mappings 942 ... OK rc 0 12.20 ms
submit #43 hib 150 dwords at 0xfe0000000: pass 0 rewrite 2 drop 14 unmapped 0 cc 2 mappings 942 ... OK rc 0 12.06 ms
submit #44 hib 2 dwords at 0xfe003a200: pass 1 rewrite 0 drop 0 unmapped 0 cc 0 mappings 942 ... OK rc 0 12.10 ms
map 0x3358d8000 +0x20000 ... ok
map 0x100e700000 +0x50000 ... ok
submit #45 cc 3 dwords at 0x313b17cf4: pass 0 rewrite 1 drop 0 unmapped 0 cc 1 mappings 944 ... OK rc 0 12.32 ms
map 0x3358f8000 +0x10000 ... ok
submit #46 hib 150 dwords at 0xfe0000000: pass 0 rewrite 2 drop 14 unmapped 0 cc 2 mappings 945 ... OK rc 0 14.39 ms
submit #47 hib 2 dwords at 0xfe003a200: pass 1 rewrite 0 drop 0 unmapped 0 cc 0 mappings 945 ... OK rc 0 14.73 ms
map 0x335908000 +0x10000 ... ok
submit #48 cc 3 dwords at 0x313b17cf4: pass 0 rewrite 1 drop 0 unmapped 0 cc 1 mappings 946 ... OK rc 0 12.21 ms
submit #49 hib 150 dwords at 0xfe0000000: pass 0 rewrite 2 drop 14 unmapped 0 cc 2 mappings 946 ... OK rc 0 12.04 ms
submit #50 hib 2 dwords at 0xfe003a200: pass 1 rewrite 0 drop 0 unmapped 0 cc 0 mappings 946 ... OK rc 0 12.02 ms
map 0x335918000 +0x30000 ... ok
submit #51 cc 3 dwords at 0x313b17cf4: pass 0 rewrite 1 drop 0 unmapped 0 cc 1 mappings 947 ... OK rc 0 12.39 ms
submit #52 hib 150 dwords at 0xfe0000000: pass 0 rewrite 2 drop 14 unmapped 0 cc 2 mappings 947 ... OK rc 0 13.23 ms
submit #53 hib 2 dwords at 0xfe003a200: pass 1 rewrite 0 drop 0 unmapped 0 cc 0 mappings 947 ... OK rc 0 12.61 ms
map 0x335948000 +0x10000 ... ok
map 0x403a10000 +0x10000 ... ok
submit #54 cc 3 dwords at 0x313b17cf4: pass 0 rewrite 1 drop 0 unmapped 0 cc 1 mappings 949 ... OK rc 0 12.23 ms
submit #55 hib 150 dwords at 0xfe0000000: pass 0 rewrite 2 drop 14 unmapped 0 cc 2 mappings 949 ... OK rc 0 12.26 ms
submit #56 hib 2 dwords at 0xfe003a200: pass 1 rewrite 0 drop 0 unmapped 0 cc 0 mappings 949 ... OK rc 0 12.22 ms
submit #57 cc 3 dwords at 0x313b17cf4: pass 0 rewrite 1 drop 0 unmapped 0 cc 1 mappings 949 ... OK rc 0 12.60 ms
submit #58 hib 150 dwords at 0xfe0000000: pass 0 rewrite 2 drop 14 unmapped 0 cc 2 mappings 949 ... OK rc 0 12.12 ms
submit #59 hib 2 dwords at 0xfe003a200: pass 1 rewrite 0 drop 0 unmapped 0 cc 0 mappings 949 ... OK rc 0 12.28 ms
map 0x335958000 +0x10000 ... ok
submit #60 cc 3 dwords at 0x313b17cf4: pass 0 rewrite 1 drop 0 unmapped 0 cc 1 mappings 950 ... OK rc 0 12.02 ms
submit #61 hib 150 dwords at 0xfe0000000: pass 0 rewrite 2 drop 14 unmapped 0 cc 2 mappings 950 ... OK rc 0 12.26 ms
submit #62 hib 2 dwords at 0xfe003a200: pass 1 rewrite 0 drop 0 unmapped 0 cc 0 mappings 950 ... OK rc 0 12.00 ms
submit #63 cc 3 dwords at 0x313b17cf4: pass 0 rewrite 1 drop 0 unmapped 0 cc 1 mappings 950 ... OK rc 0 12.13 ms
submit #64 hib 150 dwords at 0xfe0000000: pass 0 rewrite 2 drop 14 unmapped 0 cc 2 mappings 950 ... OK rc 0 12.08 ms
submit #65 hib 2 dwords at 0xfe003a200: pass 1 rewrite 0 drop 0 unmapped 0 cc 0 mappings 950 ... OK rc 0 12.29 ms
map 0x335968000 +0x10000 ... ok
submit #66 cc 3 dwords at 0x313b17cf4: pass 0 rewrite 1 drop 0 unmapped 0 cc 1 mappings 951 ... OK rc 0 12.24 ms
submit #67 hib 150 dwords at 0xfe0000000: pass 0 rewrite 2 drop 14 unmapped 0 cc 2 mappings 951 ... OK rc 0 12.23 ms
submit #68 hib 2 dwords at 0xfe003a200: pass 1 rewrite 0 drop 0 unmapped 0 cc 0 mappings 951 ... OK rc 0 12.07 ms
map 0x400330000 +0x10000 ... ok
submit #69 cc 3 dwords at 0x313b17cf4: pass 0 rewrite 1 drop 0 unmapped 0 cc 1 mappings 952 ... OK rc 0 12.23 ms
submit #70 hib 150 dwords at 0xfe0000000: pass 0 rewrite 2 drop 14 unmapped 0 cc 2 mappings 952 ... OK rc 0 12.09 ms
submit #71 hib 2 dwords at 0xfe003a200: pass 1 rewrite 0 drop 0 unmapped 0 cc 0 mappings 952 ... OK rc 0 12.01 ms
