direct: enabled, stage preamble, cu mask 0xffffffff, bo list with mappings
map 0x200000000 +0x10000 ... ok
map 0x200010000 +0x8000 ... ok
map 0x200018000 +0x10000 ... ok
map 0x200028000 +0x10000 ... ok
map 0x200038000 +0x10000 ... ok
map 0x200048000 +0x10000 ... ok
map 0x200058000 +0x10000 ... ok
map 0x200068000 +0x8000 ... ok
map 0x300000000 +0x934000 ... ok
map 0x300938000 +0x10000 ... ok
map 0x300948000 +0x20000 ... ok
map 0x300a58000 +0x14000 ... ok
map 0x300a70000 +0x14000 ... ok
map 0x300c78000 +0x14000 ... ok
map 0x300e80000 +0x14000 ... ok
map 0x301088000 +0x14000 ... ok
map 0x301290000 +0x14000 ... ok
map 0x301498000 +0x14000 ... ok
map 0x3016a0000 +0x14000 ... ok
map 0x3018a8000 +0x14000 ... ok
map 0x301ab0000 +0x20000 ... ok
map 0x301de0000 +0x10000 ... ok
map 0x301df0000 +0x440000 ... ok
map 0x3022b0000 +0x810000 ... ok
map 0x303530000 +0x10000 ... ok
map 0x303930000 +0x50000 ... ok
map 0x303b70000 +0x30000 ... ok
map 0x303ba0000 +0x10000 ... ok
map 0x303bc0000 +0x10000 ... ok
map 0x303dc0000 +0x40000 ... ok
map 0x3041f0000 +0x10000 ... ok
map 0x3045f0000 +0x20000 ... ok
map 0x304a00000 +0x10000 ... ok
map 0x304e00000 +0x20000 ... ok
map 0x305210000 +0x10000 ... ok
map 0x305610000 +0x20000 ... ok
map 0x305a20000 +0x10000 ... ok
map 0x305e20000 +0x20000 ... ok
map 0x306230000 +0x20000 ... ok
map 0x306640000 +0x10000 ... ok
map 0x306a40000 +0x20000 ... ok
map 0x306e50000 +0x10000 ... ok
map 0x307250000 +0x20000 ... ok
map 0x307660000 +0x10000 ... ok
map 0x307a60000 +0x9f0000 ... ok
map 0x308840000 +0x20000 ... ok
map 0x308870000 +0x10000 ... ok
map 0x308880000 +0x10000 ... ok
map 0x308890000 +0x10000 ... ok
map 0x3088a0000 +0x10000 ... ok
map 0x308b20000 +0x450000 ... ok
map 0x30cb60000 +0x1b30000 ... ok
map 0x30e6a0000 +0x290000 ... ok
map 0x30e940000 +0x10000 ... ok
map 0x30ed40000 +0x20000 ... ok
map 0x30ed70000 +0x1250000 ... ok
map 0x30ffd0000 +0x290000 ... ok
map 0x310270000 +0x10000 ... ok
map 0x310670000 +0x10000 ... ok
map 0x310690000 +0x10000 ... ok
map 0x3106a0000 +0xf0000 ... ok
map 0x310790000 +0xe0000 ... ok
map 0x310870000 +0xf0000 ... ok
map 0x310960000 +0xe0000 ... ok
map 0x310a40000 +0xf0000 ... ok
map 0x310b30000 +0xe0000 ... ok
map 0x310c10000 +0x350000 ... ok
map 0x310f60000 +0x830000 ... ok
map 0x311960000 +0x10000 ... ok
map 0x313010000 +0x30000 ... ok
map 0x313130000 +0x10000 ... ok
map 0x313220000 +0x10000 ... ok
map 0x3132a0000 +0x10000 ... ok
map 0x313320000 +0x10000 ... ok
map 0x3133a0000 +0x10000 ... ok
map 0x313420000 +0x10000 ... ok
map 0x3134a0000 +0x10000 ... ok
map 0x313520000 +0xcc000 ... ok
map 0x3135f0000 +0x14000 ... ok
map 0x313638000 +0x14000 ... ok
map 0x313650000 +0x20000 ... ok
map 0x313680000 +0x4000 ... ok
map 0x313688000 +0x14000 ... ok
map 0x3136a0000 +0x14000 ... ok
map 0x3136b8000 +0x14000 ... ok
map 0x3136d0000 +0x14000 ... ok
map 0x3136e8000 +0x14000 ... ok
map 0x313700000 +0x14000 ... ok
map 0x313b08000 +0x20000 ... ok
map 0x37dff8000 +0x8000 ... ok
map 0x400000000 +0x10000 ... ok
map 0x400200000 +0x10000 ... ok
map 0x400280000 +0x10000 ... ok
map 0x4002a0000 +0x10000 ... ok
map 0x400320000 +0x10000 ... ok
map 0x400340000 +0x10000 ... ok
map 0x4003c0000 +0x10000 ... ok
map 0x4003e0000 +0x10000 ... ok
map 0x400460000 +0x10000 ... ok
map 0x400480000 +0x10000 ... ok
map 0x400500000 +0x10000 ... ok
map 0x400520000 +0x10000 ... ok
map 0x4005a0000 +0x10000 ... ok
map 0x4005c0000 +0x10000 ... ok
map 0x400640000 +0x10000 ... ok
map 0x400660000 +0x10000 ... ok
map 0x4006e0000 +0x10000 ... ok
map 0x400700000 +0x10000 ... ok
map 0x400780000 +0x10000 ... ok
map 0x4007a0000 +0x13b0000 ... ok
map 0x401b50000 +0x10000 ... ok
map 0x40b7f0000 +0x10000 ... ok
map 0x500000000 +0x530000 ... ok
map 0x502000000 +0x10000 ... ok
map 0x507400000 +0x10000 ... ok
map 0x551a50000 +0x10000 ... ok
map 0x553b80000 +0x10000 ... ok
map 0x553be0000 +0x10000 ... ok
map 0x553c00000 +0x10000 ... ok
map 0x553c20000 +0x10000 ... ok
map 0x553c40000 +0x2b20000 ... ok
map 0x556760000 +0x10000 ... ok
map 0x7efbf4000 +0x200000 ... ok
map 0x900000000 +0x74c0000 ... ok
map 0x9074c0000 +0x1420000 ... ok
map 0x9088e0000 +0x580000 ... ok
map 0x908e60000 +0x24000 ... ok
map 0x908ff0000 +0x5e40000 ... ok
map 0x90eea0000 +0x20000 ... ok
map 0x90eec0000 +0x10000 ... ok
map 0x90f270000 +0x10000 ... ok
map 0x90f280000 +0x20000 ... ok
map 0x90f2a0000 +0xe0000 ... ok
map 0x90f380000 +0x168000 ... ok
map 0x90f4e8000 +0xd30000 ... ok
map 0x920000000 +0xcc000 ... ok
map 0x9200cc000 +0x40000 ... ok
map 0x92010c000 +0xc000 ... ok
map 0x920118000 +0x2c000 ... ok
map 0x930000000 +0x3f4000 ... ok
map 0x9303f4000 +0x190000 ... ok
map 0x930584000 +0x4000 ... ok
map 0x930588000 +0x200000 ... ok
map 0x940000000 +0x18000 ... ok
map 0x940018000 +0x10000 ... ok
map 0x940028000 +0x8000 ... ok
map 0x940034000 +0x14000 ... ok
map 0x940048000 +0x10000 ... ok
map 0x950000000 +0xc000 ... ok
map 0x95000c000 +0x10000 ... ok
map 0x95001c000 +0x8000 ... ok
map 0x950024000 +0x4000 ... ok
map 0x960000000 +0x28000 ... ok
map 0x960028000 +0x10000 ... ok
map 0x960038000 +0x10000 ... ok
map 0x971608000 +0x8000 ... ok
map 0x980000000 +0x4000 ... ok
map 0x980004000 +0x10000 ... ok
map 0x980084000 +0x8000 ... ok
map 0x990000000 +0x5c000 ... ok
map 0x99005c000 +0xa0000 ... ok
map 0x9900fc000 +0x74000 ... ok
map 0x990170000 +0x8000 ... ok
map 0xf00000000 +0x10000 ... ok
map 0xf00010000 +0x130000 ... ok
map 0xf00140000 +0x10000 ... ok
map 0xf01140000 +0x10000 ... ok
map 0xf01150000 +0x10000 ... ok
map 0xf01160000 +0x10000 ... ok
map 0xf01170000 +0x10000 ... ok
map 0xf01180000 +0x10000 ... ok
map 0xf01190000 +0x10000 ... ok
map 0xf011a0000 +0x10000 ... ok
map 0xf011b0000 +0x10000 ... ok
map 0xf011c0000 +0x10000 ... ok
map 0xf011d0000 +0x10000 ... ok
map 0xf011e0000 +0x10000 ... ok
map 0xf011f0000 +0x10000 ... ok
map 0xf01200000 +0x10000 ... ok
map 0xf01210000 +0x10000 ... ok
map 0xf01220000 +0x10000 ... ok
map 0xf01230000 +0x10000 ... ok
map 0xf01240000 +0x10000 ... ok
map 0xf01250000 +0x10000 ... ok
map 0xf01260000 +0x10000 ... ok
map 0xf01270000 +0x10000 ... ok
map 0xf01280000 +0x10000 ... ok
map 0xf01290000 +0x10000 ... ok
map 0xf012a0000 +0x10000 ... ok
map 0xf012b0000 +0x10000 ... ok
map 0xf012c0000 +0x10000 ... ok
map 0xf012d0000 +0x10000 ... ok
map 0xf012e0000 +0x10000 ... ok
map 0xf012f0000 +0x10000 ... ok
map 0xf01300000 +0x10000 ... ok
map 0xfe0000000 +0x204000 ... ok
map 0xfe0300000 +0x10000 ... ok
map 0xfe03b0000 +0x20000 ... ok
submit #0 cc 3 dwords at 0x7efdf28e4: pass 0 rewrite 1 drop 0 unmapped 0 cc 1 mappings 198 ... OK rc 0 2.46 ms
submit #1 hib 150 dwords at 0xfe0000000: pass 12 rewrite 2 drop 2 unmapped 0 cc 2 mappings 198 ... OK rc 0 2.45 ms
submit #2 hib 2 dwords at 0xfe003a200: pass 1 rewrite 0 drop 0 unmapped 0 cc 0 mappings 198 ... OK rc 0 2.34 ms
map 0x200070000 +0x10000 ... ok
map 0x2001e0000 +0x10000 ... ok
map 0x2001f0000 +0x4000 ... ok
map 0x2001f4000 +0x4000 ... ok
map 0x2001f8000 +0x10000 ... ok
map 0x200208000 +0x10000 ... ok
map 0x200218000 +0x10000 ... ok
map 0x200228000 +0x10000 ... ok
map 0x200238000 +0x10000 ... ok
map 0x200248000 +0x8000 ... ok
map 0x300a48000 +0x10000 ... ok
map 0x301690000 +0x10000 ... ok
map 0x302ac0000 +0xd0000 ... ok
map 0x303540000 +0x10000 ... ok
map 0x303980000 +0x10000 ... ok
map 0x303bd0000 +0x20000 ... ok
map 0x308450000 +0x10000 ... ok
map 0x311970000 +0x20000 ... ok
map 0x311990000 +0x30000 ... ok
map 0x313b68000 +0x10000 ... ok
map 0x314368000 +0x4000 ... ok
map 0x314370000 +0x14000 ... ok
map 0x314388000 +0x150000 ... ok
map 0x3144d8000 +0x20000 ... ok
map 0x3144f8000 +0x10000 ... ok
map 0x314508000 +0x10000 ... ok
map 0x314518000 +0x540000 ... ok
map 0x314a58000 +0x40000 ... ok
map 0x314a98000 +0x30000 ... ok
map 0x314ac8000 +0x20000 ... ok
map 0x314ae8000 +0x20000 ... ok
map 0x314b08000 +0x10000 ... ok
map 0x314b18000 +0x10000 ... ok
map 0x314b28000 +0x10000 ... ok
map 0x314b38000 +0x140000 ... ok
map 0x314c78000 +0x40000 ... ok
map 0x314cb8000 +0x40000 ... ok
map 0x314cf8000 +0x40000 ... ok
map 0x314d38000 +0x20000 ... ok
map 0x314d58000 +0x10000 ... ok
map 0x314d68000 +0x10000 ... ok
map 0x314d78000 +0x10000 ... ok
map 0x314d88000 +0x10000 ... ok
map 0x314d98000 +0x150000 ... ok
map 0x314ee8000 +0x40000 ... ok
map 0x314f28000 +0x40000 ... ok
map 0x314f68000 +0x30000 ... ok
map 0x314f98000 +0x20000 ... ok
map 0x314fb8000 +0x20000 ... ok
map 0x314fd8000 +0x10000 ... ok
map 0x314fe8000 +0x10000 ... ok
map 0x314ff8000 +0x10000 ... ok
map 0x315008000 +0x140000 ... ok
map 0x315148000 +0x40000 ... ok
map 0x315188000 +0x40000 ... ok
map 0x3151c8000 +0x40000 ... ok
map 0x315208000 +0x20000 ... ok
map 0x315228000 +0x10000 ... ok
map 0x315238000 +0x10000 ... ok
map 0x315248000 +0x10000 ... ok
map 0x315258000 +0x10000 ... ok
map 0x315268000 +0x150000 ... ok
map 0x3153b8000 +0x70000 ... ok
map 0x315428000 +0x10000 ... ok
map 0x315438000 +0x20000 ... ok
map 0x315458000 +0x20000 ... ok
map 0x315478000 +0x30000 ... ok
map 0x3154a8000 +0x10000 ... ok
map 0x3154d8000 +0x10000 ... ok
map 0x315518000 +0x10000 ... ok
map 0x315558000 +0x10000 ... ok
map 0x315598000 +0x10000 ... ok
map 0x3155d8000 +0x10000 ... ok
map 0x315618000 +0x10000 ... ok
map 0x315628000 +0x10000 ... ok
map 0x315668000 +0x10000 ... ok
map 0x315678000 +0x10000 ... ok
map 0x315688000 +0x20000 ... ok
map 0x3156a8000 +0x20000 ... ok
map 0x3156c8000 +0x40000 ... ok
map 0x315708000 +0x10000 ... ok
map 0x315718000 +0x50000 ... ok
map 0x315768000 +0x10000 ... ok
map 0x315778000 +0x10000 ... ok
map 0x315788000 +0xc000 ... ok
map 0x315b88000 +0x14000 ... ok
map 0x315f90000 +0x20000 ... ok
map 0x315fe0000 +0x4000 ... ok
map 0x315fe8000 +0xa9f8000 ... ok
map 0x320a14000 +0x30000 ... ok
map 0x321234000 +0x18000 ... ok
map 0x321280000 +0x60000 ... ok
map 0x3212e0000 +0xc4c000 ... ok
map 0x321f30000 +0x20d0000 ... ok
map 0x3240f0000 +0x3a0000 ... ok
map 0x324580000 +0x7c000 ... ok
map 0x324670000 +0x330000 ... ok
map 0x3249a0000 +0x10000 ... ok
map 0x37dff0000 +0x8000 ... ok
map 0x401b70000 +0x10000 ... ok
map 0x403670000 +0x10000 ... ok
map 0x403680000 +0x60000 ... ok
map 0x500530000 +0x320000 ... ok
map 0x502700000 +0x10000 ... ok
map 0x502df0000 +0x20000 ... ok
map 0x503c00000 +0x10000 ... ok
map 0x5042f0000 +0x20000 ... ok
map 0x504e00000 +0x10000 ... ok
map 0x5051f0000 +0x20000 ... ok
map 0x505a00000 +0x10000 ... ok
map 0x505df0000 +0x20000 ... ok
map 0x506800000 +0x10000 ... ok
map 0x506df0000 +0x20000 ... ok
map 0x50cc30000 +0x10000 ... ok
map 0x55b400000 +0x10000 ... ok
map 0x55c000000 +0x10000 ... ok
map 0x56d860000 +0x10000 ... ok
map 0x56d870000 +0x10000 ... ok
map 0x56d8c0000 +0x10000 ... ok
map 0x56d930000 +0x10000 ... ok
map 0x56d990000 +0x10000 ... ok
map 0x56d9a0000 +0x10000 ... ok
map 0x56d9b0000 +0x10000 ... ok
map 0x56d9c0000 +0x10000 ... ok
map 0x56dda0000 +0x10000 ... ok
map 0x56e240000 +0x10000 ... ok
map 0x56e250000 +0x10000 ... ok
map 0x56e260000 +0x10000 ... ok
map 0x56e270000 +0x10000 ... ok
map 0x56e650000 +0x10000 ... ok
map 0x56ed50000 +0x20000 ... ok
map 0x56f790000 +0x60000 ... ok
map 0x56f9e0000 +0x10000 ... ok
map 0x5705e0000 +0x10000 ... ok
map 0x5707e0000 +0x10000 ... ok
map 0x5707f0000 +0x10000 ... ok
map 0x570a90000 +0x10000 ... ok
map 0x570b50000 +0x20000 ... ok
map 0x570b70000 +0x10000 ... ok
map 0x570f40000 +0x30000 ... ok
map 0x571450000 +0x30000 ... ok
map 0x571480000 +0x10000 ... ok
map 0x571940000 +0x10000 ... ok
map 0x571a60000 +0x20000 ... ok
map 0x571a80000 +0x10000 ... ok
map 0x579800000 +0x10000 ... ok
map 0x600000000 +0x10000 ... ok
map 0x607ff0000 +0x10000 ... ok
map 0x7ea6a0000 +0x500000 ... ok
map 0x7eaba4000 +0x500000 ... ok
map 0x7eb0a8000 +0x500000 ... ok
map 0x7eb5ac000 +0x500000 ... ok
map 0x7ebab0000 +0x500000 ... ok
map 0x7ebfb4000 +0x500000 ... ok
map 0x7ec4b8000 +0x500000 ... ok
map 0x7ec9bc000 +0x500000 ... ok
map 0x7ecec0000 +0x500000 ... ok
map 0x7ed3c4000 +0x500000 ... ok
map 0x7ed8c8000 +0x500000 ... ok
map 0x7eddcc000 +0x200000 ... ok
map 0x7edfd0000 +0x200000 ... ok
map 0x7ee1d4000 +0x200000 ... ok
map 0x7ee3d8000 +0x120000 ... ok
map 0x7ee4fc000 +0x120000 ... ok
map 0x7ee620000 +0x120000 ... ok
map 0x7ee744000 +0x120000 ... ok
map 0x7ee868000 +0x120000 ... ok
map 0x7ee98c000 +0x120000 ... ok
map 0x7eeab0000 +0x120000 ... ok
map 0x7eebd4000 +0x200000 ... ok
map 0x7eedd8000 +0x200000 ... ok
map 0x7eefdc000 +0x200000 ... ok
map 0x7ef1e0000 +0x200000 ... ok
map 0x7ef3e4000 +0x200000 ... ok
map 0x7ef5e8000 +0x200000 ... ok
map 0x7ef7ec000 +0x200000 ... ok
map 0x7ef9f0000 +0x200000 ... ok
map 0x90f220000 +0x30000 ... ok
map 0x1000000000 +0x440000 ... ok
map 0x1054e00000 +0x1ae0000 ... ok
map 0x10ea000000 +0x60000 ... ok
map 0x10ea060000 +0x60000 ... ok
map 0x10ea0c0000 +0x20000 ... ok
map 0x10ea0e0000 +0x160000 ... ok
map 0x10ea240000 +0xb0000 ... ok
map 0x10ea2f0000 +0xac0000 ... ok
map 0x10eadb0000 +0x60000 ... ok
map 0x10eae10000 +0x20000 ... ok
map 0x10eae30000 +0x11f0000 ... ok
submit #3 cc 3 dwords at 0x313b17cd4: pass 0 rewrite 1 drop 0 unmapped 0 cc 1 mappings 387 ... OK rc 0 4.57 ms
submit #4 hib 150 dwords at 0xfe0000000: pass 12 rewrite 2 drop 2 unmapped 0 cc 2 mappings 387 ... OK rc 0 4.66 ms
submit #5 hib 2 dwords at 0xfe003a200: pass 1 rewrite 0 drop 0 unmapped 0 cc 0 mappings 387 ... OK rc 0 4.53 ms
submit #6 cc 3 dwords at 0x313b17cf4: pass 0 rewrite 1 drop 0 unmapped 0 cc 1 mappings 387 ... OK rc 0 4.96 ms
submit #7 hib 150 dwords at 0xfe0000000: pass 12 rewrite 2 drop 2 unmapped 0 cc 2 mappings 387 ... OK rc 0 4.53 ms
submit #8 hib 2 dwords at 0xfe003a200: pass 1 rewrite 0 drop 0 unmapped 0 cc 0 mappings 387 ... OK rc 0 4.55 ms
map 0x301aa0000 +0x10000 ... ok
map 0x3249b0000 +0xd0000 ... ok
map 0x5034f0000 +0x20000 ... ok
map 0x5049f0000 +0x20000 ... ok
map 0x5055f0000 +0x20000 ... ok
map 0x5061f0000 +0x20000 ... ok
map 0x5073f0000 +0x10000 ... ok
map 0x50e430000 +0x10000 ... ok
submit #9 cc 3 dwords at 0x313b17cf4: pass 0 rewrite 1 drop 0 unmapped 0 cc 1 mappings 395 ... OK rc 0 7.03 ms
submit #10 hib 150 dwords at 0xfe0000000: pass 12 rewrite 2 drop 2 unmapped 0 cc 2 mappings 395 ... OK rc 0 5.80 ms
submit #11 hib 2 dwords at 0xfe003a200: pass 1 rewrite 0 drop 0 unmapped 0 cc 0 mappings 395 ... OK rc 0 5.64 ms
map 0x200250000 +0x8000 ... ok
map 0x301488000 +0x10000 ... ok
map 0x324a80000 +0x40000 ... ok
map 0x324bb0000 +0x130000 ... ok
map 0x324d10000 +0x10000 ... ok
map 0x324d20000 +0x10000 ... ok
map 0x324d60000 +0x10000 ... ok
map 0x324da0000 +0x10000 ... ok
map 0x324de0000 +0x10000 ... ok
map 0x324e20000 +0x10000 ... ok
map 0x324e60000 +0x10000 ... ok
map 0x324ea0000 +0x10000 ... ok
map 0x324eb0000 +0x10000 ... ok
map 0x324ec0000 +0x10000 ... ok
map 0x324ed0000 +0x10000 ... ok
map 0x324ee0000 +0x10000 ... ok
map 0x324ef0000 +0x10000 ... ok
map 0x324f00000 +0x10000 ... ok
map 0x324f10000 +0x10000 ... ok
map 0x324f20000 +0x10000 ... ok
map 0x324f30000 +0x10000 ... ok
map 0x324f40000 +0x10000 ... ok
map 0x324f50000 +0x10000 ... ok
map 0x324f60000 +0x10000 ... ok
map 0x324f70000 +0x10000 ... ok
map 0x324f80000 +0x10000 ... ok
map 0x324f90000 +0x10000 ... ok
map 0x324fa0000 +0x10000 ... ok
map 0x324fb0000 +0x10000 ... ok
map 0x324fc0000 +0x10000 ... ok
map 0x324fd0000 +0x10000 ... ok
map 0x324fe0000 +0x130000 ... ok
map 0x325310000 +0x10000 ... ok
map 0x5026f0000 +0x10000 ... ok
map 0x503bf0000 +0x10000 ... ok
map 0x504df0000 +0x10000 ... ok
map 0x5059f0000 +0x10000 ... ok
map 0x5067f0000 +0x10000 ... ok
map 0x50b430000 +0x10000 ... ok
map 0x7ea458000 +0x120000 ... ok
map 0x7ea57c000 +0x120000 ... ok
submit #12 cc 3 dwords at 0x313b17cf4: pass 0 rewrite 1 drop 0 unmapped 0 cc 1 mappings 436 ... OK rc 0 4.76 ms
map 0x200258000 +0x10000 ... ok
map 0x200268000 +0x10000 ... ok
map 0x200278000 +0xc000 ... ok
map 0x325110000 +0x200000 ... ok
map 0x325320000 +0xa30000 ... ok
map 0x325e10000 +0x10000 ... ok
map 0x325e20000 +0x10000 ... ok
map 0x325e40000 +0x130000 ... ok
map 0x325ff0000 +0x140000 ... ok
map 0x326130000 +0x40000 ... ok
map 0x326170000 +0x10000 ... ok
map 0x326180000 +0x3b0000 ... ok
map 0x326610000 +0x10000 ... ok
map 0x326700000 +0x10000 ... ok
map 0x3267e0000 +0xa0000 ... ok
map 0x326880000 +0x40000 ... ok
map 0x3268c0000 +0x10000 ... ok
map 0x3268d0000 +0x10000 ... ok
map 0x3268e0000 +0x10000 ... ok
map 0x3268f0000 +0x10000 ... ok
map 0x326900000 +0x10000 ... ok
map 0x326910000 +0x10000 ... ok
map 0x326920000 +0x10000 ... ok
map 0x326930000 +0x10000 ... ok
map 0x326940000 +0x10000 ... ok
map 0x326950000 +0x10000 ... ok
map 0x326960000 +0x10000 ... ok
map 0x326970000 +0x10000 ... ok
map 0x326980000 +0x10000 ... ok
map 0x326990000 +0x10000 ... ok
map 0x3269a0000 +0x10000 ... ok
map 0x3269b0000 +0x10000 ... ok
map 0x3269c0000 +0x10000 ... ok
map 0x3269d0000 +0x10000 ... ok
map 0x3269e0000 +0x10000 ... ok
map 0x3269f0000 +0x10000 ... ok
map 0x326a00000 +0x10000 ... ok
map 0x326a10000 +0x10000 ... ok
map 0x326a20000 +0x20000 ... ok
map 0x326a40000 +0x80000 ... ok
map 0x326ac0000 +0x10000 ... ok
map 0x326ad0000 +0x30000 ... ok
map 0x326b00000 +0x50000 ... ok
map 0x326b50000 +0x20000 ... ok
map 0x326b70000 +0x40000 ... ok
map 0x326bb0000 +0x50000 ... ok
map 0x326c00000 +0x20000 ... ok
map 0x326c20000 +0x80000 ... ok
map 0x326ca0000 +0x10000 ... ok
map 0x326cb0000 +0x20000 ... ok
map 0x326cd0000 +0x10000 ... ok
map 0x326ce0000 +0x40000 ... ok
map 0x326d20000 +0x40000 ... ok
map 0x326d60000 +0x80000 ... ok
map 0x326de0000 +0x30000 ... ok
map 0x326e10000 +0x70000 ... ok
map 0x326e80000 +0x30000 ... ok
map 0x326eb0000 +0x10000 ... ok
map 0x326ec0000 +0x40000 ... ok
map 0x326f00000 +0x30000 ... ok
map 0x326f30000 +0x80000 ... ok
map 0x326fb0000 +0x10000 ... ok
map 0x326fc0000 +0x30000 ... ok
map 0x326ff0000 +0x30000 ... ok
map 0x327020000 +0x40000 ... ok
map 0x327060000 +0x30000 ... ok
map 0x327090000 +0x60000 ... ok
map 0x3270f0000 +0x20000 ... ok
map 0x327110000 +0x80000 ... ok
map 0x327190000 +0x10000 ... ok
map 0x3271a0000 +0x70000 ... ok
map 0x327300000 +0x140000 ... ok
map 0x327470000 +0x10000 ... ok
map 0x327480000 +0x10000 ... ok
map 0x327490000 +0x10000 ... ok
map 0x3274a0000 +0x10000 ... ok
map 0x3274b0000 +0x10000 ... ok
map 0x3274c0000 +0x10000 ... ok
map 0x3274d0000 +0x10000 ... ok
map 0x3274e0000 +0x10000 ... ok
map 0x3274f0000 +0x10000 ... ok
map 0x327500000 +0x10000 ... ok
map 0x327510000 +0x10000 ... ok
map 0x327520000 +0x10000 ... ok
map 0x327530000 +0x10000 ... ok
map 0x327540000 +0x10000 ... ok
map 0x327550000 +0x10000 ... ok
map 0x327560000 +0x10000 ... ok
map 0x327570000 +0x10000 ... ok
map 0x327580000 +0x10000 ... ok
map 0x327590000 +0x10000 ... ok
map 0x3275a0000 +0x10000 ... ok
map 0x3275b0000 +0xd70000 ... ok
map 0x3283e0000 +0x10000 ... ok
map 0x3283f0000 +0x10000 ... ok
map 0x328410000 +0x130000 ... ok
map 0x3285c0000 +0x150000 ... ok
map 0x328710000 +0x30000 ... ok
map 0x328740000 +0x10000 ... ok
map 0x328750000 +0x10000 ... ok
map 0x328760000 +0x3b0000 ... ok
map 0x328be0000 +0x10000 ... ok
map 0x328cd0000 +0x10000 ... ok
map 0x328dc0000 +0x90000 ... ok
map 0x328e50000 +0x20000 ... ok
map 0x328e70000 +0x30000 ... ok
map 0x328ea0000 +0x10000 ... ok
map 0x328eb0000 +0x10000 ... ok
map 0x328ec0000 +0x10000 ... ok
map 0x328ed0000 +0x10000 ... ok
map 0x328ee0000 +0x10000 ... ok
map 0x328ef0000 +0x10000 ... ok
map 0x328f00000 +0x10000 ... ok
map 0x328f10000 +0x10000 ... ok
map 0x328f20000 +0x10000 ... ok
map 0x328f30000 +0x10000 ... ok
map 0x328f40000 +0x10000 ... ok
map 0x328f50000 +0x10000 ... ok
map 0x328f60000 +0x10000 ... ok
map 0x328f70000 +0x10000 ... ok
map 0x328f80000 +0x10000 ... ok
map 0x328f90000 +0x10000 ... ok
map 0x328fa0000 +0x10000 ... ok
map 0x328fb0000 +0x10000 ... ok
map 0x328fc0000 +0x10000 ... ok
map 0x328fd0000 +0x10000 ... ok
map 0x328fe0000 +0x10000 ... ok
map 0x328ff0000 +0x20000 ... ok
map 0x329010000 +0x40000 ... ok
map 0x329050000 +0x40000 ... ok
map 0x329090000 +0x70000 ... ok
map 0x329100000 +0x10000 ... ok
map 0x329110000 +0x10000 ... ok
map 0x329120000 +0x20000 ... ok
map 0x329140000 +0x70000 ... ok
map 0x3291b0000 +0x80000 ... ok
map 0x329230000 +0x30000 ... ok
map 0x329260000 +0x80000 ... ok
map 0x3292e0000 +0x10000 ... ok
map 0x3292f0000 +0x10000 ... ok
map 0x329300000 +0x20000 ... ok
map 0x329320000 +0x80000 ... ok
map 0x3293a0000 +0x60000 ... ok
map 0x329400000 +0x20000 ... ok
map 0x329420000 +0x20000 ... ok
map 0x329440000 +0x80000 ... ok
map 0x3294c0000 +0x30000 ... ok
map 0x3294f0000 +0x10000 ... ok
map 0x329500000 +0x40000 ... ok
map 0x329540000 +0x70000 ... ok
map 0x3295b0000 +0x40000 ... ok
map 0x3295f0000 +0x10000 ... ok
map 0x329600000 +0x10000 ... ok
map 0x329610000 +0x20000 ... ok
map 0x329630000 +0x70000 ... ok
map 0x3296a0000 +0x30000 ... ok
map 0x3296d0000 +0x50000 ... ok
map 0x329720000 +0x30000 ... ok
map 0x329750000 +0xa0000 ... ok
map 0x3298e0000 +0x130000 ... ok
map 0x329a40000 +0x10000 ... ok
map 0x329a50000 +0x10000 ... ok
map 0x329a60000 +0x10000 ... ok
map 0x329a70000 +0x10000 ... ok
map 0x329a80000 +0x10000 ... ok
map 0x329a90000 +0x10000 ... ok
map 0x329aa0000 +0x10000 ... ok
map 0x329ab0000 +0x10000 ... ok
map 0x329ac0000 +0x10000 ... ok
map 0x329ad0000 +0x10000 ... ok
map 0x329ae0000 +0x10000 ... ok
map 0x329af0000 +0x10000 ... ok
map 0x329b00000 +0x10000 ... ok
map 0x329b10000 +0x10000 ... ok
map 0x329b20000 +0x10000 ... ok
map 0x329b30000 +0x10000 ... ok
map 0x329b40000 +0x10000 ... ok
map 0x329b50000 +0x10000 ... ok
map 0x329b60000 +0x10000 ... ok
map 0x329b70000 +0x10000 ... ok
map 0x329b80000 +0x10000 ... ok
map 0x329b90000 +0xd70000 ... ok
map 0x32a9c0000 +0x10000 ... ok
map 0x32a9d0000 +0x10000 ... ok
map 0x32a9f0000 +0x130000 ... ok
map 0x32aba0000 +0x140000 ... ok
map 0x32ace0000 +0x40000 ... ok
map 0x32ad20000 +0x10000 ... ok
map 0x32ad30000 +0x10000 ... ok
map 0x32ad40000 +0x3a0000 ... ok
map 0x32b1c0000 +0x10000 ... ok
map 0x32b2b0000 +0x10000 ... ok
map 0x32b390000 +0x90000 ... ok
map 0x32b420000 +0x10000 ... ok
map 0x32b430000 +0x10000 ... ok
map 0x32b440000 +0x10000 ... ok
map 0x32b450000 +0x30000 ... ok
map 0x32b480000 +0x10000 ... ok
map 0x32b490000 +0x10000 ... ok
map 0x32b4a0000 +0x10000 ... ok
map 0x32b4b0000 +0x10000 ... ok
map 0x32b4c0000 +0x10000 ... ok
map 0x32b4d0000 +0x10000 ... ok
map 0x32b4e0000 +0x10000 ... ok
map 0x32b4f0000 +0x10000 ... ok
map 0x32b500000 +0x10000 ... ok
map 0x32b510000 +0x10000 ... ok
map 0x32b520000 +0x10000 ... ok
map 0x32b530000 +0x10000 ... ok
map 0x32b540000 +0x10000 ... ok
map 0x32b550000 +0x10000 ... ok
map 0x32b560000 +0x10000 ... ok
map 0x32b570000 +0x10000 ... ok
map 0x32b580000 +0x10000 ... ok
map 0x32b590000 +0x10000 ... ok
map 0x32b5a0000 +0x10000 ... ok
map 0x32b5b0000 +0x10000 ... ok
map 0x32b5c0000 +0x10000 ... ok
map 0x32b5d0000 +0x40000 ... ok
map 0x32b610000 +0x80000 ... ok
map 0x32b690000 +0x30000 ... ok
map 0x32b6c0000 +0x10000 ... ok
map 0x32b6d0000 +0x70000 ... ok
map 0x32b740000 +0x10000 ... ok
map 0x32b750000 +0x30000 ... ok
map 0x32b780000 +0x80000 ... ok
map 0x32b800000 +0x80000 ... ok
map 0x32b880000 +0x20000 ... ok
map 0x32b8a0000 +0x80000 ... ok
map 0x32b920000 +0x30000 ... ok
map 0x32b950000 +0x10000 ... ok
map 0x32b960000 +0x80000 ... ok
map 0x32b9e0000 +0x30000 ... ok
map 0x32ba10000 +0x30000 ... ok
map 0x32ba40000 +0x20000 ... ok
map 0x32ba60000 +0x20000 ... ok
map 0x32ba80000 +0x80000 ... ok
map 0x32bb00000 +0x30000 ... ok
map 0x32bb30000 +0x80000 ... ok
map 0x32bbb0000 +0x10000 ... ok
map 0x32bbc0000 +0x30000 ... ok
map 0x32bbf0000 +0x40000 ... ok
map 0x32bc30000 +0x10000 ... ok
map 0x32bc40000 +0x10000 ... ok
map 0x32bc50000 +0x20000 ... ok
map 0x32bc70000 +0x80000 ... ok
map 0x32bcf0000 +0x20000 ... ok
map 0x32bd10000 +0xb0000 ... ok
map 0x32beb0000 +0x140000 ... ok
map 0x32c020000 +0x20000 ... ok
map 0x32c040000 +0x10000 ... ok
map 0x32c050000 +0x10000 ... ok
map 0x32c060000 +0x10000 ... ok
map 0x32c070000 +0x10000 ... ok
map 0x32c080000 +0x10000 ... ok
map 0x32c090000 +0x10000 ... ok
map 0x32c0a0000 +0x10000 ... ok
map 0x32c0b0000 +0x10000 ... ok
map 0x32c0c0000 +0x10000 ... ok
map 0x32c0d0000 +0x10000 ... ok
map 0x32c0e0000 +0x10000 ... ok
map 0x32c0f0000 +0x10000 ... ok
map 0x32c100000 +0x10000 ... ok
map 0x32c110000 +0x10000 ... ok
map 0x32c120000 +0x10000 ... ok
map 0x32c130000 +0x10000 ... ok
map 0x32c140000 +0x10000 ... ok
map 0x32c150000 +0x10000 ... ok
map 0x32c160000 +0xd70000 ... ok
map 0x32cfa0000 +0x10000 ... ok
map 0x32cfc0000 +0x140000 ... ok
map 0x32d180000 +0x170000 ... ok
map 0x32d2f0000 +0x10000 ... ok
map 0x32d300000 +0x10000 ... ok
map 0x32d310000 +0x3b0000 ... ok
map 0x32d7a0000 +0x10000 ... ok
map 0x32d890000 +0x10000 ... ok
map 0x32d970000 +0x90000 ... ok
map 0x32da00000 +0x10000 ... ok
map 0x32da10000 +0x10000 ... ok
map 0x32da20000 +0x20000 ... ok
map 0x32da40000 +0x20000 ... ok
map 0x32da60000 +0x10000 ... ok
map 0x32da70000 +0x10000 ... ok
map 0x32da80000 +0x10000 ... ok
map 0x32da90000 +0x10000 ... ok
map 0x32daa0000 +0x10000 ... ok
map 0x32dab0000 +0x10000 ... ok
map 0x32dac0000 +0x10000 ... ok
map 0x32dad0000 +0x10000 ... ok
map 0x32dae0000 +0x10000 ... ok
map 0x32daf0000 +0x10000 ... ok
map 0x32db00000 +0x10000 ... ok
map 0x32db10000 +0x10000 ... ok
map 0x32db20000 +0x10000 ... ok
map 0x32db30000 +0x10000 ... ok
map 0x32db40000 +0x10000 ... ok
map 0x32db50000 +0x10000 ... ok
map 0x32db60000 +0x10000 ... ok
map 0x32db70000 +0x10000 ... ok
map 0x32db80000 +0x10000 ... ok
map 0x32db90000 +0x10000 ... ok
map 0x32dba0000 +0x30000 ... ok
map 0x32dbd0000 +0x80000 ... ok
map 0x32dc50000 +0x80000 ... ok
map 0x32dcd0000 +0x30000 ... ok
map 0x32dd00000 +0x30000 ... ok
map 0x32dd30000 +0x80000 ... ok
map 0x32ddb0000 +0x90000 ... ok
map 0x32de40000 +0x20000 ... ok
map 0x32de60000 +0x50000 ... ok
map 0x32deb0000 +0x30000 ... ok
map 0x32dee0000 +0x10000 ... ok
map 0x32def0000 +0x20000 ... ok
map 0x32df10000 +0x40000 ... ok
map 0x32df50000 +0xc0000 ... ok
map 0x32e010000 +0x10000 ... ok
map 0x32e020000 +0x30000 ... ok
map 0x32e050000 +0x40000 ... ok
map 0x32e090000 +0x30000 ... ok
map 0x32e0c0000 +0x40000 ... ok
map 0x32e100000 +0x40000 ... ok
map 0x32e140000 +0x20000 ... ok
map 0x32e160000 +0x90000 ... ok
map 0x32e1f0000 +0x10000 ... ok
map 0x32e200000 +0x30000 ... ok
map 0x32e230000 +0x30000 ... ok
map 0x32e260000 +0x40000 ... ok
map 0x32e2a0000 +0xd0000 ... ok
map 0x32e460000 +0x140000 ... ok
map 0x32e5d0000 +0x20000 ... ok
map 0x32e5f0000 +0x10000 ... ok
map 0x32e600000 +0x10000 ... ok
map 0x32e610000 +0x10000 ... ok
map 0x32e620000 +0x10000 ... ok
map 0x32e630000 +0x10000 ... ok
map 0x32e640000 +0x10000 ... ok
map 0x32e650000 +0x10000 ... ok
map 0x32e660000 +0x10000 ... ok
map 0x32e670000 +0x10000 ... ok
map 0x32e680000 +0x10000 ... ok
map 0x32e690000 +0x10000 ... ok
map 0x32e6a0000 +0x10000 ... ok
map 0x32e6b0000 +0x10000 ... ok
map 0x32e6c0000 +0x10000 ... ok
map 0x32e6d0000 +0x10000 ... ok
map 0x32e6e0000 +0x10000 ... ok
map 0x32e6f0000 +0x10000 ... ok
map 0x32e700000 +0x10000 ... ok
map 0x32e710000 +0x10000 ... ok
map 0x32e720000 +0xd60000 ... ok
map 0x32f550000 +0x10000 ... ok
map 0x32f570000 +0x140000 ... ok
map 0x32f730000 +0x70000 ... ok
map 0x32f7c0000 +0x10000 ... ok
map 0x500850000 +0x10000 ... ok
map 0x7e9a14000 +0x120000 ... ok
map 0x7e9b38000 +0x120000 ... ok
map 0x7e9c5c000 +0x120000 ... ok
map 0x7e9d80000 +0x120000 ... ok
map 0x7e9ea4000 +0x120000 ... ok
map 0x7e9fc8000 +0x120000 ... ok
map 0x7ea0ec000 +0x120000 ... ok
map 0x7ea210000 +0x120000 ... ok
map 0x7ea334000 +0x120000 ... ok
map 0x1000440000 +0x5ca0000 ... ok
map 0x10568e0000 +0x22a0000 ... ok
map 0x10ec020000 +0x90000 ... ok
map 0x10ec0b0000 +0x990000 ... ok
submit #13 hib 150 dwords at 0xfe0000000: pass 12 rewrite 2 drop 2 unmapped 0 cc 2 mappings 805 ... OK rc 0 6.83 ms
map 0x32f7a0000 +0x20000 ... ok
map 0x32f7d0000 +0x90000 ... ok
map 0x32f860000 +0x40000 ... ok
map 0x32f8a0000 +0x10000 ... ok
map 0x32f8b0000 +0x10000 ... ok
map 0x32f8c0000 +0x3b0000 ... ok
map 0x32fd50000 +0x10000 ... ok
map 0x32fe40000 +0x10000 ... ok
map 0x32ff20000 +0xa0000 ... ok
map 0x32ffc0000 +0x40000 ... ok
map 0x330000000 +0x10000 ... ok
map 0x330010000 +0x10000 ... ok
map 0x330020000 +0x10000 ... ok
map 0x330030000 +0x10000 ... ok
map 0x330040000 +0x10000 ... ok
map 0x330050000 +0x10000 ... ok
map 0x330060000 +0x10000 ... ok
map 0x330070000 +0x10000 ... ok
map 0x330080000 +0x10000 ... ok
map 0x330090000 +0x10000 ... ok
map 0x3300a0000 +0x10000 ... ok
map 0x3300b0000 +0x10000 ... ok
map 0x3300c0000 +0x10000 ... ok
map 0x3300d0000 +0x10000 ... ok
map 0x3300e0000 +0x10000 ... ok
map 0x3300f0000 +0x10000 ... ok
map 0x330100000 +0x10000 ... ok
map 0x330110000 +0x10000 ... ok
map 0x330120000 +0x10000 ... ok
map 0x330130000 +0x10000 ... ok
map 0x330140000 +0x10000 ... ok
map 0x330150000 +0x10000 ... ok
map 0x330160000 +0x10000 ... ok
map 0x330170000 +0x10000 ... ok
map 0x330180000 +0x50000 ... ok
map 0x3301d0000 +0x60000 ... ok
map 0x330230000 +0x40000 ... ok
map 0x330270000 +0x10000 ... ok
map 0x330280000 +0x20000 ... ok
map 0x3302a0000 +0x10000 ... ok
map 0x3302b0000 +0x80000 ... ok
map 0x330330000 +0x20000 ... ok
map 0x330350000 +0x60000 ... ok
map 0x3303b0000 +0x30000 ... ok
map 0x3303e0000 +0x70000 ... ok
map 0x330450000 +0x10000 ... ok
map 0x330460000 +0x20000 ... ok
map 0x330480000 +0x10000 ... ok
map 0x330490000 +0x40000 ... ok
map 0x3304d0000 +0x70000 ... ok
map 0x330540000 +0x40000 ... ok
map 0x330580000 +0x10000 ... ok
map 0x330590000 +0x30000 ... ok
map 0x3305c0000 +0x70000 ... ok
map 0x330630000 +0x30000 ... ok
map 0x330660000 +0x10000 ... ok
map 0x330670000 +0x70000 ... ok
map 0x3306e0000 +0x40000 ... ok
map 0x330720000 +0x40000 ... ok
map 0x330760000 +0x10000 ... ok
map 0x330770000 +0x20000 ... ok
map 0x330790000 +0x10000 ... ok
map 0x3307a0000 +0x80000 ... ok
map 0x330820000 +0x20000 ... ok
map 0x330840000 +0x90000 ... ok
map 0x3308d0000 +0x10000 ... ok
map 0x3308e0000 +0x10000 ... ok
map 0x3308f0000 +0x22f0000 ... ok
map 0x332be0000 +0x10000 ... ok
map 0x332bf0000 +0x10000 ... ok
map 0x332c00000 +0x10000 ... ok
map 0x332c10000 +0x6b0000 ... ok
map 0x3332c0000 +0x120000 ... ok
map 0x10060e0000 +0xa90000 ... ok
submit #14 hib 2 dwords at 0xfe003a200: pass 1 rewrite 0 drop 0 unmapped 0 cc 0 mappings 879 ... OK rc 0 7.22 ms
map 0x301ad0000 +0x10000 ... ok
map 0x302b90000 +0x10000 ... ok
map 0x3119c0000 +0x70000 ... ok
map 0x3333e0000 +0x1b0000 ... ok
map 0x333590000 +0x4a0000 ... ok
map 0x333a30000 +0x180000 ... ok
map 0x333bb0000 +0x70000 ... ok
map 0x333c20000 +0x60000 ... ok
map 0x333c80000 +0x60000 ... ok
map 0x333ce0000 +0x70000 ... ok
map 0x333d50000 +0x10000 ... ok
map 0x333d60000 +0x50000 ... ok
map 0x333db0000 +0x10000 ... ok
map 0x333dc0000 +0x40000 ... ok
map 0x333e00000 +0x70000 ... ok
map 0x500860000 +0x60000 ... ok
map 0x571e70000 +0x10000 ... ok
map 0x1006b70000 +0x13b0000 ... ok
map 0x1058b80000 +0x18e0000 ... ok
map 0x10ca020000 +0xc0000 ... ok
map 0x10eca40000 +0x580000 ... ok
map 0x10ecfc0000 +0x20000 ... ok
map 0x10ecfe0000 +0xa7a0000 ... ok
submit #15 cc 3 dwords at 0x313b17cf4: pass 0 rewrite 1 drop 0 unmapped 0 cc 1 mappings 902 ... OK rc 0 8.33 ms
map 0x10f7780000 +0xc00000 ... ok
submit #16 hib 150 dwords at 0xfe0000000: pass 12 rewrite 2 drop 2 unmapped 0 cc 2 mappings 903 ... OK rc 0 8.25 ms
submit #17 hib 2 dwords at 0xfe003a200: pass 1 rewrite 0 drop 0 unmapped 0 cc 0 mappings 903 ... OK rc 0 12.34 ms
map 0x302ba0000 +0x60000 ... ok
map 0x303550000 +0x10000 ... ok
map 0x308460000 +0x70000 ... ok
map 0x311a30000 +0x1e0000 ... ok
map 0x333e70000 +0x960000 ... ok
map 0x3347d0000 +0x10000 ... ok
map 0x5008c0000 +0x80000 ... ok
map 0x1007f20000 +0xe60000 ... ok
map 0x10ca0e0000 +0x1a0000 ... ok
map 0x10f8380000 +0x12df0000 ... ok
submit #18 cc 3 dwords at 0x313b17cf4: pass 0 rewrite 1 drop 0 unmapped 0 cc 1 mappings 913 ... OK rc 0 9.88 ms
map 0x301ae0000 +0x30000 ... ok
submit #19 hib 150 dwords at 0xfe0000000: pass 12 rewrite 2 drop 2 unmapped 0 cc 2 mappings 914 ... OK rc 0 9.79 ms
submit #20 hib 2 dwords at 0xfe003a200: pass 1 rewrite 0 drop 0 unmapped 0 cc 0 mappings 914 ... OK rc 0 9.87 ms
map 0x303990000 +0x10000 ... ok
map 0x311c10000 +0x2e0000 ... ok
map 0x3347e0000 +0x510000 ... ok
map 0x334cf0000 +0x10000 ... ok
map 0x334d00000 +0x660000 ... ok
map 0x500940000 +0x40000 ... ok
map 0x1008d80000 +0x4600000 ... ok
map 0x105a460000 +0x3190000 ... ok
map 0x10ca280000 +0x120000 ... ok
map 0x110b170000 +0xc690000 ... ok
map 0x1117800000 +0x2ac0000 ... ok
submit #21 cc 3 dwords at 0x313b17cf4: pass 0 rewrite 1 drop 0 unmapped 0 cc 1 mappings 925 ... OK rc 0 11.48 ms
submit #22 hib 150 dwords at 0xfe0000000: pass 12 rewrite 2 drop 2 unmapped 0 cc 2 mappings 925 ... OK rc 0 11.55 ms
submit #23 hib 2 dwords at 0xfe003a200: pass 1 rewrite 0 drop 0 unmapped 0 cc 0 mappings 925 ... OK rc 0 11.46 ms
submit #24 cc 3 dwords at 0x313b17cf4: pass 0 rewrite 1 drop 0 unmapped 0 cc 1 mappings 925 ... OK rc 0 11.62 ms
submit #25 hib 150 dwords at 0xfe0000000: pass 12 rewrite 2 drop 2 unmapped 0 cc 2 mappings 925 ... OK rc 0 11.43 ms
submit #26 hib 2 dwords at 0xfe003a200: pass 1 rewrite 0 drop 0 unmapped 0 cc 0 mappings 925 ... OK rc 0 11.50 ms
unmap 0x334d00000 +0x660000 (no longer rw anonymous) ... ok
map 0x200284000 +0x4000 ... ok
map 0x334d00000 +0x634000 ... ok
map 0x335338000 +0x30000 ... ok
map 0x335368000 +0x20000 ... ok
map 0x37dfe8000 +0x8000 ... ok
submit #27 cc 3 dwords at 0x313b17cf4: pass 0 rewrite 1 drop 0 unmapped 0 cc 1 mappings 929 ... OK rc 0 11.57 ms
submit #28 hib 150 dwords at 0xfe0000000: pass 12 rewrite 2 drop 2 unmapped 0 cc 2 mappings 929 ... OK rc 0 11.43 ms
submit #29 hib 2 dwords at 0xfe003a200: pass 1 rewrite 0 drop 0 unmapped 0 cc 0 mappings 929 ... OK rc 0 11.46 ms
map 0x335388000 +0x20000 ... ok
map 0x100d380000 +0x50000 ... ok
submit #30 cc 3 dwords at 0x313b17cf4: pass 0 rewrite 1 drop 0 unmapped 0 cc 1 mappings 931 ... OK rc 0 11.77 ms
map 0x3353a8000 +0x60000 ... ok
submit #31 hib 150 dwords at 0xfe0000000: pass 12 rewrite 2 drop 2 unmapped 0 cc 2 mappings 932 ... OK rc 0 11.64 ms
submit #32 hib 2 dwords at 0xfe003a200: pass 1 rewrite 0 drop 0 unmapped 0 cc 0 mappings 932 ... OK rc 0 11.50 ms
map 0x301b10000 +0x50000 ... ok
map 0x302230000 +0x10000 ... ok
map 0x304200000 +0x10000 ... ok
map 0x335408000 +0x190000 ... ok
map 0x335598000 +0x120000 ... ok
map 0x4036e0000 +0x320000 ... ok
map 0x500980000 +0x10000 ... ok
map 0x100d3d0000 +0x1060000 ... ok
map 0x10ca3a0000 +0x60000 ... ok
map 0x111a2c0000 +0xcb0000 ... ok
map 0x111af70000 +0x800000 ... ok
submit #33 cc 3 dwords at 0x313b17cf4: pass 0 rewrite 1 drop 0 unmapped 0 cc 1 mappings 943 ... OK rc 0 11.83 ms
submit #34 hib 150 dwords at 0xfe0000000: pass 12 rewrite 2 drop 2 unmapped 0 cc 2 mappings 943 ... OK rc 0 11.85 ms
submit #35 hib 2 dwords at 0xfe003a200: pass 1 rewrite 0 drop 0 unmapped 0 cc 0 mappings 943 ... OK rc 0 11.62 ms
map 0x100e430000 +0x70000 ... ok
submit #36 cc 3 dwords at 0x313b17cf4: pass 0 rewrite 1 drop 0 unmapped 0 cc 1 mappings 944 ... OK rc 0 11.82 ms
map 0x3356b8000 +0x20000 ... ok
submit #37 hib 150 dwords at 0xfe0000000: pass 12 rewrite 2 drop 2 unmapped 0 cc 2 mappings 945 ... OK rc 0 11.83 ms
submit #38 hib 2 dwords at 0xfe003a200: pass 1 rewrite 0 drop 0 unmapped 0 cc 0 mappings 945 ... OK rc 0 11.73 ms
map 0x302c00000 +0x10000 ... ok
map 0x3356d8000 +0x1f0000 ... ok
map 0x403a00000 +0x10000 ... ok
map 0x100e4a0000 +0x260000 ... ok
map 0x10ca400000 +0xc0000 ... ok
map 0x111b770000 +0x52e0000 ... ok
submit #39 cc 3 dwords at 0x313b17cf4: pass 0 rewrite 1 drop 0 unmapped 0 cc 1 mappings 951 ... OK rc 0 12.22 ms
submit #40 hib 150 dwords at 0xfe0000000: pass 12 rewrite 2 drop 2 unmapped 0 cc 2 mappings 951 ... OK rc 0 12.30 ms
submit #41 hib 2 dwords at 0xfe003a200: pass 1 rewrite 0 drop 0 unmapped 0 cc 0 mappings 951 ... OK rc 0 12.21 ms
map 0x3358c8000 +0x30000 ... ok
map 0x100e700000 +0x50000 ... ok
submit #42 cc 3 dwords at 0x313b17cf4: pass 0 rewrite 1 drop 0 unmapped 0 cc 1 mappings 953 ... OK rc 0 12.19 ms
map 0x3358f8000 +0x10000 ... ok
submit #43 hib 150 dwords at 0xfe0000000: pass 12 rewrite 2 drop 2 unmapped 0 cc 2 mappings 954 ... OK rc 0 12.08 ms
submit #44 hib 2 dwords at 0xfe003a200: pass 1 rewrite 0 drop 0 unmapped 0 cc 0 mappings 954 ... OK rc 0 12.07 ms
map 0x335908000 +0x10000 ... ok
submit #45 cc 3 dwords at 0x313b17cf4: pass 0 rewrite 1 drop 0 unmapped 0 cc 1 mappings 955 ... OK rc 0 12.08 ms
submit #46 hib 150 dwords at 0xfe0000000: pass 12 rewrite 2 drop 2 unmapped 0 cc 2 mappings 955 ... OK rc 0 12.13 ms
submit #47 hib 2 dwords at 0xfe003a200: pass 1 rewrite 0 drop 0 unmapped 0 cc 0 mappings 955 ... OK rc 0 12.10 ms
map 0x335918000 +0x30000 ... ok
submit #48 cc 3 dwords at 0x313b17cf4: pass 0 rewrite 1 drop 0 unmapped 0 cc 1 mappings 956 ... OK rc 0 13.11 ms
submit #49 hib 150 dwords at 0xfe0000000: pass 12 rewrite 2 drop 2 unmapped 0 cc 2 mappings 956 ... OK rc 0 12.25 ms
submit #50 hib 2 dwords at 0xfe003a200: pass 1 rewrite 0 drop 0 unmapped 0 cc 0 mappings 956 ... OK rc 0 12.14 ms
map 0x335948000 +0x10000 ... ok
map 0x403a10000 +0x10000 ... ok
submit #51 cc 3 dwords at 0x313b17cf4: pass 0 rewrite 1 drop 0 unmapped 0 cc 1 mappings 958 ... OK rc 0 18.33 ms
submit #52 hib 150 dwords at 0xfe0000000: pass 12 rewrite 2 drop 2 unmapped 0 cc 2 mappings 958 ... OK rc 0 12.09 ms
submit #53 hib 2 dwords at 0xfe003a200: pass 1 rewrite 0 drop 0 unmapped 0 cc 0 mappings 958 ... OK rc 0 12.15 ms
submit #54 cc 3 dwords at 0x313b17cf4: pass 0 rewrite 1 drop 0 unmapped 0 cc 1 mappings 958 ... OK rc 0 12.87 ms
submit #55 hib 150 dwords at 0xfe0000000: pass 12 rewrite 2 drop 2 unmapped 0 cc 2 mappings 958 ... OK rc 0 12.81 ms
submit #56 hib 2 dwords at 0xfe003a200: pass 1 rewrite 0 drop 0 unmapped 0 cc 0 mappings 958 ... OK rc 0 18.57 ms
map 0x301078000 +0x10000 ... ok
map 0x335958000 +0x10000 ... ok
submit #57 cc 3 dwords at 0x313b17cf4: pass 0 rewrite 1 drop 0 unmapped 0 cc 1 mappings 960 ... OK rc 0 12.28 ms
submit #58 hib 150 dwords at 0xfe0000000: pass 12 rewrite 2 drop 2 unmapped 0 cc 2 mappings 960 ... OK rc 0 12.07 ms
submit #59 hib 2 dwords at 0xfe003a200: pass 1 rewrite 0 drop 0 unmapped 0 cc 0 mappings 960 ... OK rc 0 12.00 ms
submit #60 cc 3 dwords at 0x313b17cf4: pass 0 rewrite 1 drop 0 unmapped 0 cc 1 mappings 960 ... OK rc 0 12.34 ms
submit #61 hib 150 dwords at 0xfe0000000: pass 12 rewrite 2 drop 2 unmapped 0 cc 2 mappings 960 ... OK rc 0 12.57 ms
submit #62 hib 2 dwords at 0xfe003a200: pass 1 rewrite 0 drop 0 unmapped 0 cc 0 mappings 960 ... OK rc 0 12.17 ms
map 0x335968000 +0x10000 ... ok
submit #63 cc 3 dwords at 0x313b17cf4: pass 0 rewrite 1 drop 0 unmapped 0 cc 1 mappings 961 ... OK rc 0 12.14 ms
submit #64 hib 150 dwords at 0xfe0000000: pass 12 rewrite 2 drop 2 unmapped 0 cc 2 mappings 961 ... OK rc 0 12.04 ms
submit #65 hib 2 dwords at 0xfe003a200: pass 1 rewrite 0 drop 0 unmapped 0 cc 0 mappings 961 ... OK rc 0 12.06 ms
submit #66 cc 3 dwords at 0x313b17cf4: pass 0 rewrite 1 drop 0 unmapped 0 cc 1 mappings 961 ... OK rc 0 12.17 ms
submit #67 hib 150 dwords at 0xfe0000000: pass 12 rewrite 2 drop 2 unmapped 0 cc 2 mappings 961 ... OK rc 0 12.03 ms
submit #68 hib 2 dwords at 0xfe003a200: pass 1 rewrite 0 drop 0 unmapped 0 cc 0 mappings 961 ... OK rc 0 12.08 ms
map 0x335978000 +0x10000 ... ok
map 0x400330000 +0x10000 ... ok
map 0x403a20000 +0x10000 ... ok
map 0x1120a50000 +0x50000 ... ok
submit #69 cc 3 dwords at 0x313b17cf4: pass 0 rewrite 1 drop 0 unmapped 0 cc 1 mappings 965 ... OK rc 0 12.13 ms
submit #70 hib 150 dwords at 0xfe0000000: pass 12 rewrite 2 drop 2 unmapped 0 cc 2 mappings 965 ... OK rc 0 12.16 ms
submit #71 hib 2 dwords at 0xfe003a200: pass 1 rewrite 0 drop 0 unmapped 0 cc 0 mappings 965 ... OK rc 0 12.05 ms
