direct: enabled, stage all, cu mask 0xffffffff, bo list with mappings
map 0x200000000 +0x10000 ... ok
map 0x200010000 +0x8000 ... ok
map 0x200018000 +0x10000 ... ok
map 0x200028000 +0x10000 ... ok
map 0x200038000 +0x10000 ... ok
map 0x300000000 +0x934000 ... ok
map 0x300938000 +0x10000 ... ok
map 0x300948000 +0x20000 ... ok
map 0x300a58000 +0x14000 ... ok
map 0x300a70000 +0x14000 ... ok
map 0x300c78000 +0x14000 ... ok
map 0x300e80000 +0x14000 ... ok
map 0x301088000 +0x14000 ... ok
map 0x301290000 +0x14000 ... ok
map 0x301498000 +0x14000 ... ok
map 0x3016a0000 +0x14000 ... ok
map 0x3018a8000 +0x14000 ... ok
map 0x301ab0000 +0x20000 ... ok
map 0x301de0000 +0x10000 ... ok
map 0x301df0000 +0x440000 ... ok
map 0x3022b0000 +0x800000 ... ok
map 0x303530000 +0x10000 ... ok
map 0x303930000 +0x50000 ... ok
map 0x303b70000 +0x20000 ... ok
map 0x303ba0000 +0x10000 ... ok
map 0x303bc0000 +0x10000 ... ok
map 0x303dc0000 +0x40000 ... ok
map 0x3041f0000 +0x10000 ... ok
map 0x3045f0000 +0x20000 ... ok
map 0x304a00000 +0x10000 ... ok
map 0x304e00000 +0x20000 ... ok
map 0x305210000 +0x10000 ... ok
map 0x305610000 +0x20000 ... ok
map 0x305a20000 +0x10000 ... ok
map 0x305e20000 +0x20000 ... ok
map 0x306230000 +0x20000 ... ok
map 0x306640000 +0x10000 ... ok
map 0x306a40000 +0x20000 ... ok
map 0x306e50000 +0x10000 ... ok
map 0x307250000 +0x20000 ... ok
map 0x307660000 +0x10000 ... ok
map 0x307a60000 +0x9f0000 ... ok
map 0x308840000 +0x20000 ... ok
map 0x308870000 +0x10000 ... ok
map 0x308880000 +0x10000 ... ok
map 0x308890000 +0x10000 ... ok
map 0x3088a0000 +0x10000 ... ok
map 0x308b20000 +0x450000 ... ok
map 0x37dff0000 +0x10000 ... ok
map 0x400000000 +0x10000 ... ok
map 0x400200000 +0x10000 ... ok
map 0x400280000 +0x10000 ... ok
map 0x4002a0000 +0x10000 ... ok
map 0x400320000 +0x10000 ... ok
map 0x400340000 +0x10000 ... ok
map 0x4003c0000 +0x10000 ... ok
map 0x4003e0000 +0x10000 ... ok
map 0x400460000 +0x10000 ... ok
map 0x400480000 +0x10000 ... ok
map 0x400500000 +0x10000 ... ok
map 0x400520000 +0x10000 ... ok
map 0x4005a0000 +0x10000 ... ok
map 0x4005c0000 +0x10000 ... ok
map 0x400640000 +0x10000 ... ok
map 0x400660000 +0x10000 ... ok
map 0x4006e0000 +0x10000 ... ok
map 0x400700000 +0x10000 ... ok
map 0x400780000 +0x10000 ... ok
map 0x4007a0000 +0x13a0000 ... ok
map 0x40b7f0000 +0x10000 ... ok
map 0x500000000 +0x530000 ... ok
map 0x502000000 +0x10000 ... ok
map 0x507400000 +0x10000 ... ok
map 0x551a50000 +0x10000 ... ok
map 0x553b80000 +0x10000 ... ok
map 0x553be0000 +0x10000 ... ok
map 0x553c00000 +0x10000 ... ok
map 0x553c20000 +0x10000 ... ok
map 0x553c40000 +0x2b20000 ... ok
map 0x556760000 +0x10000 ... ok
map 0x7efbf4000 +0x200000 ... ok
map 0x900000000 +0x74c0000 ... ok
map 0x9074c0000 +0x1420000 ... ok
map 0x9088e0000 +0x580000 ... ok
map 0x908e60000 +0x5fd0000 ... ok
map 0x90eea0000 +0x20000 ... ok
map 0x90eec0000 +0x10000 ... ok
map 0x90f270000 +0x10000 ... ok
map 0x90f280000 +0x20000 ... ok
map 0x90f2a0000 +0xe0000 ... ok
map 0x90f380000 +0x168000 ... ok
map 0x90f4e8000 +0xd30000 ... ok
map 0x920000000 +0xcc000 ... ok
map 0x9200cc000 +0x40000 ... ok
map 0x92010c000 +0xc000 ... ok
map 0x920118000 +0x2c000 ... ok
map 0x930000000 +0x3f4000 ... ok
map 0x9303f4000 +0x190000 ... ok
map 0x930584000 +0x4000 ... ok
map 0x930588000 +0x200000 ... ok
map 0x940000000 +0x18000 ... ok
map 0x940018000 +0x10000 ... ok
map 0x940028000 +0x10000 ... ok
map 0x940038000 +0x10000 ... ok
map 0x940048000 +0x10000 ... ok
map 0x950000000 +0xc000 ... ok
map 0x95000c000 +0x10000 ... ok
map 0x95001c000 +0x8000 ... ok
map 0x950024000 +0x4000 ... ok
map 0x960000000 +0x28000 ... ok
map 0x960028000 +0x10000 ... ok
map 0x960038000 +0x10000 ... ok
map 0x971608000 +0x8000 ... ok
map 0x980000000 +0x4000 ... ok
map 0x980004000 +0x10000 ... ok
map 0x980084000 +0x8000 ... ok
map 0x990000000 +0x5c000 ... ok
map 0x99005c000 +0xa0000 ... ok
map 0x9900fc000 +0x74000 ... ok
map 0x990170000 +0x8000 ... ok
map 0xf00000000 +0x10000 ... ok
map 0xf00010000 +0x100000 ... ok
map 0xf00140000 +0x10000 ... ok
map 0xf01140000 +0x10000 ... ok
map 0xf01150000 +0x10000 ... ok
map 0xf01160000 +0x10000 ... ok
map 0xf01170000 +0x10000 ... ok
map 0xf01180000 +0x10000 ... ok
map 0xf01190000 +0x10000 ... ok
map 0xf011a0000 +0x10000 ... ok
map 0xf011b0000 +0x10000 ... ok
map 0xf011c0000 +0x10000 ... ok
map 0xf011d0000 +0x10000 ... ok
map 0xf011e0000 +0x10000 ... ok
map 0xf011f0000 +0x10000 ... ok
map 0xf01200000 +0x10000 ... ok
map 0xf01210000 +0x10000 ... ok
map 0xf01220000 +0x10000 ... ok
map 0xf01230000 +0x10000 ... ok
map 0xf01240000 +0x10000 ... ok
map 0xf01250000 +0x10000 ... ok
map 0xf01260000 +0x10000 ... ok
map 0xf01270000 +0x10000 ... ok
map 0xf01280000 +0x10000 ... ok
map 0xf01290000 +0x10000 ... ok
map 0xf012a0000 +0x10000 ... ok
map 0xf012b0000 +0x10000 ... ok
map 0xf012c0000 +0x10000 ... ok
map 0xf012d0000 +0x10000 ... ok
map 0xf012e0000 +0x10000 ... ok
map 0xf012f0000 +0x10000 ... ok
map 0xf01300000 +0x10000 ... ok
map 0xfe0000000 +0x204000 ... ok
map 0xfe0300000 +0x10000 ... ok
map 0xfe03b0000 +0x20000 ... ok
vmas 45 total 8175.8 MiB resident 375.5 MiB mapped 381.7 MiB
learned 0x52e000000: window 0x52e000000+0x6000000, mapped +96.0 MiB
learned 0x53e000000: window 0x53e000000+0x6000000, mapped +96.0 MiB
learned 0x536000000: window 0x536000000+0x6000000, mapped +96.0 MiB
learned 0x55a000000: window 0x55a000000+0x6000000, mapped +96.0 MiB
learned 0x54e000000: window 0x54e000000+0x6000000, mapped +91.9 MiB
submit #0 acb 2 dwords at 0xfe003a200: pass 1 rewrite 0 drop 0 unmapped 0 cc 0 mappings 165 ... OK rc 0 4.14 ms
map 0x200048000 +0x10000 ... ok
map 0x200058000 +0x10000 ... ok
map 0x200068000 +0x8000 ... ok
map 0x302ab0000 +0x10000 ... ok
map 0x303b90000 +0x10000 ... ok
map 0x30cb60000 +0x1b30000 ... ok
map 0x30e6a0000 +0x290000 ... ok
map 0x30e940000 +0x10000 ... ok
map 0x30ed40000 +0x20000 ... ok
map 0x30ed70000 +0x1250000 ... ok
map 0x30ffd0000 +0x290000 ... ok
map 0x310270000 +0x10000 ... ok
map 0x310670000 +0x10000 ... ok
map 0x310690000 +0x10000 ... ok
map 0x3106a0000 +0xf0000 ... ok
map 0x310790000 +0xe0000 ... ok
map 0x310870000 +0xf0000 ... ok
map 0x310960000 +0xe0000 ... ok
map 0x310a40000 +0xf0000 ... ok
map 0x310b30000 +0xe0000 ... ok
map 0x310c10000 +0x350000 ... ok
map 0x310f60000 +0x830000 ... ok
map 0x311960000 +0x10000 ... ok
map 0x313010000 +0x30000 ... ok
map 0x313130000 +0x10000 ... ok
map 0x313220000 +0x10000 ... ok
map 0x3132a0000 +0x10000 ... ok
map 0x313320000 +0x10000 ... ok
map 0x3133a0000 +0x10000 ... ok
map 0x313420000 +0x10000 ... ok
map 0x3134a0000 +0x10000 ... ok
map 0x313520000 +0xcc000 ... ok
map 0x3135f0000 +0x14000 ... ok
map 0x313638000 +0x14000 ... ok
map 0x313650000 +0x20000 ... ok
map 0x313680000 +0x4000 ... ok
map 0x313688000 +0x14000 ... ok
map 0x3136a0000 +0x14000 ... ok
map 0x3136b8000 +0x14000 ... ok
map 0x3136d0000 +0x14000 ... ok
map 0x3136e8000 +0x14000 ... ok
map 0x313700000 +0x14000 ... ok
map 0x313b08000 +0x20000 ... ok
map 0x37dfe8000 +0x8000 ... ok
map 0x401b40000 +0x10000 ... ok
map 0x401b50000 +0x10000 ... ok
vmas 55 total 12783.8 MiB resident 926.1 MiB mapped 928.4 MiB
submit #1 acb 55 dwords at 0xfe00427a0: pass 7 rewrite 0 drop 1 unmapped 0 cc 0 mappings 211 ... OK rc 0 4.55 ms
submit #2 cc 3 dwords at 0x7efdf28e4: pass 0 rewrite 1 drop 0 unmapped 0 cc 1 mappings 211 ... OK rc 0 4.52 ms
submit #3 acb 2 dwords at 0xfe003a200: pass 1 rewrite 0 drop 0 unmapped 0 cc 0 mappings 211 ... OK rc 0 4.48 ms
submit #4 acb 55 dwords at 0xfe00427a0: pass 7 rewrite 0 drop 1 unmapped 0 cc 0 mappings 211 ... OK rc 0 4.50 ms
  load op 61 at 10: base 0xfe0008000 pairs (0x0,215) (0xd8,272) (0x1f5,4) (0x1ff,158) (0x2a0,2) (0x2a3,1) (0x2a5,66) (0x2f5,203)
  load op 5f at 29: base 0xfe0010000 pairs (0x1,1) (0x6,38) (0x32,4) (0x80,4) (0x87,37) (0xb2,4) (0xc8,2) (0x100,4) (0x107,37) (0x132,4) (0x148,2) (0x204,3) (0x20c,2) (0x212,2) (0x215,6) (0x224,5) (0x22a,1) (0x240,16) (0x27d,1) (0x280,1) (0x207,3)
  load op 5e at 74: base 0xfe0011000 pairs (0x35,8) (0xa2,1) (0x242,1) (0x248,1) (0x24a,2) (0x25b,6) (0x262,1) (0x2bb,5) (0x2c4,16) (0x2e4,8) (0x380,2) (0x383,2) (0x41d,3) (0x24d,1)
  load op 61 at 105: base 0xfe0008000 pairs (0x0,0)
  load op 5f at 110: base 0xfe0010000 pairs (0x0,0)
  load op 5e at 115: base 0xfe0011000 pairs (0x0,0)
  load op 61 at 125: base 0xfe0008000 pairs (0x0,0)
  load op 5f at 130: base 0xfe0010000 pairs (0x0,0)
  load op 5e at 135: base 0xfe0011000 pairs (0x0,0)
submit #5 hib 150 dwords at 0xfe0000000: pass 12 rewrite 2 drop 2 unmapped 0 cc 2 mappings 211 ... OK rc 0 4.56 ms
submit #6 acb 2 dwords at 0xfe003a200: pass 1 rewrite 0 drop 0 unmapped 0 cc 0 mappings 211 ... OK rc 0 4.47 ms
submit #7 acb 55 dwords at 0xfe00427a0: pass 7 rewrite 0 drop 1 unmapped 0 cc 0 mappings 211 ... OK rc 0 4.47 ms
submit #8 hib 2 dwords at 0xfe003a200: pass 1 rewrite 0 drop 0 unmapped 0 cc 0 mappings 211 ... OK rc 0 4.49 ms
submit #9 acb 2 dwords at 0xfe003a200: pass 1 rewrite 0 drop 0 unmapped 0 cc 0 mappings 211 ... OK rc 0 4.53 ms
submit #10 acb 55 dwords at 0xfe00427a0: pass 7 rewrite 0 drop 1 unmapped 0 cc 0 mappings 211 ... OK rc 0 4.48 ms
  load op 9f at 38: addr 0xfe0040068 idx 0 fmt 1 regoff 0x0 n 921 (table contents not committed)
  load op 63 at 43: addr 0xfe0042068 idx 0 fmt 1 regoff 0x0 n 174 (table contents not committed)
  load op 64 at 48: addr 0xfe00425d8 idx 0 fmt 1 regoff 0x0 n 49 (table contents not committed)
submit #11 dcb 96 dwords at 0xfe0042920: pass 20 rewrite 1 drop 3 unmapped 0 cc 0 mappings 211 ... OK rc 0 5.51 ms
submit #12 acb 2 dwords at 0xfe003a200: pass 1 rewrite 0 drop 0 unmapped 0 cc 0 mappings 211 ... OK rc 0 4.50 ms
submit #13 acb 55 dwords at 0xfe00427a0: pass 7 rewrite 0 drop 1 unmapped 0 cc 0 mappings 211 ... OK rc 0 4.50 ms
submit #14 acb 2 dwords at 0xfe003a200: pass 1 rewrite 0 drop 0 unmapped 0 cc 0 mappings 211 ... OK rc 0 4.55 ms
map 0x200070000 +0x10000 ... ok
map 0x2001e0000 +0x10000 ... ok
map 0x2001f0000 +0x4000 ... ok
map 0x302ac0000 +0x20000 ... ok
map 0x303980000 +0x10000 ... ok
map 0x313b68000 +0x10000 ... ok
map 0x314368000 +0x4000 ... ok
map 0x314370000 +0x14000 ... ok
map 0x314388000 +0x40000 ... ok
map 0x3143c8000 +0x30000 ... ok
map 0x3143f8000 +0x80000 ... ok
map 0x314478000 +0x40000 ... ok
map 0x3144b8000 +0x20000 ... ok
map 0x3144d8000 +0x10000 ... ok
map 0x3144e8000 +0x10000 ... ok
map 0x3144f8000 +0x10000 ... ok
map 0x314508000 +0x10000 ... ok
map 0x314518000 +0x330000 ... ok
map 0x401b70000 +0x10000 ... ok
map 0x403670000 +0x10000 ... ok
map 0x403680000 +0x10000 ... ok
map 0x500530000 +0x270000 ... ok
map 0x56d860000 +0x10000 ... ok
map 0x56d870000 +0x10000 ... ok
map 0x56d8c0000 +0x10000 ... ok
map 0x56d930000 +0x10000 ... ok
map 0x56d990000 +0x10000 ... ok
map 0x56d9a0000 +0x10000 ... ok
map 0x56d9b0000 +0x10000 ... ok
map 0x56d9c0000 +0x10000 ... ok
map 0x56dda0000 +0x10000 ... ok
map 0x56e240000 +0x10000 ... ok
map 0x56e250000 +0x10000 ... ok
map 0x56e260000 +0x10000 ... ok
map 0x56e270000 +0x10000 ... ok
map 0x56e650000 +0x10000 ... ok
map 0x56ed50000 +0x20000 ... ok
map 0x600000000 +0x10000 ... ok
map 0x607ff0000 +0x10000 ... ok
map 0x7eebd4000 +0x200000 ... ok
map 0x7eedd8000 +0x200000 ... ok
map 0x7eefdc000 +0x200000 ... ok
map 0x7ef1e0000 +0x200000 ... ok
map 0x7ef3e4000 +0x200000 ... ok
map 0x7ef5e8000 +0x200000 ... ok
map 0x7ef7ec000 +0x200000 ... ok
map 0x7ef9f0000 +0x200000 ... ok
map 0x10ea000000 +0x60000 ... ok
map 0x10ea060000 +0x60000 ... ok
map 0x10ea0c0000 +0x20000 ... ok
map 0x10ea0e0000 +0x160000 ... ok
map 0x10ea240000 +0xb0000 ... ok
map 0x10ea2f0000 +0xac0000 ... ok
map 0x10eadb0000 +0x60000 ... ok
map 0x10eae10000 +0x20000 ... ok
vmas 68 total 12993.3 MiB resident 965.6 MiB mapped 967.6 MiB
submit #15 acb 55 dwords at 0xfe00427a0: pass 7 rewrite 0 drop 1 unmapped 0 cc 0 mappings 266 ... OK rc 0 4.86 ms
map 0x2001f4000 +0x4000 ... ok
map 0x2001f8000 +0x10000 ... ok
map 0x200208000 +0x10000 ... ok
map 0x302ae0000 +0xb0000 ... ok
map 0x303540000 +0x10000 ... ok
map 0x303bd0000 +0x20000 ... ok
map 0x314848000 +0x1c0000 ... ok
map 0x314a08000 +0x50000 ... ok
map 0x314a58000 +0x40000 ... ok
map 0x314a98000 +0x30000 ... ok
map 0x314ac8000 +0x20000 ... ok
map 0x314ae8000 +0x20000 ... ok
map 0x314b08000 +0x10000 ... ok
map 0x314b18000 +0x10000 ... ok
map 0x314b28000 +0x10000 ... ok
map 0x314b38000 +0x140000 ... ok
map 0x314c78000 +0x40000 ... ok
map 0x314cb8000 +0x40000 ... ok
map 0x314cf8000 +0x40000 ... ok
map 0x314d38000 +0x20000 ... ok
map 0x314d58000 +0x10000 ... ok
map 0x314d68000 +0x10000 ... ok
map 0x314d78000 +0x10000 ... ok
map 0x314d88000 +0x10000 ... ok
map 0x314d98000 +0x150000 ... ok
map 0x314ee8000 +0x40000 ... ok
map 0x314f28000 +0x40000 ... ok
map 0x314f68000 +0x30000 ... ok
map 0x314f98000 +0x20000 ... ok
map 0x314fb8000 +0x20000 ... ok
map 0x314fd8000 +0x10000 ... ok
map 0x314fe8000 +0x10000 ... ok
map 0x314ff8000 +0x10000 ... ok
map 0x315008000 +0x140000 ... ok
map 0x315148000 +0x40000 ... ok
map 0x315188000 +0x40000 ... ok
map 0x3151c8000 +0x40000 ... ok
map 0x315208000 +0x20000 ... ok
map 0x315228000 +0x10000 ... ok
map 0x315238000 +0x10000 ... ok
map 0x315248000 +0x10000 ... ok
map 0x315258000 +0x10000 ... ok
map 0x315268000 +0x150000 ... ok
map 0x3153b8000 +0x70000 ... ok
map 0x315428000 +0x10000 ... ok
map 0x315438000 +0x20000 ... ok
map 0x315458000 +0x20000 ... ok
map 0x315478000 +0x30000 ... ok
map 0x3154a8000 +0x10000 ... ok
map 0x3154d8000 +0x10000 ... ok
map 0x315518000 +0x10000 ... ok
map 0x315558000 +0x10000 ... ok
map 0x315598000 +0x10000 ... ok
map 0x3155d8000 +0x10000 ... ok
map 0x315618000 +0x10000 ... ok
map 0x315628000 +0x10000 ... ok
map 0x315668000 +0x10000 ... ok
map 0x315678000 +0x10000 ... ok
map 0x315688000 +0x20000 ... ok
map 0x3156a8000 +0x20000 ... ok
map 0x3156c8000 +0x40000 ... ok
map 0x315708000 +0x10000 ... ok
map 0x315718000 +0x50000 ... ok
map 0x315768000 +0x10000 ... ok
map 0x315778000 +0x10000 ... ok
map 0x315788000 +0xc000 ... ok
map 0x315b88000 +0x14000 ... ok
map 0x315f90000 +0x20000 ... ok
map 0x315fe0000 +0xa9d0000 ... FAILED
map 0x37dfe0000 +0x8000 ... ok
map 0x403690000 +0x40000 ... ok
map 0x5007a0000 +0x90000 ... ok
map 0x56f790000 +0x60000 ... ok
map 0x56f9e0000 +0x10000 ... ok
map 0x5705e0000 +0x10000 ... ok
map 0x5707e0000 +0x10000 ... ok
map 0x5707f0000 +0x10000 ... ok
map 0x570a90000 +0x10000 ... ok
map 0x570b50000 +0x20000 ... ok
map 0x570b70000 +0x10000 ... ok
map 0x570f40000 +0x30000 ... ok
map 0x571450000 +0x30000 ... ok
map 0x571480000 +0x10000 ... ok
map 0x571940000 +0x10000 ... ok
map 0x571a60000 +0x20000 ... ok
map 0x571a80000 +0x10000 ... ok
map 0x7ee3d8000 +0x120000 ... ok
map 0x7ee4fc000 +0x120000 ... ok
map 0x7ee620000 +0x120000 ... ok
map 0x7ee744000 +0x120000 ... ok
map 0x7ee868000 +0x120000 ... ok
map 0x7ee98c000 +0x120000 ... ok
map 0x7eeab0000 +0x120000 ... ok
map 0x90f220000 +0x30000 ... ok
map 0x1000000000 +0x100000 ... ok
map 0x1054e00000 +0x1ae0000 ... ok
vmas 79 total 13001.3 MiB resident 1188.5 MiB mapped 1021.2 MiB
submit #16 acb 2 dwords at 0xfe003a200: pass 1 rewrite 0 drop 0 unmapped 0 cc 0 mappings 361 ... OK rc 0 5.31 ms
map 0x200218000 +0xc000 ... ok
map 0x315fe0000 +0x4000 ... ok
map 0x315fe8000 +0xa9f8000 ... ok
map 0x320a14000 +0x30000 ... ok
map 0x321234000 +0x18000 ... ok
map 0x321280000 +0x60000 ... ok
map 0x3212e0000 +0xd20000 ... ok
map 0x7eddcc000 +0x200000 ... ok
map 0x7edfd0000 +0x200000 ... ok
map 0x7ee1d4000 +0x200000 ... ok
vmas 85 total 13007.3 MiB resident 1210.8 MiB mapped 1211.0 MiB
submit #17 acb 55 dwords at 0xfe00427a0: pass 7 rewrite 0 drop 1 unmapped 0 cc 0 mappings 371 ... OK rc 0 6.18 ms
map 0x322000000 +0xb30000 ... ok
vmas 85 total 13007.3 MiB resident 1222.2 MiB mapped 1222.2 MiB
submit #18 acb 2 dwords at 0xfe003a200: pass 1 rewrite 0 drop 0 unmapped 0 cc 0 mappings 372 ... OK rc 0 6.17 ms
map 0x322b30000 +0x6b0000 ... ok
vmas 85 total 13007.3 MiB resident 1228.8 MiB mapped 1228.9 MiB
submit #19 acb 55 dwords at 0xfe00427a0: pass 7 rewrite 0 drop 1 unmapped 0 cc 0 mappings 373 ... OK rc 0 6.75 ms
submit #20 acb 2 dwords at 0xfe003a200: pass 1 rewrite 0 drop 0 unmapped 0 cc 0 mappings 373 ... OK rc 0 6.25 ms
map 0x323630000 +0x10000 ... ok
vmas 85 total 13007.3 MiB resident 1228.9 MiB mapped 1229.0 MiB
submit #21 acb 55 dwords at 0xfe00427a0: pass 7 rewrite 0 drop 1 unmapped 0 cc 0 mappings 374 ... OK rc 0 7.42 ms
map 0x3231e0000 +0x450000 ... ok
map 0x323820000 +0x10000 ... ok
vmas 85 total 13007.3 MiB resident 1233.3 MiB mapped 1233.3 MiB
submit #22 acb 2 dwords at 0xfe003a200: pass 1 rewrite 0 drop 0 unmapped 0 cc 0 mappings 376 ... OK rc 0 6.36 ms
map 0x323640000 +0x1e0000 ... ok
map 0x323830000 +0x280000 ... ok
map 0x323de0000 +0x10000 ... ok
vmas 85 total 13007.3 MiB resident 1237.7 MiB mapped 1237.8 MiB
submit #23 acb 55 dwords at 0xfe00427a0: pass 7 rewrite 0 drop 1 unmapped 0 cc 0 mappings 379 ... OK rc 0 6.40 ms
map 0x323ab0000 +0x330000 ... ok
map 0x323df0000 +0x1f0000 ... ok
map 0x4036d0000 +0x10000 ... ok
map 0x500830000 +0x10000 ... ok
map 0x579800000 +0x10000 ... ok
vmas 85 total 13007.3 MiB resident 1242.9 MiB mapped 1243.1 MiB
submit #24 acb 2 dwords at 0xfe003a200: pass 1 rewrite 0 drop 0 unmapped 0 cc 0 mappings 384 ... EFAULT, resync ... unmap 0x3212e0000 +0xd20000 (no longer rw anonymous) ... ok
map 0x200224000 +0x4000 ... ok
map 0x200228000 +0x4000 ... ok
map 0x300a48000 +0x10000 ... ok
map 0x301690000 +0x10000 ... ok
map 0x3212e0000 +0xc4c000 ... ok
map 0x321f30000 +0xd0000 ... ok
map 0x323fe0000 +0x20000 ... ok
map 0x3240f0000 +0x3a0000 ... ok
map 0x324580000 +0x7c000 ... ok
map 0x324670000 +0x2f0000 ... ok
map 0x500840000 +0x10000 ... ok
map 0x502700000 +0x10000 ... ok
map 0x502df0000 +0x20000 ... ok
map 0x503c00000 +0x10000 ... ok
map 0x5042f0000 +0x20000 ... ok
map 0x504e00000 +0x10000 ... ok
map 0x5051f0000 +0x20000 ... ok
map 0x505a00000 +0x10000 ... ok
map 0x505df0000 +0x20000 ... ok
map 0x506800000 +0x10000 ... ok
map 0x506df0000 +0x20000 ... ok
map 0x50cc30000 +0x10000 ... ok
map 0x7ebab0000 +0x500000 ... ok
map 0x7ebfb4000 +0x500000 ... ok
map 0x7ec4b8000 +0x500000 ... ok
map 0x7ec9bc000 +0x500000 ... ok
map 0x7ecec0000 +0x500000 ... ok
map 0x7ed3c4000 +0x500000 ... ok
map 0x7ed8c8000 +0x500000 ... ok
map 0x1000100000 +0x330000 ... ok
map 0x10eae30000 +0x1080000 ... ok
vmas 94 total 13042.3 MiB resident 1305.0 MiB mapped 1306.1 MiB
OK rc 0 (retried) 6.59 ms
map 0x20022c000 +0xc000 ... ok
map 0x200238000 +0x10000 ... ok
map 0x200248000 +0x10000 ... ok
map 0x308450000 +0x10000 ... ok
map 0x311970000 +0x20000 ... ok
map 0x311990000 +0x30000 ... ok
map 0x324960000 +0xb0000 ... ok
map 0x7ea6a0000 +0x500000 ... ok
map 0x7eaba4000 +0x500000 ... ok
map 0x7eb0a8000 +0x500000 ... ok
map 0x7eb5ac000 +0x500000 ... ok
map 0x1000430000 +0x10000 ... ok
map 0x10ebeb0000 +0x170000 ... ok
vmas 98 total 13062.5 MiB resident 1328.6 MiB mapped 1328.9 MiB
submit #25 acb 55 dwords at 0xfe00427a0: pass 7 rewrite 0 drop 1 unmapped 0 cc 0 mappings 427 ... OK rc 0 6.78 ms
submit #26 cc 3 dwords at 0x313b17cd4: pass 0 rewrite 1 drop 0 unmapped 0 cc 1 mappings 427 ... OK rc 0 6.70 ms
submit #27 acb 2 dwords at 0xfe003a200: pass 1 rewrite 0 drop 0 unmapped 0 cc 0 mappings 427 ... OK rc 0 6.68 ms
submit #28 acb 55 dwords at 0xfe00427a0: pass 7 rewrite 0 drop 1 unmapped 0 cc 0 mappings 427 ... OK rc 0 6.70 ms
  load op 61 at 10: base 0xfe0008000 pairs (0x0,215) (0xd8,272) (0x1f5,4) (0x1ff,158) (0x2a0,2) (0x2a3,1) (0x2a5,66) (0x2f5,203)
  load op 5f at 29: base 0xfe0010000 pairs (0x1,1) (0x6,38) (0x32,4) (0x80,4) (0x87,37) (0xb2,4) (0xc8,2) (0x100,4) (0x107,37) (0x132,4) (0x148,2) (0x204,3) (0x20c,2) (0x212,2) (0x215,6) (0x224,5) (0x22a,1) (0x240,16) (0x27d,1) (0x280,1) (0x207,3)
  load op 5e at 74: base 0xfe0011000 pairs (0x35,8) (0xa2,1) (0x242,1) (0x248,1) (0x24a,2) (0x25b,6) (0x262,1) (0x2bb,5) (0x2c4,16) (0x2e4,8) (0x380,2) (0x383,2) (0x41d,3) (0x24d,1)
  load op 61 at 105: base 0xfe0008000 pairs (0x0,0)
  load op 5f at 110: base 0xfe0010000 pairs (0x0,0)
  load op 5e at 115: base 0xfe0011000 pairs (0x0,0)
  load op 61 at 125: base 0xfe0008000 pairs (0x0,0)
  load op 5f at 130: base 0xfe0010000 pairs (0x0,0)
  load op 5e at 135: base 0xfe0011000 pairs (0x0,0)
submit #29 hib 150 dwords at 0xfe0000000: pass 12 rewrite 2 drop 2 unmapped 0 cc 2 mappings 427 ... OK rc 0 6.70 ms
submit #30 acb 2 dwords at 0xfe003a200: pass 1 rewrite 0 drop 0 unmapped 0 cc 0 mappings 427 ... OK rc 0 6.76 ms
submit #31 acb 55 dwords at 0xfe00427a0: pass 7 rewrite 0 drop 1 unmapped 0 cc 0 mappings 427 ... OK rc 0 6.69 ms
map 0xf00110000 +0x10000 ... ok
vmas 98 total 13062.5 MiB resident 1328.9 MiB mapped 1328.9 MiB
submit #32 hib 2 dwords at 0xfe003a200: pass 1 rewrite 0 drop 0 unmapped 0 cc 0 mappings 428 ... OK rc 0 6.74 ms
submit #33 acb 2 dwords at 0xfe003a200: pass 1 rewrite 0 drop 0 unmapped 0 cc 0 mappings 428 ... OK rc 0 6.70 ms
submit #34 acb 55 dwords at 0xfe00427a0: pass 7 rewrite 0 drop 1 unmapped 0 cc 0 mappings 428 ... OK rc 0 6.73 ms
  load op 9f at 38: addr 0xfe0040068 idx 0 fmt 1 regoff 0x0 n 921 (table contents not committed)
  load op 63 at 43: addr 0xfe0042068 idx 0 fmt 1 regoff 0x0 n 174 (table contents not committed)
  load op 64 at 48: addr 0xfe00425d8 idx 0 fmt 1 regoff 0x0 n 49 (table contents not committed)
submit #35 dcb 96 dwords at 0xfe0042920: pass 20 rewrite 1 drop 3 unmapped 0 cc 0 mappings 428 ... OK rc 0 6.75 ms
submit #36 acb 2 dwords at 0xfe003a200: pass 1 rewrite 0 drop 0 unmapped 0 cc 0 mappings 428 ... OK rc 0 6.76 ms
submit #37 acb 55 dwords at 0xfe00427a0: pass 7 rewrite 0 drop 1 unmapped 0 cc 0 mappings 428 ... OK rc 0 6.68 ms
submit #38 cc 3 dwords at 0x313b17cf4: pass 0 rewrite 1 drop 0 unmapped 0 cc 1 mappings 428 ... OK rc 0 6.72 ms
submit #39 acb 2 dwords at 0xfe003a200: pass 1 rewrite 0 drop 0 unmapped 0 cc 0 mappings 428 ... OK rc 0 6.68 ms
submit #40 acb 55 dwords at 0xfe00427a0: pass 7 rewrite 0 drop 1 unmapped 0 cc 0 mappings 428 ... OK rc 0 6.70 ms
  load op 61 at 10: base 0xfe0008000 pairs (0x0,215) (0xd8,272) (0x1f5,4) (0x1ff,158) (0x2a0,2) (0x2a3,1) (0x2a5,66) (0x2f5,203)
  load op 5f at 29: base 0xfe0010000 pairs (0x1,1) (0x6,38) (0x32,4) (0x80,4) (0x87,37) (0xb2,4) (0xc8,2) (0x100,4) (0x107,37) (0x132,4) (0x148,2) (0x204,3) (0x20c,2) (0x212,2) (0x215,6) (0x224,5) (0x22a,1) (0x240,16) (0x27d,1) (0x280,1) (0x207,3)
  load op 5e at 74: base 0xfe0011000 pairs (0x35,8) (0xa2,1) (0x242,1) (0x248,1) (0x24a,2) (0x25b,6) (0x262,1) (0x2bb,5) (0x2c4,16) (0x2e4,8) (0x380,2) (0x383,2) (0x41d,3) (0x24d,1)
  load op 61 at 105: base 0xfe0008000 pairs (0x0,0)
  load op 5f at 110: base 0xfe0010000 pairs (0x0,0)
  load op 5e at 115: base 0xfe0011000 pairs (0x0,0)
  load op 61 at 125: base 0xfe0008000 pairs (0x0,0)
  load op 5f at 130: base 0xfe0010000 pairs (0x0,0)
  load op 5e at 135: base 0xfe0011000 pairs (0x0,0)
submit #41 hib 150 dwords at 0xfe0000000: pass 12 rewrite 2 drop 2 unmapped 0 cc 2 mappings 428 ... OK rc 0 6.82 ms
submit #42 acb 2 dwords at 0xfe003a200: pass 1 rewrite 0 drop 0 unmapped 0 cc 0 mappings 428 ... OK rc 0 6.69 ms
submit #43 acb 55 dwords at 0xfe00427a0: pass 7 rewrite 0 drop 1 unmapped 0 cc 0 mappings 428 ... OK rc 0 6.92 ms
submit #44 hib 2 dwords at 0xfe003a200: pass 1 rewrite 0 drop 0 unmapped 0 cc 0 mappings 428 ... OK rc 0 6.72 ms
submit #45 acb 2 dwords at 0xfe003a200: pass 1 rewrite 0 drop 0 unmapped 0 cc 0 mappings 428 ... OK rc 0 6.67 ms
submit #46 acb 55 dwords at 0xfe00427a0: pass 7 rewrite 0 drop 1 unmapped 0 cc 0 mappings 428 ... OK rc 0 6.71 ms
  load op 9f at 38: addr 0xfe0040068 idx 0 fmt 1 regoff 0x0 n 921 (table contents not committed)
  load op 63 at 43: addr 0xfe0042068 idx 0 fmt 1 regoff 0x0 n 174 (table contents not committed)
  load op 64 at 48: addr 0xfe00425d8 idx 0 fmt 1 regoff 0x0 n 49 (table contents not committed)
submit #47 dcb 96 dwords at 0xfe0042920: pass 20 rewrite 1 drop 3 unmapped 0 cc 0 mappings 428 ... OK rc 0 6.79 ms
submit #48 acb 2 dwords at 0xfe003a200: pass 1 rewrite 0 drop 0 unmapped 0 cc 0 mappings 428 ... OK rc 0 6.75 ms
submit #49 acb 55 dwords at 0xfe00427a0: pass 7 rewrite 0 drop 1 unmapped 0 cc 0 mappings 428 ... OK rc 0 6.73 ms
hint CB0 0x538bc0000: window 0x536bc0000+0x4000000, mapped +0.0 MiB
hint CB0 0x55675f000: window 0x554750000+0x4000000, mapped +31.9 MiB
hint CB0 0x563800000: window 0x561800000+0x4000000, mapped +64.0 MiB
hint CB0 0x55c00d000: window 0x55a000000+0x4000000, mapped +0.0 MiB
hint CB0 0x5637f0000: window 0x5617f0000+0x4000000, mapped +0.1 MiB
hint CB0 0x516830000: window 0x514830000+0x4000000, mapped +64.0 MiB
hint CB0 0x56c05e000: window 0x56a050000+0x4000000, mapped +63.4 MiB
hint DB_HTILE 0x514050000: window 0x512050000+0x4000000, mapped +39.9 MiB
hint DB_Z_READ 0x513560000: window 0x511560000+0x4000000, mapped +10.9 MiB
hint DB_STENCIL_READ 0x513dd0000: window 0x511dd0000+0x4000000, mapped +0.0 MiB
  load op 9f at 36: addr 0xfe0040068 idx 0 fmt 1 regoff 0x0 n 921 (table contents not committed)
  load op 63 at 41: addr 0xfe0042068 idx 0 fmt 1 regoff 0x0 n 174 (table contents not committed)
  load op 64 at 46: addr 0xfe00425d8 idx 0 fmt 1 regoff 0x0 n 57 (table contents not committed)
  load op 9f at 88: addr 0x504301500 idx 0 fmt 1 regoff 0x0 n 136 (table contents not committed)
  load op 64 at 93: addr 0x504300500 idx 0 fmt 1 regoff 0x0 n 3 (table contents not committed)
  load op 63 at 98: addr 0x5042ff500 idx 0 fmt 1 regoff 0x0 n 3 (table contents not committed)
  load op 9f at 1460: addr 0xfe0040068 idx 0 fmt 1 regoff 0x0 n 921 (table contents not committed)
  load op 9f at 1467: addr 0x504301940 idx 0 fmt 1 regoff 0x0 n 70 (table contents not committed)
  load op 63 at 1472: addr 0x908e5ff90 idx 0 fmt 1 regoff 0x0 n 6 (table contents not committed)
  load op 9f at 1477: addr 0x908e5ffc0 idx 0 fmt 1 regoff 0x0 n 10 (table contents not committed)
  load op 63 at 1482: addr 0x908e5f7d0 idx 0 fmt 1 regoff 0x0 n 6 (table contents not committed)
  load op 9f at 1487: addr 0x908e5f800 idx 0 fmt 1 regoff 0x0 n 9 (table contents not committed)
  load op 64 at 1492: addr 0x504300518 idx 0 fmt 1 regoff 0x0 n 5 (table contents not committed)
  load op 9f at 2112: addr 0x504301b70 idx 0 fmt 1 regoff 0x0 n 131 (table contents not committed)
  load op 64 at 2119: addr 0x504300540 idx 0 fmt 1 regoff 0x0 n 1 (table contents not committed)
  load op 9f at 2151: addr 0xfe0040068 idx 0 fmt 1 regoff 0x0 n 921 (table contents not committed)
  load op 9f at 2158: addr 0x504301f88 idx 0 fmt 1 regoff 0x0 n 70 (table contents not committed)
  load op 63 at 2163: addr 0x908e5ff90 idx 0 fmt 1 regoff 0x0 n 6 (table contents not committed)
  load op 9f at 2168: addr 0x908e5ffc0 idx 0 fmt 1 regoff 0x0 n 10 (table contents not committed)
  load op 63 at 2173: addr 0x908e5f7d0 idx 0 fmt 1 regoff 0x0 n 6 (table contents not committed)
  load op 9f at 2178: addr 0x908e5f800 idx 0 fmt 1 regoff 0x0 n 9 (table contents not committed)
  load op 64 at 2183: addr 0x504300548 idx 0 fmt 1 regoff 0x0 n 5 (table contents not committed)
  load op 9f at 2301: addr 0x5043021b8 idx 0 fmt 1 regoff 0x0 n 98 (table contents not committed)
  load op 64 at 2308: addr 0x504300570 idx 0 fmt 1 regoff 0x0 n 1 (table contents not committed)
  load op 9f at 2313: addr 0x5042fe500 idx 0 fmt 1 regoff 0x0 n 33 (table contents not committed)
  load op 9f at 2345: addr 0xfe0040068 idx 0 fmt 1 regoff 0x0 n 921 (table contents not committed)
  load op 9f at 2352: addr 0x5042fe608 idx 0 fmt 1 regoff 0x0 n 70 (table contents not committed)
  load op 63 at 2357: addr 0x908e5ff90 idx 0 fmt 1 regoff 0x0 n 6 (table contents not committed)
  load op 9f at 2362: addr 0x908e5ffc0 idx 0 fmt 1 regoff 0x0 n 10 (table contents not committed)
  load op 63 at 2367: addr 0x908e5f7d0 idx 0 fmt 1 regoff 0x0 n 6 (table contents not committed)
  load op 9f at 2372: addr 0x908e5f800 idx 0 fmt 1 regoff 0x0 n 9 (table contents not committed)
  load op 64 at 2377: addr 0x504300578 idx 0 fmt 1 regoff 0x0 n 5 (table contents not committed)
  load op 63 at 2473: addr 0x5042ff518 idx 0 fmt 1 regoff 0x0 n 10 (table contents not committed)
  load op 63 at 2664: addr 0x5042ff568 idx 0 fmt 1 regoff 0x0 n 28 (table contents not committed)
  load op 64 at 2738: addr 0x5043005a0 idx 0 fmt 1 regoff 0x0 n 5 (table contents not committed)
  load op 9f at 2745: addr 0x5042fe838 idx 0 fmt 1 regoff 0x0 n 290 (table contents not committed)
submit #50 dcb 3257 dwords at 0x503c02500: pass 333 rewrite 128 drop 139 unmapped 0 cc 6 mappings 440 ... OK rc 0 8.79 ms
submit #51 acb 2 dwords at 0xfe003a200: pass 1 rewrite 0 drop 0 unmapped 0 cc 0 mappings 440 ... OK rc 0 7.94 ms
submit #52 acb 55 dwords at 0xfe00427a0: pass 7 rewrite 0 drop 1 unmapped 0 cc 0 mappings 440 ... OK rc 0 7.92 ms
  load op 9f at 38: addr 0xfe0040068 idx 0 fmt 1 regoff 0x0 n 921 (table contents not committed)
  load op 63 at 43: addr 0xfe0042068 idx 0 fmt 1 regoff 0x0 n 174 (table contents not committed)
  load op 64 at 48: addr 0xfe00425d8 idx 0 fmt 1 regoff 0x0 n 57 (table contents not committed)
  load op 9f at 90: addr 0x505e01500 idx 0 fmt 1 regoff 0x0 n 5 (table contents not committed)
  load op 64 at 95: addr 0x505e00500 idx 0 fmt 1 regoff 0x0 n 2 (table contents not committed)
  load op 63 at 100: addr 0x505dff500 idx 0 fmt 1 regoff 0x0 n 3 (table contents not committed)
submit #53 dcb 851 dwords at 0x505a02500: pass 47 rewrite 54 drop 46 unmapped 0 cc 0 mappings 440 ... OK rc 0 8.15 ms
submit #54 acb 2 dwords at 0xfe003a200: pass 1 rewrite 0 drop 0 unmapped 0 cc 0 mappings 440 ... OK rc 0 7.89 ms
submit #55 acb 55 dwords at 0xfe00427a0: pass 7 rewrite 0 drop 1 unmapped 0 cc 0 mappings 440 ... OK rc 0 7.92 ms
hint CB0 0x510d10000: window 0x50ed10000+0x4000000, mapped +40.3 MiB
hint CB0 0x56d898000: window 0x56b890000+0x4000000, mapped +23.4 MiB
hint CB0 0x512570000: window 0x510570000+0x4000000, mapped +0.0 MiB
  load op 9f at 35: addr 0xfe0040068 idx 0 fmt 1 regoff 0x0 n 921 (table contents not committed)
  load op 63 at 40: addr 0xfe0042068 idx 0 fmt 1 regoff 0x0 n 174 (table contents not committed)
  load op 64 at 45: addr 0xfe00425d8 idx 0 fmt 1 regoff 0x0 n 57 (table contents not committed)
  load op 9f at 87: addr 0x506e01500 idx 0 fmt 1 regoff 0x0 n 136 (table contents not committed)
  load op 64 at 92: addr 0x506e00500 idx 0 fmt 1 regoff 0x0 n 3 (table contents not committed)
  load op 63 at 97: addr 0x506dff500 idx 0 fmt 1 regoff 0x0 n 3 (table contents not committed)
  load op 9f at 212: addr 0xfe0040068 idx 0 fmt 1 regoff 0x0 n 921 (table contents not committed)
  load op 9f at 219: addr 0x506e01940 idx 0 fmt 1 regoff 0x0 n 70 (table contents not committed)
  load op 63 at 224: addr 0x908e5ff90 idx 0 fmt 1 regoff 0x0 n 6 (table contents not committed)
  load op 9f at 229: addr 0x908e5ffc0 idx 0 fmt 1 regoff 0x0 n 10 (table contents not committed)
  load op 63 at 234: addr 0x908e5f7d0 idx 0 fmt 1 regoff 0x0 n 6 (table contents not committed)
  load op 9f at 239: addr 0x908e5f800 idx 0 fmt 1 regoff 0x0 n 9 (table contents not committed)
  load op 64 at 244: addr 0x506e00518 idx 0 fmt 1 regoff 0x0 n 5 (table contents not committed)
  load op 9f at 340: addr 0x506e01b70 idx 0 fmt 1 regoff 0x0 n 131 (table contents not committed)
  load op 64 at 347: addr 0x506e00540 idx 0 fmt 1 regoff 0x0 n 1 (table contents not committed)
  load op 9f at 379: addr 0xfe0040068 idx 0 fmt 1 regoff 0x0 n 921 (table contents not committed)
  load op 9f at 386: addr 0x506e01f88 idx 0 fmt 1 regoff 0x0 n 70 (table contents not committed)
  load op 63 at 391: addr 0x908e5ff90 idx 0 fmt 1 regoff 0x0 n 6 (table contents not committed)
  load op 9f at 396: addr 0x908e5ffc0 idx 0 fmt 1 regoff 0x0 n 10 (table contents not committed)
  load op 63 at 401: addr 0x908e5f7d0 idx 0 fmt 1 regoff 0x0 n 6 (table contents not committed)
  load op 9f at 406: addr 0x908e5f800 idx 0 fmt 1 regoff 0x0 n 9 (table contents not committed)
  load op 64 at 411: addr 0x506e00548 idx 0 fmt 1 regoff 0x0 n 5 (table contents not committed)
  load op 9f at 548: addr 0x506e021b8 idx 0 fmt 1 regoff 0x0 n 98 (table contents not committed)
  load op 64 at 555: addr 0x506e00570 idx 0 fmt 1 regoff 0x0 n 1 (table contents not committed)
  load op 9f at 560: addr 0x506dfe500 idx 0 fmt 1 regoff 0x0 n 33 (table contents not committed)
  load op 9f at 592: addr 0xfe0040068 idx 0 fmt 1 regoff 0x0 n 921 (table contents not committed)
  load op 9f at 599: addr 0x506dfe608 idx 0 fmt 1 regoff 0x0 n 70 (table contents not committed)
  load op 63 at 604: addr 0x908e5ff90 idx 0 fmt 1 regoff 0x0 n 6 (table contents not committed)
  load op 9f at 609: addr 0x908e5ffc0 idx 0 fmt 1 regoff 0x0 n 10 (table contents not committed)
  load op 63 at 614: addr 0x908e5f7d0 idx 0 fmt 1 regoff 0x0 n 6 (table contents not committed)
  load op 9f at 619: addr 0x908e5f800 idx 0 fmt 1 regoff 0x0 n 9 (table contents not committed)
  load op 64 at 624: addr 0x506e00578 idx 0 fmt 1 regoff 0x0 n 5 (table contents not committed)
submit #56 dcb 798 dwords at 0x506802500: pass 103 rewrite 28 drop 29 unmapped 0 cc 6 mappings 446 ... OK rc 0 8.54 ms
submit #57 acb 2 dwords at 0xfe003a200: pass 1 rewrite 0 drop 0 unmapped 0 cc 0 mappings 446 ... OK rc 0 8.32 ms
submit #58 acb 55 dwords at 0xfe00427a0: pass 7 rewrite 0 drop 1 unmapped 0 cc 0 mappings 446 ... OK rc 0 8.27 ms
hint DB_HTILE 0x55c050000: window 0x55a050000+0x4000000, mapped +0.0 MiB
hint DB_Z_READ 0x527430000: window 0x525430000+0x4000000, mapped +64.0 MiB
  load op 9f at 36: addr 0xfe0040068 idx 0 fmt 1 regoff 0x0 n 921 (table contents not committed)
  load op 63 at 41: addr 0xfe0042068 idx 0 fmt 1 regoff 0x0 n 174 (table contents not committed)
  load op 64 at 46: addr 0xfe00425d8 idx 0 fmt 1 regoff 0x0 n 57 (table contents not committed)
  load op 9f at 88: addr 0x505201500 idx 0 fmt 1 regoff 0x0 n 5 (table contents not committed)
  load op 64 at 93: addr 0x505200500 idx 0 fmt 1 regoff 0x0 n 2 (table contents not committed)
  load op 63 at 98: addr 0x5051ff500 idx 0 fmt 1 regoff 0x0 n 3 (table contents not committed)
  load op 9f at 756: addr 0xfe0040068 idx 0 fmt 1 regoff 0x0 n 921 (table contents not committed)
  load op 9f at 763: addr 0x505201528 idx 0 fmt 1 regoff 0x0 n 74 (table contents not committed)
  load op 63 at 768: addr 0x908e5ff90 idx 0 fmt 1 regoff 0x0 n 6 (table contents not committed)
  load op 9f at 773: addr 0x908e5ffc0 idx 0 fmt 1 regoff 0x0 n 10 (table contents not committed)
  load op 64 at 778: addr 0x505200510 idx 0 fmt 1 regoff 0x0 n 5 (table contents not committed)
  load op 9f at 901: addr 0xfe0040068 idx 0 fmt 1 regoff 0x0 n 921 (table contents not committed)
  load op 9f at 908: addr 0x505201778 idx 0 fmt 1 regoff 0x0 n 74 (table contents not committed)
  load op 63 at 913: addr 0x908e5ff90 idx 0 fmt 1 regoff 0x0 n 6 (table contents not committed)
  load op 9f at 918: addr 0x908e5ffc0 idx 0 fmt 1 regoff 0x0 n 10 (table contents not committed)
  load op 64 at 923: addr 0x505200538 idx 0 fmt 1 regoff 0x0 n 5 (table contents not committed)
  load op 9f at 1046: addr 0xfe0040068 idx 0 fmt 1 regoff 0x0 n 921 (table contents not committed)
  load op 9f at 1053: addr 0x5052019c8 idx 0 fmt 1 regoff 0x0 n 74 (table contents not committed)
  load op 63 at 1058: addr 0x908e5ff90 idx 0 fmt 1 regoff 0x0 n 6 (table contents not committed)
  load op 9f at 1063: addr 0x908e5ffc0 idx 0 fmt 1 regoff 0x0 n 10 (table contents not committed)
  load op 64 at 1068: addr 0x505200560 idx 0 fmt 1 regoff 0x0 n 5 (table contents not committed)
submit #59 dcb 1248 dwords at 0x504e02500: pass 151 rewrite 39 drop 52 unmapped 0 cc 6 mappings 447 ... OK rc 0 8.66 ms
flip 1/0 buffer 0x507410000 +0x1fe0000: sum 0x0 nonzero 0/8160
map 0x507410000 +0x1bb0000 ... ok
vmas 98 total 13062.5 MiB resident 1758.5 MiB mapped 1758.6 MiB
submit #60 acb 2 dwords at 0xfe003a200: pass 1 rewrite 0 drop 0 unmapped 0 cc 0 mappings 448 ... OK rc 0 8.64 ms
map 0x508fc0000 +0x430000 ... ok
vmas 98 total 13062.5 MiB resident 1762.8 MiB mapped 1762.8 MiB
submit #61 acb 55 dwords at 0xfe00427a0: pass 7 rewrite 0 drop 1 unmapped 0 cc 0 mappings 449 ... OK rc 0 8.69 ms
submit #62 acb 2 dwords at 0xfe003a200: pass 1 rewrite 0 drop 0 unmapped 0 cc 0 mappings 449 ... OK rc 0 8.90 ms
submit #63 acb 55 dwords at 0xfe00427a0: pass 7 rewrite 0 drop 1 unmapped 0 cc 0 mappings 449 ... OK rc 0 8.67 ms
submit #64 acb 2 dwords at 0xfe003a200: pass 1 rewrite 0 drop 0 unmapped 0 cc 0 mappings 449 ... OK rc 0 8.64 ms
submit #65 acb 55 dwords at 0xfe00427a0: pass 7 rewrite 0 drop 1 unmapped 0 cc 0 mappings 449 ... OK rc 0 8.86 ms
submit #66 acb 2 dwords at 0xfe003a200: pass 1 rewrite 0 drop 0 unmapped 0 cc 0 mappings 449 ... OK rc 0 8.63 ms
submit #67 acb 55 dwords at 0xfe00427a0: pass 7 rewrite 0 drop 1 unmapped 0 cc 0 mappings 449 ... OK rc 0 8.68 ms
submit #68 acb 2 dwords at 0xfe003a200: pass 1 rewrite 0 drop 0 unmapped 0 cc 0 mappings 449 ... OK rc 0 8.63 ms
submit #69 acb 55 dwords at 0xfe00427a0: pass 7 rewrite 0 drop 1 unmapped 0 cc 0 mappings 449 ... OK rc 0 8.64 ms
submit #70 acb 2 dwords at 0xfe003a200: pass 1 rewrite 0 drop 0 unmapped 0 cc 0 mappings 449 ... OK rc 0 8.61 ms
submit #71 acb 55 dwords at 0xfe00427a0: pass 7 rewrite 0 drop 1 unmapped 0 cc 0 mappings 449 ... OK rc 0 8.62 ms
submit #72 acb 2 dwords at 0xfe003a200: pass 1 rewrite 0 drop 0 unmapped 0 cc 0 mappings 449 ... OK rc 0 8.65 ms
submit #73 acb 55 dwords at 0xfe00427a0: pass 7 rewrite 0 drop 1 unmapped 0 cc 0 mappings 449 ... OK rc 0 8.65 ms
map 0xf00120000 +0x10000 ... ok
vmas 98 total 13062.5 MiB resident 1762.8 MiB mapped 1762.8 MiB
submit #74 acb 2 dwords at 0xfe003a200: pass 1 rewrite 0 drop 0 unmapped 0 cc 0 mappings 450 ... OK rc 0 8.61 ms
submit #75 acb 55 dwords at 0xfe00427a0: pass 7 rewrite 0 drop 1 unmapped 0 cc 0 mappings 450 ... OK rc 0 8.71 ms
submit #76 acb 2 dwords at 0xfe003a200: pass 1 rewrite 0 drop 0 unmapped 0 cc 0 mappings 450 ... OK rc 0 8.70 ms
submit #77 acb 55 dwords at 0xfe00427a0: pass 7 rewrite 0 drop 1 unmapped 0 cc 0 mappings 450 ... OK rc 0 8.62 ms
submit #78 acb 2 dwords at 0xfe003a200: pass 1 rewrite 0 drop 0 unmapped 0 cc 0 mappings 450 ... OK rc 0 8.61 ms
submit #79 acb 55 dwords at 0xfe00427a0: pass 7 rewrite 0 drop 1 unmapped 0 cc 0 mappings 450 ... OK rc 0 8.61 ms
submit #80 acb 2 dwords at 0xfe003a200: pass 1 rewrite 0 drop 0 unmapped 0 cc 0 mappings 450 ... OK rc 0 8.68 ms
submit #81 acb 55 dwords at 0xfe00427a0: pass 7 rewrite 0 drop 1 unmapped 0 cc 0 mappings 450 ... OK rc 0 8.61 ms
submit #82 acb 2 dwords at 0xfe003a200: pass 1 rewrite 0 drop 0 unmapped 0 cc 0 mappings 450 ... OK rc 0 8.73 ms
submit #83 acb 55 dwords at 0xfe00427a0: pass 7 rewrite 0 drop 1 unmapped 0 cc 0 mappings 450 ... OK rc 0 8.86 ms
submit #84 acb 2 dwords at 0xfe003a200: pass 1 rewrite 0 drop 0 unmapped 0 cc 0 mappings 450 ... OK rc 0 8.61 ms
submit #85 acb 55 dwords at 0xfe00427a0: pass 7 rewrite 0 drop 1 unmapped 0 cc 0 mappings 450 ... OK rc 0 8.64 ms
submit #86 acb 2 dwords at 0xfe003a200: pass 1 rewrite 0 drop 0 unmapped 0 cc 0 mappings 450 ... OK rc 0 8.66 ms
submit #87 acb 55 dwords at 0xfe00427a0: pass 7 rewrite 0 drop 1 unmapped 0 cc 0 mappings 450 ... OK rc 0 8.64 ms
submit #88 acb 2 dwords at 0xfe003a200: pass 1 rewrite 0 drop 0 unmapped 0 cc 0 mappings 450 ... OK rc 0 8.62 ms
submit #89 acb 55 dwords at 0xfe00427a0: pass 7 rewrite 0 drop 1 unmapped 0 cc 0 mappings 450 ... OK rc 0 8.65 ms
submit #90 acb 2 dwords at 0xfe003a200: pass 1 rewrite 0 drop 0 unmapped 0 cc 0 mappings 450 ... OK rc 0 8.62 ms
submit #91 acb 55 dwords at 0xfe00427a0: pass 7 rewrite 0 drop 1 unmapped 0 cc 0 mappings 450 ... OK rc 0 8.61 ms
submit #92 acb 2 dwords at 0xfe003a200: pass 1 rewrite 0 drop 0 unmapped 0 cc 0 mappings 450 ... OK rc 0 8.61 ms
submit #93 acb 55 dwords at 0xfe00427a0: pass 7 rewrite 0 drop 1 unmapped 0 cc 0 mappings 450 ... OK rc 0 8.57 ms
submit #94 acb 2 dwords at 0xfe003a200: pass 1 rewrite 0 drop 0 unmapped 0 cc 0 mappings 450 ... OK rc 0 8.60 ms
submit #95 acb 55 dwords at 0xfe00427a0: pass 7 rewrite 0 drop 1 unmapped 0 cc 0 mappings 450 ... OK rc 0 8.62 ms
submit #96 acb 2 dwords at 0xfe003a200: pass 1 rewrite 0 drop 0 unmapped 0 cc 0 mappings 450 ... OK rc 0 8.78 ms
cpu-wait WAIT_REG_MEM64 at 87 on 0x400202d80: satisfied after 0.0 ms
submit #97 acb 463 dwords at 0x4004867c0: pass 43 rewrite 11 drop 27 unmapped 0 cc 0 mappings 450 ... OK rc 0 8.92 ms
submit #98 acb 2 dwords at 0xfe003a200: pass 1 rewrite 0 drop 0 unmapped 0 cc 0 mappings 450 ... OK rc 0 8.63 ms
submit #99 acb 55 dwords at 0xfe00427a0: pass 7 rewrite 0 drop 1 unmapped 0 cc 0 mappings 450 ... OK rc 0 8.64 ms
submit #100 acb 2 dwords at 0xfe003a200: pass 1 rewrite 0 drop 0 unmapped 0 cc 0 mappings 450 ... OK rc 0 8.64 ms
submit #101 acb 55 dwords at 0xfe00427a0: pass 7 rewrite 0 drop 1 unmapped 0 cc 0 mappings 450 ... OK rc 0 8.59 ms
submit #102 acb 2 dwords at 0xfe003a200: pass 1 rewrite 0 drop 0 unmapped 0 cc 0 mappings 450 ... OK rc 0 9.06 ms
submit #103 acb 55 dwords at 0xfe00427a0: pass 7 rewrite 0 drop 1 unmapped 0 cc 0 mappings 450 ... OK rc 0 8.63 ms
submit #104 acb 2 dwords at 0xfe003a200: pass 1 rewrite 0 drop 0 unmapped 0 cc 0 mappings 450 ... OK rc 0 8.62 ms
submit #105 acb 55 dwords at 0xfe00427a0: pass 7 rewrite 0 drop 1 unmapped 0 cc 0 mappings 450 ... OK rc 0 8.65 ms
map 0xf00130000 +0x10000 ... ok
vmas 98 total 13062.5 MiB resident 1762.8 MiB mapped 1762.9 MiB
submit #106 acb 2 dwords at 0xfe003a200: pass 1 rewrite 0 drop 0 unmapped 0 cc 0 mappings 451 ... OK rc 0 8.61 ms
submit #107 acb 55 dwords at 0xfe00427a0: pass 7 rewrite 0 drop 1 unmapped 0 cc 0 mappings 451 ... OK rc 0 8.62 ms
submit #108 acb 2 dwords at 0xfe003a200: pass 1 rewrite 0 drop 0 unmapped 0 cc 0 mappings 451 ... OK rc 0 8.95 ms
submit #109 acb 55 dwords at 0xfe00427a0: pass 7 rewrite 0 drop 1 unmapped 0 cc 0 mappings 451 ... OK rc 0 8.61 ms
submit #110 acb 2 dwords at 0xfe003a200: pass 1 rewrite 0 drop 0 unmapped 0 cc 0 mappings 451 ... OK rc 0 8.60 ms
submit #111 acb 55 dwords at 0xfe00427a0: pass 7 rewrite 0 drop 1 unmapped 0 cc 0 mappings 451 ... OK rc 0 8.92 ms
submit #112 acb 2 dwords at 0xfe003a200: pass 1 rewrite 0 drop 0 unmapped 0 cc 0 mappings 451 ... OK rc 0 8.64 ms
submit #113 acb 55 dwords at 0xfe00427a0: pass 7 rewrite 0 drop 1 unmapped 0 cc 0 mappings 451 ... OK rc 0 8.60 ms
submit #114 acb 2 dwords at 0xfe003a200: pass 1 rewrite 0 drop 0 unmapped 0 cc 0 mappings 451 ... OK rc 0 8.68 ms
submit #115 acb 55 dwords at 0xfe00427a0: pass 7 rewrite 0 drop 1 unmapped 0 cc 0 mappings 451 ... OK rc 0 8.61 ms
submit #116 acb 2 dwords at 0xfe003a200: pass 1 rewrite 0 drop 0 unmapped 0 cc 0 mappings 451 ... OK rc 0 8.63 ms
submit #117 acb 55 dwords at 0xfe00427a0: pass 7 rewrite 0 drop 1 unmapped 0 cc 0 mappings 451 ... OK rc 0 8.63 ms
submit #118 acb 2 dwords at 0xfe003a200: pass 1 rewrite 0 drop 0 unmapped 0 cc 0 mappings 451 ... OK rc 0 8.63 ms
submit #119 acb 55 dwords at 0xfe00427a0: pass 7 rewrite 0 drop 1 unmapped 0 cc 0 mappings 451 ... OK rc 0 8.64 ms
submit #120 acb 2 dwords at 0xfe003a200: pass 1 rewrite 0 drop 0 unmapped 0 cc 0 mappings 451 ... OK rc 0 8.60 ms
submit #121 acb 55 dwords at 0xfe00427a0: pass 7 rewrite 0 drop 1 unmapped 0 cc 0 mappings 451 ... OK rc 0 8.65 ms
submit #122 acb 2 dwords at 0xfe003a200: pass 1 rewrite 0 drop 0 unmapped 0 cc 0 mappings 451 ... OK rc 0 8.67 ms
submit #123 acb 55 dwords at 0xfe00427a0: pass 7 rewrite 0 drop 1 unmapped 0 cc 0 mappings 451 ... OK rc 0 8.65 ms
submit #124 acb 2 dwords at 0xfe003a200: pass 1 rewrite 0 drop 0 unmapped 0 cc 0 mappings 451 ... OK rc 0 8.65 ms
submit #125 acb 55 dwords at 0xfe00427a0: pass 7 rewrite 0 drop 1 unmapped 0 cc 0 mappings 451 ... OK rc 0 8.64 ms
submit #126 acb 2 dwords at 0xfe003a200: pass 1 rewrite 0 drop 0 unmapped 0 cc 0 mappings 451 ... OK rc 0 8.64 ms
submit #127 acb 55 dwords at 0xfe00427a0: pass 7 rewrite 0 drop 1 unmapped 0 cc 0 mappings 451 ... OK rc 0 8.66 ms
cpu-wait WAIT_REG_MEM64 at 115 on 0x400202d40: TIMEOUT after 2000.1 ms
cpu-wait WAIT_REG_MEM64 at 1629 on 0x400202dc0: satisfied after 0.0 ms
cpu-wait WAIT_REG_MEM64 at 9340 on 0x55afb54a7610: satisfied after 0.0 ms
hint CB0 0x5104a0000: window 0x50e4a0000+0x4000000, mapped +8.4 MiB
hint CB0 0x56d88c000: window 0x56b880000+0x4000000, mapped +0.0 MiB
hint CB0 0x514080000: window 0x512080000+0x4000000, mapped +0.0 MiB
hint CB0 0x56d8b8000: window 0x56b8b0000+0x4000000, mapped +0.1 MiB
hint CB0 0x53ad00000: window 0x538d00000+0x4000000, mapped +13.0 MiB
hint CB0 0x570800000: window 0x56e800000+0x4000000, mapped +46.1 MiB
hint CB0 0x53b9f0000: window 0x5399f0000+0x4000000, mapped +12.9 MiB
hint CB0 0x53be70000: window 0x539e70000+0x4000000, mapped +4.5 MiB
hint CB0 0x53aa00000: window 0x538a00000+0x4000000, mapped +0.0 MiB
hint CB0 0x57082c000: window 0x56e820000+0x4000000, mapped +0.1 MiB
hint CB0 0x5708cc000: window 0x56e8c0000+0x4000000, mapped +0.6 MiB
hint CB0 0x53a500000: window 0x538500000+0x4000000, mapped +0.0 MiB
hint CB0 0x5708e4000: window 0x56e8e0000+0x4000000, mapped +0.1 MiB
hint CB0 0x53b270000: window 0x539270000+0x4000000, mapped +0.0 MiB
hint CB0 0x53b330000: window 0x539330000+0x4000000, mapped +0.0 MiB
hint CB0 0x53b3f0000: window 0x5393f0000+0x4000000, mapped +0.0 MiB
hint CB0 0x53b430000: window 0x539430000+0x4000000, mapped +0.0 MiB
hint CB0 0x53b470000: window 0x539470000+0x4000000, mapped +0.0 MiB
hint CB0 0x53b480000: window 0x539480000+0x4000000, mapped +0.0 MiB
hint CB0 0x53d410000: window 0x53b410000+0x4000000, mapped +1.6 MiB
hint CB0 0x5708d8000: window 0x56e8d0000+0x4000000, mapped +0.0 MiB
hint CB0 0x570854000: window 0x56e850000+0x4000000, mapped +0.0 MiB
hint CB0 0x507410000: window 0x505410000+0x4000000, mapped +31.7 MiB
  load op 9f at 28: addr 0xfe0040068 idx 0 fmt 1 regoff 0x0 n 921 (table contents not committed)
  load op 63 at 33: addr 0xfe0042068 idx 0 fmt 1 regoff 0x0 n 174 (table contents not committed)
  load op 64 at 38: addr 0xfe00425d8 idx 0 fmt 1 regoff 0x0 n 57 (table contents not committed)
  load op 9f at 80: addr 0x502e01500 idx 0 fmt 1 regoff 0x0 n 295 (table contents not committed)
  load op 64 at 85: addr 0x502e00500 idx 0 fmt 1 regoff 0x0 n 7 (table contents not committed)
  load op 63 at 90: addr 0x502dff500 idx 0 fmt 1 regoff 0x0 n 13 (table contents not committed)
  load op 63 at 342: addr 0x502dff568 idx 0 fmt 1 regoff 0x0 n 10 (table contents not committed)
  load op 63 at 734: addr 0x502dff5b8 idx 0 fmt 1 regoff 0x0 n 18 (table contents not committed)
  load op 63 at 1217: addr 0x502dff648 idx 0 fmt 1 regoff 0x0 n 10 (table contents not committed)
  load op 63 at 1249: addr 0x502dff698 idx 0 fmt 1 regoff 0x0 n 10 (table contents not committed)
  load op 63 at 1281: addr 0x502dff6e8 idx 0 fmt 1 regoff 0x0 n 10 (table contents not committed)
  load op 63 at 1313: addr 0x502dff738 idx 0 fmt 1 regoff 0x0 n 10 (table contents not committed)
  load op 9f at 1724: addr 0xfe0040068 idx 0 fmt 1 regoff 0x0 n 921 (table contents not committed)
  load op 9f at 1731: addr 0x502e01e38 idx 0 fmt 1 regoff 0x0 n 74 (table contents not committed)
  load op 63 at 1736: addr 0x908e5ff90 idx 0 fmt 1 regoff 0x0 n 6 (table contents not committed)
  load op 9f at 1741: addr 0x908e5ffc0 idx 0 fmt 1 regoff 0x0 n 10 (table contents not committed)
  load op 64 at 1746: addr 0x502e00538 idx 0 fmt 1 regoff 0x0 n 5 (table contents not committed)
  load op 9f at 1799: addr 0x502e02088 idx 0 fmt 1 regoff 0x0 n 132 (table contents not committed)
  load op 63 at 1804: addr 0x502dff788 idx 0 fmt 1 regoff 0x0 n 30 (table contents not committed)
  load op 64 at 1884: addr 0x502e00560 idx 0 fmt 1 regoff 0x0 n 5 (table contents not committed)
  load op 9f at 1891: addr 0x502dfd440 idx 0 fmt 1 regoff 0x0 n 175 (table contents not committed)
  load op 63 at 2106: addr 0x502dff878 idx 0 fmt 1 regoff 0x0 n 20 (table contents not committed)
  load op 9f at 3069: addr 0xfe0040068 idx 0 fmt 1 regoff 0x0 n 921 (table contents not committed)
  load op 9f at 3076: addr 0x502dfd9b8 idx 0 fmt 1 regoff 0x0 n 70 (table contents not committed)
  load op 63 at 3081: addr 0x908e5ff90 idx 0 fmt 1 regoff 0x0 n 6 (table contents not committed)
  load op 9f at 3086: addr 0x908e5ffc0 idx 0 fmt 1 regoff 0x0 n 10 (table contents not committed)
  load op 63 at 3091: addr 0x908e5f7d0 idx 0 fmt 1 regoff 0x0 n 6 (table contents not committed)
  load op 9f at 3096: addr 0x908e5f800 idx 0 fmt 1 regoff 0x0 n 9 (table contents not committed)
  load op 64 at 3101: addr 0x502e00588 idx 0 fmt 1 regoff 0x0 n 5 (table contents not committed)
  load op 9f at 3140: addr 0x502dfdbe8 idx 0 fmt 1 regoff 0x0 n 19 (table contents not committed)
  load op 63 at 3145: addr 0x502dff918 idx 0 fmt 1 regoff 0x0 n 12 (table contents not committed)
  load op 9f at 3268: addr 0xfe0040068 idx 0 fmt 1 regoff 0x0 n 921 (table contents not committed)
  load op 9f at 3275: addr 0x502dfdc80 idx 0 fmt 1 regoff 0x0 n 74 (table contents not committed)
  load op 63 at 3280: addr 0x908e5ff90 idx 0 fmt 1 regoff 0x0 n 6 (table contents not committed)
  load op 9f at 3285: addr 0x908e5ffc0 idx 0 fmt 1 regoff 0x0 n 10 (table contents not committed)
  load op 64 at 3290: addr 0x502e005b0 idx 0 fmt 1 regoff 0x0 n 5 (table contents not committed)
  load op 9f at 3329: addr 0x502dfded0 idx 0 fmt 1 regoff 0x0 n 166 (table contents not committed)
  load op 63 at 3334: addr 0x502dff978 idx 0 fmt 1 regoff 0x0 n 30 (table contents not committed)
  load op 64 at 3430: addr 0x502e005d8 idx 0 fmt 1 regoff 0x0 n 5 (table contents not committed)
  load op 9f at 3437: addr 0x502dfc320 idx 0 fmt 1 regoff 0x0 n 135 (table contents not committed)
  load op 63 at 3675: addr 0x502dffa68 idx 0 fmt 1 regoff 0x0 n 36 (table contents not committed)
  load op 64 at 4540: addr 0x502e00600 idx 0 fmt 1 regoff 0x0 n 6 (table contents not committed)
  load op 9f at 4545: addr 0x502dfc758 idx 0 fmt 1 regoff 0x0 n 376 (table contents not committed)
  load op 9f at 4552: addr 0x502dfb118 idx 0 fmt 1 regoff 0x0 n 205 (table contents not committed)
  load op 9f at 4853: addr 0xfe0040068 idx 0 fmt 1 regoff 0x0 n 921 (table contents not committed)
  load op 9f at 4860: addr 0x502dfb780 idx 0 fmt 1 regoff 0x0 n 74 (table contents not committed)
  load op 63 at 4865: addr 0x908e5ff90 idx 0 fmt 1 regoff 0x0 n 6 (table contents not committed)
  load op 9f at 4870: addr 0x908e5ffc0 idx 0 fmt 1 regoff 0x0 n 10 (table contents not committed)
  load op 64 at 4875: addr 0x502e00630 idx 0 fmt 1 regoff 0x0 n 5 (table contents not committed)
  load op 63 at 4914: addr 0x502dffb88 idx 0 fmt 1 regoff 0x0 n 21 (table contents not committed)
  load op 9f at 4925: addr 0x502dfb9d0 idx 0 fmt 1 regoff 0x0 n 223 (table contents not committed)
  load op 63 at 5714: addr 0x502dffc30 idx 0 fmt 1 regoff 0x0 n 10 (table contents not committed)
  load op 63 at 5831: addr 0x502dffc80 idx 0 fmt 1 regoff 0x0 n 28 (table contents not committed)
  load op 64 at 5910: addr 0x502e00658 idx 0 fmt 1 regoff 0x0 n 5 (table contents not committed)
  load op 9f at 5917: addr 0x502df9e30 idx 0 fmt 1 regoff 0x0 n 67 (table contents not committed)
  load op 9f at 6045: addr 0x502dfa048 idx 0 fmt 1 regoff 0x0 n 121 (table contents not committed)
  load op 63 at 6050: addr 0x502dffd60 idx 0 fmt 1 regoff 0x0 n 18 (table contents not committed)
  load op 64 at 6055: addr 0x502e00680 idx 0 fmt 1 regoff 0x0 n 3 (table contents not committed)
  load op 9f at 6204: addr 0x502dfa410 idx 0 fmt 1 regoff 0x0 n 121 (table contents not committed)
  load op 63 at 6209: addr 0x502dffdf0 idx 0 fmt 1 regoff 0x0 n 18 (table contents not committed)
  load op 64 at 6214: addr 0x502e00698 idx 0 fmt 1 regoff 0x0 n 3 (table contents not committed)
  load op 63 at 6578: addr 0x502dffe80 idx 0 fmt 1 regoff 0x0 n 10 (table contents not committed)
  load op 9f at 7058: addr 0x502dfa7d8 idx 0 fmt 1 regoff 0x0 n 195 (table contents not committed)
  load op 9f at 7063: addr 0x502df8d80 idx 0 fmt 1 regoff 0x0 n 85 (table contents not committed)
  load op 63 at 7068: addr 0x502dffed0 idx 0 fmt 1 regoff 0x0 n 18 (table contents not committed)
  load op 64 at 7073: addr 0x502e006b0 idx 0 fmt 1 regoff 0x0 n 3 (table contents not committed)
  load op 9f at 7186: addr 0x502df9028 idx 0 fmt 1 regoff 0x0 n 129 (table contents not committed)
  load op 63 at 7191: addr 0x502dfff60 idx 0 fmt 1 regoff 0x0 n 18 (table contents not committed)
  load op 64 at 7196: addr 0x502e006c8 idx 0 fmt 1 regoff 0x0 n 3 (table contents not committed)
  load op 9f at 7309: addr 0x502df9430 idx 0 fmt 1 regoff 0x0 n 129 (table contents not committed)
  load op 63 at 7314: addr 0x502dffff0 idx 0 fmt 1 regoff 0x0 n 18 (table contents not committed)
  load op 64 at 7319: addr 0x502e006e0 idx 0 fmt 1 regoff 0x0 n 3 (table contents not committed)
  load op 9f at 7432: addr 0x502df9838 idx 0 fmt 1 regoff 0x0 n 58 (table contents not committed)
  load op 9f at 7537: addr 0x502df9a08 idx 0 fmt 1 regoff 0x0 n 66 (table contents not committed)
  load op 9f at 7642: addr 0x502df9c18 idx 0 fmt 1 regoff 0x0 n 37 (table contents not committed)
  load op 9f at 7647: addr 0x502df7300 idx 0 fmt 1 regoff 0x0 n 21 (table contents not committed)
  load op 9f at 7752: addr 0x502df73a8 idx 0 fmt 1 regoff 0x0 n 66 (table contents not committed)
  load op 9f at 7857: addr 0x502df75b8 idx 0 fmt 1 regoff 0x0 n 58 (table contents not committed)
  load op 9f at 7962: addr 0x502df7788 idx 0 fmt 1 regoff 0x0 n 130 (table contents not committed)
  load op 63 at 7967: addr 0x502e00080 idx 0 fmt 1 regoff 0x0 n 18 (table contents not committed)
  load op 64 at 7972: addr 0x502e006f8 idx 0 fmt 1 regoff 0x0 n 3 (table contents not committed)
  load op 9f at 8099: addr 0x502df7b98 idx 0 fmt 1 regoff 0x0 n 135 (table contents not committed)
  load op 63 at 8104: addr 0x502e00110 idx 0 fmt 1 regoff 0x0 n 18 (table contents not committed)
  load op 64 at 8109: addr 0x502e00710 idx 0 fmt 1 regoff 0x0 n 3 (table contents not committed)
  load op 63 at 8687: addr 0x502e001a0 idx 0 fmt 1 regoff 0x0 n 10 (table contents not committed)
  load op 63 at 9273: addr 0x502e001f0 idx 0 fmt 1 regoff 0x0 n 28 (table contents not committed)
  load op 64 at 9381: addr 0x502e00728 idx 0 fmt 1 regoff 0x0 n 5 (table contents not committed)
  load op 9f at 9386: addr 0x502df7fd0 idx 0 fmt 1 regoff 0x0 n 97 (table contents not committed)
  load op 9f at 9393: addr 0x502df5868 idx 0 fmt 1 regoff 0x0 n 183 (table contents not committed)
submit #128 dcb 9891 dwords at 0x502702500: pass 667 rewrite 485 drop 445 unmapped 1 cc 8 mappings 476 ... OK rc 0 10.51 ms
map 0x301aa0000 +0x10000 ... ok
map 0x324a10000 +0x20000 ... ok
map 0x5034f0000 +0x20000 ... ok
map 0x5049f0000 +0x20000 ... ok
map 0x50e430000 +0x10000 ... ok
vmas 98 total 13062.5 MiB resident 1882.3 MiB mapped 1882.6 MiB
submit #129 acb 2 dwords at 0xfe003a200: pass 1 rewrite 0 drop 0 unmapped 0 cc 0 mappings 481 ... OK rc 0 9.51 ms
submit #130 acb 55 dwords at 0xfe00427a0: pass 7 rewrite 0 drop 1 unmapped 0 cc 0 mappings 481 ... OK rc 0 9.47 ms
submit #131 acb 2 dwords at 0xfe003a200: pass 1 rewrite 0 drop 0 unmapped 0 cc 0 mappings 481 ... OK rc 0 11.72 ms
cpu-wait WAIT_REG_MEM64 at 87 on 0x400202d00: satisfied after 0.0 ms
cpu-wait WAIT_REG_MEM64 at 283 on 0x400202d00: satisfied after 0.0 ms
cpu-wait WAIT_REG_MEM64 at 408 on 0x400202d00: satisfied after 0.0 ms
cpu-wait WAIT_REG_MEM64 at 600 on 0x400202d00: satisfied after 0.0 ms
cpu-wait WAIT_REG_MEM64 at 718 on 0x400202d00: satisfied after 0.0 ms
cpu-wait WAIT_REG_MEM64 at 1287 on 0x400202f80: satisfied after 0.0 ms
submit #132 cc 3 dwords at 0x313b17cf4: pass 0 rewrite 1 drop 0 unmapped 0 cc 1 mappings 481 ... OK rc 0 9.27 ms
submit #133 acb 1336 dwords at 0x4002a55c0: pass 106 rewrite 38 drop 80 unmapped 14 cc 0 mappings 481 ... OK rc 0 9.98 ms
  load op 61 at 10: base 0xfe0008000 pairs (0x0,215) (0xd8,272) (0x1f5,4) (0x1ff,158) (0x2a0,2) (0x2a3,1) (0x2a5,66) (0x2f5,203)
  load op 5f at 29: base 0xfe0010000 pairs (0x1,1) (0x6,38) (0x32,4) (0x80,4) (0x87,37) (0xb2,4) (0xc8,2) (0x100,4) (0x107,37) (0x132,4) (0x148,2) (0x204,3) (0x20c,2) (0x212,2) (0x215,6) (0x224,5) (0x22a,1) (0x240,16) (0x27d,1) (0x280,1) (0x207,3)
  load op 5e at 74: base 0xfe0011000 pairs (0x35,8) (0xa2,1) (0x242,1) (0x248,1) (0x24a,2) (0x25b,6) (0x262,1) (0x2bb,5) (0x2c4,16) (0x2e4,8) (0x380,2) (0x383,2) (0x41d,3) (0x24d,1)
  load op 61 at 105: base 0xfe0008000 pairs (0x0,0)
  load op 5f at 110: base 0xfe0010000 pairs (0x0,0)
  load op 5e at 115: base 0xfe0011000 pairs (0x0,0)
  load op 61 at 125: base 0xfe0008000 pairs (0x0,0)
  load op 5f at 130: base 0xfe0010000 pairs (0x0,0)
  load op 5e at 135: base 0xfe0011000 pairs (0x0,0)
submit #134 hib 150 dwords at 0xfe0000000: pass 12 rewrite 2 drop 2 unmapped 0 cc 2 mappings 481 ... OK rc 0 9.25 ms
submit #135 hib 2 dwords at 0xfe003a200: pass 1 rewrite 0 drop 0 unmapped 0 cc 0 mappings 481 ... OK rc 0 9.24 ms
  load op 9f at 38: addr 0xfe0040068 idx 0 fmt 1 regoff 0x0 n 921 (table contents not committed)
  load op 63 at 43: addr 0xfe0042068 idx 0 fmt 1 regoff 0x0 n 174 (table contents not committed)
  load op 64 at 48: addr 0xfe00425d8 idx 0 fmt 1 regoff 0x0 n 49 (table contents not committed)
submit #136 dcb 96 dwords at 0xfe0042920: pass 20 rewrite 1 drop 3 unmapped 0 cc 0 mappings 481 ... OK rc 0 9.40 ms
  load op 9f at 36: addr 0xfe0040068 idx 0 fmt 1 regoff 0x0 n 921 (table contents not committed)
  load op 63 at 41: addr 0xfe0042068 idx 0 fmt 1 regoff 0x0 n 174 (table contents not committed)
  load op 64 at 46: addr 0xfe00425d8 idx 0 fmt 1 regoff 0x0 n 57 (table contents not committed)
  load op 9f at 88: addr 0x504a01500 idx 0 fmt 1 regoff 0x0 n 136 (table contents not committed)
  load op 64 at 93: addr 0x504a00500 idx 0 fmt 1 regoff 0x0 n 3 (table contents not committed)
  load op 63 at 98: addr 0x5049ff500 idx 0 fmt 1 regoff 0x0 n 3 (table contents not committed)
  load op 9f at 1541: addr 0xfe0040068 idx 0 fmt 1 regoff 0x0 n 921 (table contents not committed)
  load op 9f at 1548: addr 0x504a01940 idx 0 fmt 1 regoff 0x0 n 70 (table contents not committed)
  load op 63 at 1553: addr 0x908e5ff90 idx 0 fmt 1 regoff 0x0 n 6 (table contents not committed)
  load op 9f at 1558: addr 0x908e5ffc0 idx 0 fmt 1 regoff 0x0 n 10 (table contents not committed)
  load op 63 at 1563: addr 0x908e5f7d0 idx 0 fmt 1 regoff 0x0 n 6 (table contents not committed)
  load op 9f at 1568: addr 0x908e5f800 idx 0 fmt 1 regoff 0x0 n 9 (table contents not committed)
  load op 64 at 1573: addr 0x504a00518 idx 0 fmt 1 regoff 0x0 n 5 (table contents not committed)
  load op 9f at 1691: addr 0x504a01b70 idx 0 fmt 1 regoff 0x0 n 131 (table contents not committed)
  load op 64 at 1698: addr 0x504a00540 idx 0 fmt 1 regoff 0x0 n 1 (table contents not committed)
  load op 9f at 1730: addr 0xfe0040068 idx 0 fmt 1 regoff 0x0 n 921 (table contents not committed)
  load op 9f at 1737: addr 0x504a01f88 idx 0 fmt 1 regoff 0x0 n 70 (table contents not committed)
  load op 63 at 1742: addr 0x908e5ff90 idx 0 fmt 1 regoff 0x0 n 6 (table contents not committed)
  load op 9f at 1747: addr 0x908e5ffc0 idx 0 fmt 1 regoff 0x0 n 10 (table contents not committed)
  load op 63 at 1752: addr 0x908e5f7d0 idx 0 fmt 1 regoff 0x0 n 6 (table contents not committed)
  load op 9f at 1757: addr 0x908e5f800 idx 0 fmt 1 regoff 0x0 n 9 (table contents not committed)
  load op 64 at 1762: addr 0x504a00548 idx 0 fmt 1 regoff 0x0 n 5 (table contents not committed)
  load op 63 at 1858: addr 0x5049ff518 idx 0 fmt 1 regoff 0x0 n 10 (table contents not committed)
  load op 63 at 2049: addr 0x5049ff568 idx 0 fmt 1 regoff 0x0 n 28 (table contents not committed)
  load op 64 at 2123: addr 0x504a00570 idx 0 fmt 1 regoff 0x0 n 5 (table contents not committed)
  load op 9f at 2130: addr 0x504a021b8 idx 0 fmt 1 regoff 0x0 n 96 (table contents not committed)
  load op 9f at 2135: addr 0x5049fe390 idx 0 fmt 1 regoff 0x0 n 194 (table contents not committed)
submit #137 dcb 2647 dwords at 0x504302500: pass 236 rewrite 118 drop 125 unmapped 0 cc 4 mappings 481 ... OK rc 0 9.57 ms
  load op 9f at 38: addr 0xfe0040068 idx 0 fmt 1 regoff 0x0 n 921 (table contents not committed)
  load op 63 at 43: addr 0xfe0042068 idx 0 fmt 1 regoff 0x0 n 174 (table contents not committed)
  load op 64 at 48: addr 0xfe00425d8 idx 0 fmt 1 regoff 0x0 n 57 (table contents not committed)
  load op 9f at 90: addr 0x506201500 idx 0 fmt 1 regoff 0x0 n 5 (table contents not committed)
  load op 64 at 95: addr 0x506200500 idx 0 fmt 1 regoff 0x0 n 2 (table contents not committed)
  load op 63 at 100: addr 0x5061ff500 idx 0 fmt 1 regoff 0x0 n 3 (table contents not committed)
submit #138 dcb 851 dwords at 0x505e02500: pass 47 rewrite 54 drop 46 unmapped 0 cc 0 mappings 481 ... OK rc 0 9.29 ms
submit #139 acb 2 dwords at 0xfe003a200: pass 1 rewrite 0 drop 0 unmapped 0 cc 0 mappings 481 ... OK rc 0 9.29 ms
cpu-wait WAIT_REG_MEM64 at 87 on 0x400203980: satisfied after 0.0 ms
  load op 9f at 35: addr 0xfe0040068 idx 0 fmt 1 regoff 0x0 n 921 (table contents not committed)
  load op 63 at 40: addr 0xfe0042068 idx 0 fmt 1 regoff 0x0 n 174 (table contents not committed)
  load op 64 at 45: addr 0xfe00425d8 idx 0 fmt 1 regoff 0x0 n 57 (table contents not committed)
  load op 9f at 87: addr 0x507401500 idx 0 fmt 1 regoff 0x0 n 136 (table contents not committed)
  load op 64 at 92: addr 0x507400500 idx 0 fmt 1 regoff 0x0 n 3 (table contents not committed)
  load op 63 at 97: addr 0x5073ff500 idx 0 fmt 1 regoff 0x0 n 3 (table contents not committed)
  load op 9f at 212: addr 0xfe0040068 idx 0 fmt 1 regoff 0x0 n 921 (table contents not committed)
  load op 9f at 219: addr 0x507401940 idx 0 fmt 1 regoff 0x0 n 70 (table contents not committed)
  load op 63 at 224: addr 0x908e5ff90 idx 0 fmt 1 regoff 0x0 n 6 (table contents not committed)
  load op 9f at 229: addr 0x908e5ffc0 idx 0 fmt 1 regoff 0x0 n 10 (table contents not committed)
  load op 63 at 234: addr 0x908e5f7d0 idx 0 fmt 1 regoff 0x0 n 6 (table contents not committed)
  load op 9f at 239: addr 0x908e5f800 idx 0 fmt 1 regoff 0x0 n 9 (table contents not committed)
  load op 64 at 244: addr 0x507400518 idx 0 fmt 1 regoff 0x0 n 5 (table contents not committed)
  load op 9f at 340: addr 0x507401b70 idx 0 fmt 1 regoff 0x0 n 131 (table contents not committed)
  load op 64 at 347: addr 0x507400540 idx 0 fmt 1 regoff 0x0 n 1 (table contents not committed)
  load op 9f at 379: addr 0xfe0040068 idx 0 fmt 1 regoff 0x0 n 921 (table contents not committed)
  load op 9f at 386: addr 0x507401f88 idx 0 fmt 1 regoff 0x0 n 70 (table contents not committed)
  load op 63 at 391: addr 0x908e5ff90 idx 0 fmt 1 regoff 0x0 n 6 (table contents not committed)
  load op 9f at 396: addr 0x908e5ffc0 idx 0 fmt 1 regoff 0x0 n 10 (table contents not committed)
  load op 63 at 401: addr 0x908e5f7d0 idx 0 fmt 1 regoff 0x0 n 6 (table contents not committed)
  load op 9f at 406: addr 0x908e5f800 idx 0 fmt 1 regoff 0x0 n 9 (table contents not committed)
  load op 64 at 411: addr 0x507400548 idx 0 fmt 1 regoff 0x0 n 5 (table contents not committed)
  load op 9f at 548: addr 0x5074021b8 idx 0 fmt 1 regoff 0x0 n 98 (table contents not committed)
  load op 64 at 555: addr 0x507400570 idx 0 fmt 1 regoff 0x0 n 1 (table contents not committed)
  load op 9f at 560: addr 0x5073fe500 idx 0 fmt 1 regoff 0x0 n 33 (table contents not committed)
  load op 9f at 592: addr 0xfe0040068 idx 0 fmt 1 regoff 0x0 n 921 (table contents not committed)
  load op 9f at 599: addr 0x5073fe608 idx 0 fmt 1 regoff 0x0 n 70 (table contents not committed)
  load op 63 at 604: addr 0x908e5ff90 idx 0 fmt 1 regoff 0x0 n 6 (table contents not committed)
  load op 9f at 609: addr 0x908e5ffc0 idx 0 fmt 1 regoff 0x0 n 10 (table contents not committed)
  load op 63 at 614: addr 0x908e5f7d0 idx 0 fmt 1 regoff 0x0 n 6 (table contents not committed)
  load op 9f at 619: addr 0x908e5f800 idx 0 fmt 1 regoff 0x0 n 9 (table contents not committed)
  load op 64 at 624: addr 0x507400578 idx 0 fmt 1 regoff 0x0 n 5 (table contents not committed)
submit #140 dcb 798 dwords at 0x506e02500: pass 103 rewrite 28 drop 29 unmapped 0 cc 6 mappings 481 ... OK rc 0 9.55 ms
submit #141 acb 463 dwords at 0x400526840: pass 43 rewrite 11 drop 27 unmapped 0 cc 0 mappings 481 ... OK rc 0 9.53 ms
  load op 9f at 36: addr 0xfe0040068 idx 0 fmt 1 regoff 0x0 n 921 (table contents not committed)
  load op 63 at 41: addr 0xfe0042068 idx 0 fmt 1 regoff 0x0 n 174 (table contents not committed)
  load op 64 at 46: addr 0xfe00425d8 idx 0 fmt 1 regoff 0x0 n 57 (table contents not committed)
  load op 9f at 88: addr 0x505601500 idx 0 fmt 1 regoff 0x0 n 5 (table contents not committed)
  load op 64 at 93: addr 0x505600500 idx 0 fmt 1 regoff 0x0 n 2 (table contents not committed)
  load op 63 at 98: addr 0x5055ff500 idx 0 fmt 1 regoff 0x0 n 3 (table contents not committed)
  load op 9f at 756: addr 0xfe0040068 idx 0 fmt 1 regoff 0x0 n 921 (table contents not committed)
  load op 9f at 763: addr 0x505601528 idx 0 fmt 1 regoff 0x0 n 74 (table contents not committed)
  load op 63 at 768: addr 0x908e5ff90 idx 0 fmt 1 regoff 0x0 n 6 (table contents not committed)
  load op 9f at 773: addr 0x908e5ffc0 idx 0 fmt 1 regoff 0x0 n 10 (table contents not committed)
  load op 64 at 778: addr 0x505600510 idx 0 fmt 1 regoff 0x0 n 5 (table contents not committed)
  load op 9f at 901: addr 0xfe0040068 idx 0 fmt 1 regoff 0x0 n 921 (table contents not committed)
  load op 9f at 908: addr 0x505601778 idx 0 fmt 1 regoff 0x0 n 74 (table contents not committed)
  load op 63 at 913: addr 0x908e5ff90 idx 0 fmt 1 regoff 0x0 n 6 (table contents not committed)
  load op 9f at 918: addr 0x908e5ffc0 idx 0 fmt 1 regoff 0x0 n 10 (table contents not committed)
  load op 64 at 923: addr 0x505600538 idx 0 fmt 1 regoff 0x0 n 5 (table contents not committed)
  load op 9f at 1046: addr 0xfe0040068 idx 0 fmt 1 regoff 0x0 n 921 (table contents not committed)
  load op 9f at 1053: addr 0x5056019c8 idx 0 fmt 1 regoff 0x0 n 74 (table contents not committed)
  load op 63 at 1058: addr 0x908e5ff90 idx 0 fmt 1 regoff 0x0 n 6 (table contents not committed)
  load op 9f at 1063: addr 0x908e5ffc0 idx 0 fmt 1 regoff 0x0 n 10 (table contents not committed)
  load op 64 at 1068: addr 0x505600560 idx 0 fmt 1 regoff 0x0 n 5 (table contents not committed)
submit #142 dcb 1248 dwords at 0x505202500: pass 151 rewrite 39 drop 52 unmapped 0 cc 6 mappings 481 ... OK rc 0 9.38 ms
flip 1/1 buffer 0x5093f0000 +0x1fe0000: sum 0x0 nonzero 0/8160
cpu-wait WAIT_REG_MEM64 at 115 on 0x400203940: TIMEOUT after 2000.1 ms
cpu-wait WAIT_REG_MEM64 at 1629 on 0x4002039c0: satisfied after 0.0 ms
cpu-wait WAIT_REG_MEM64 at 9340 on 0x55afb54a7618: satisfied after 0.0 ms
map 0x509410000 +0x1fc0000 ... ok
vmas 98 total 13062.5 MiB resident 1914.4 MiB mapped 1914.4 MiB
hint CB0 0x5093f0000: window 0x5073f0000+0x4000000, mapped +0.1 MiB
  load op 9f at 28: addr 0xfe0040068 idx 0 fmt 1 regoff 0x0 n 921 (table contents not committed)
  load op 63 at 33: addr 0xfe0042068 idx 0 fmt 1 regoff 0x0 n 174 (table contents not committed)
  load op 64 at 38: addr 0xfe00425d8 idx 0 fmt 1 regoff 0x0 n 57 (table contents not committed)
  load op 9f at 80: addr 0x503501500 idx 0 fmt 1 regoff 0x0 n 295 (table contents not committed)
  load op 64 at 85: addr 0x503500500 idx 0 fmt 1 regoff 0x0 n 7 (table contents not committed)
  load op 63 at 90: addr 0x5034ff500 idx 0 fmt 1 regoff 0x0 n 13 (table contents not committed)
  load op 63 at 342: addr 0x5034ff568 idx 0 fmt 1 regoff 0x0 n 10 (table contents not committed)
  load op 63 at 734: addr 0x5034ff5b8 idx 0 fmt 1 regoff 0x0 n 18 (table contents not committed)
  load op 63 at 1217: addr 0x5034ff648 idx 0 fmt 1 regoff 0x0 n 10 (table contents not committed)
  load op 63 at 1249: addr 0x5034ff698 idx 0 fmt 1 regoff 0x0 n 10 (table contents not committed)
  load op 63 at 1281: addr 0x5034ff6e8 idx 0 fmt 1 regoff 0x0 n 10 (table contents not committed)
  load op 63 at 1313: addr 0x5034ff738 idx 0 fmt 1 regoff 0x0 n 10 (table contents not committed)
  load op 9f at 1724: addr 0xfe0040068 idx 0 fmt 1 regoff 0x0 n 921 (table contents not committed)
  load op 9f at 1731: addr 0x503501e38 idx 0 fmt 1 regoff 0x0 n 74 (table contents not committed)
  load op 63 at 1736: addr 0x908e5ff90 idx 0 fmt 1 regoff 0x0 n 6 (table contents not committed)
  load op 9f at 1741: addr 0x908e5ffc0 idx 0 fmt 1 regoff 0x0 n 10 (table contents not committed)
  load op 64 at 1746: addr 0x503500538 idx 0 fmt 1 regoff 0x0 n 5 (table contents not committed)
  load op 9f at 1799: addr 0x503502088 idx 0 fmt 1 regoff 0x0 n 132 (table contents not committed)
  load op 63 at 1804: addr 0x5034ff788 idx 0 fmt 1 regoff 0x0 n 30 (table contents not committed)
  load op 64 at 1884: addr 0x503500560 idx 0 fmt 1 regoff 0x0 n 5 (table contents not committed)
  load op 9f at 1891: addr 0x5034fd440 idx 0 fmt 1 regoff 0x0 n 175 (table contents not committed)
  load op 63 at 2106: addr 0x5034ff878 idx 0 fmt 1 regoff 0x0 n 20 (table contents not committed)
  load op 9f at 3069: addr 0xfe0040068 idx 0 fmt 1 regoff 0x0 n 921 (table contents not committed)
  load op 9f at 3076: addr 0x5034fd9b8 idx 0 fmt 1 regoff 0x0 n 70 (table contents not committed)
  load op 63 at 3081: addr 0x908e5ff90 idx 0 fmt 1 regoff 0x0 n 6 (table contents not committed)
  load op 9f at 3086: addr 0x908e5ffc0 idx 0 fmt 1 regoff 0x0 n 10 (table contents not committed)
  load op 63 at 3091: addr 0x908e5f7d0 idx 0 fmt 1 regoff 0x0 n 6 (table contents not committed)
  load op 9f at 3096: addr 0x908e5f800 idx 0 fmt 1 regoff 0x0 n 9 (table contents not committed)
  load op 64 at 3101: addr 0x503500588 idx 0 fmt 1 regoff 0x0 n 5 (table contents not committed)
  load op 9f at 3140: addr 0x5034fdbe8 idx 0 fmt 1 regoff 0x0 n 19 (table contents not committed)
  load op 63 at 3145: addr 0x5034ff918 idx 0 fmt 1 regoff 0x0 n 12 (table contents not committed)
  load op 9f at 3268: addr 0xfe0040068 idx 0 fmt 1 regoff 0x0 n 921 (table contents not committed)
  load op 9f at 3275: addr 0x5034fdc80 idx 0 fmt 1 regoff 0x0 n 74 (table contents not committed)
  load op 63 at 3280: addr 0x908e5ff90 idx 0 fmt 1 regoff 0x0 n 6 (table contents not committed)
  load op 9f at 3285: addr 0x908e5ffc0 idx 0 fmt 1 regoff 0x0 n 10 (table contents not committed)
  load op 64 at 3290: addr 0x5035005b0 idx 0 fmt 1 regoff 0x0 n 5 (table contents not committed)
  load op 9f at 3329: addr 0x5034fded0 idx 0 fmt 1 regoff 0x0 n 166 (table contents not committed)
  load op 63 at 3334: addr 0x5034ff978 idx 0 fmt 1 regoff 0x0 n 30 (table contents not committed)
  load op 64 at 3430: addr 0x5035005d8 idx 0 fmt 1 regoff 0x0 n 5 (table contents not committed)
  load op 9f at 3437: addr 0x5034fc320 idx 0 fmt 1 regoff 0x0 n 135 (table contents not committed)
  load op 63 at 3675: addr 0x5034ffa68 idx 0 fmt 1 regoff 0x0 n 36 (table contents not committed)
  load op 64 at 4540: addr 0x503500600 idx 0 fmt 1 regoff 0x0 n 6 (table contents not committed)
  load op 9f at 4545: addr 0x5034fc758 idx 0 fmt 1 regoff 0x0 n 376 (table contents not committed)
  load op 9f at 4552: addr 0x5034fb118 idx 0 fmt 1 regoff 0x0 n 205 (table contents not committed)
  load op 9f at 4853: addr 0xfe0040068 idx 0 fmt 1 regoff 0x0 n 921 (table contents not committed)
  load op 9f at 4860: addr 0x5034fb780 idx 0 fmt 1 regoff 0x0 n 74 (table contents not committed)
  load op 63 at 4865: addr 0x908e5ff90 idx 0 fmt 1 regoff 0x0 n 6 (table contents not committed)
  load op 9f at 4870: addr 0x908e5ffc0 idx 0 fmt 1 regoff 0x0 n 10 (table contents not committed)
  load op 64 at 4875: addr 0x503500630 idx 0 fmt 1 regoff 0x0 n 5 (table contents not committed)
  load op 63 at 4914: addr 0x5034ffb88 idx 0 fmt 1 regoff 0x0 n 21 (table contents not committed)
  load op 9f at 4925: addr 0x5034fb9d0 idx 0 fmt 1 regoff 0x0 n 223 (table contents not committed)
  load op 63 at 5714: addr 0x5034ffc30 idx 0 fmt 1 regoff 0x0 n 10 (table contents not committed)
  load op 63 at 5831: addr 0x5034ffc80 idx 0 fmt 1 regoff 0x0 n 28 (table contents not committed)
  load op 64 at 5910: addr 0x503500658 idx 0 fmt 1 regoff 0x0 n 5 (table contents not committed)
  load op 9f at 5917: addr 0x5034f9e30 idx 0 fmt 1 regoff 0x0 n 67 (table contents not committed)
  load op 9f at 6045: addr 0x5034fa048 idx 0 fmt 1 regoff 0x0 n 121 (table contents not committed)
  load op 63 at 6050: addr 0x5034ffd60 idx 0 fmt 1 regoff 0x0 n 18 (table contents not committed)
  load op 64 at 6055: addr 0x503500680 idx 0 fmt 1 regoff 0x0 n 3 (table contents not committed)
  load op 9f at 6204: addr 0x5034fa410 idx 0 fmt 1 regoff 0x0 n 121 (table contents not committed)
  load op 63 at 6209: addr 0x5034ffdf0 idx 0 fmt 1 regoff 0x0 n 18 (table contents not committed)
  load op 64 at 6214: addr 0x503500698 idx 0 fmt 1 regoff 0x0 n 3 (table contents not committed)
  load op 63 at 6578: addr 0x5034ffe80 idx 0 fmt 1 regoff 0x0 n 10 (table contents not committed)
  load op 9f at 7058: addr 0x5034fa7d8 idx 0 fmt 1 regoff 0x0 n 195 (table contents not committed)
  load op 9f at 7063: addr 0x5034f8d80 idx 0 fmt 1 regoff 0x0 n 85 (table contents not committed)
  load op 63 at 7068: addr 0x5034ffed0 idx 0 fmt 1 regoff 0x0 n 18 (table contents not committed)
  load op 64 at 7073: addr 0x5035006b0 idx 0 fmt 1 regoff 0x0 n 3 (table contents not committed)
  load op 9f at 7186: addr 0x5034f9028 idx 0 fmt 1 regoff 0x0 n 129 (table contents not committed)
  load op 63 at 7191: addr 0x5034fff60 idx 0 fmt 1 regoff 0x0 n 18 (table contents not committed)
  load op 64 at 7196: addr 0x5035006c8 idx 0 fmt 1 regoff 0x0 n 3 (table contents not committed)
  load op 9f at 7309: addr 0x5034f9430 idx 0 fmt 1 regoff 0x0 n 129 (table contents not committed)
  load op 63 at 7314: addr 0x5034ffff0 idx 0 fmt 1 regoff 0x0 n 18 (table contents not committed)
  load op 64 at 7319: addr 0x5035006e0 idx 0 fmt 1 regoff 0x0 n 3 (table contents not committed)
  load op 9f at 7432: addr 0x5034f9838 idx 0 fmt 1 regoff 0x0 n 58 (table contents not committed)
  load op 9f at 7537: addr 0x5034f9a08 idx 0 fmt 1 regoff 0x0 n 66 (table contents not committed)
  load op 9f at 7642: addr 0x5034f9c18 idx 0 fmt 1 regoff 0x0 n 37 (table contents not committed)
  load op 9f at 7647: addr 0x5034f7300 idx 0 fmt 1 regoff 0x0 n 21 (table contents not committed)
  load op 9f at 7752: addr 0x5034f73a8 idx 0 fmt 1 regoff 0x0 n 66 (table contents not committed)
  load op 9f at 7857: addr 0x5034f75b8 idx 0 fmt 1 regoff 0x0 n 58 (table contents not committed)
  load op 9f at 7962: addr 0x5034f7788 idx 0 fmt 1 regoff 0x0 n 130 (table contents not committed)
  load op 63 at 7967: addr 0x503500080 idx 0 fmt 1 regoff 0x0 n 18 (table contents not committed)
  load op 64 at 7972: addr 0x5035006f8 idx 0 fmt 1 regoff 0x0 n 3 (table contents not committed)
  load op 9f at 8099: addr 0x5034f7b98 idx 0 fmt 1 regoff 0x0 n 135 (table contents not committed)
  load op 63 at 8104: addr 0x503500110 idx 0 fmt 1 regoff 0x0 n 18 (table contents not committed)
  load op 64 at 8109: addr 0x503500710 idx 0 fmt 1 regoff 0x0 n 3 (table contents not committed)
  load op 63 at 8687: addr 0x5035001a0 idx 0 fmt 1 regoff 0x0 n 10 (table contents not committed)
  load op 63 at 9273: addr 0x5035001f0 idx 0 fmt 1 regoff 0x0 n 28 (table contents not committed)
  load op 64 at 9381: addr 0x503500728 idx 0 fmt 1 regoff 0x0 n 5 (table contents not committed)
  load op 9f at 9386: addr 0x5034f7fd0 idx 0 fmt 1 regoff 0x0 n 97 (table contents not committed)
  load op 9f at 9393: addr 0x5034f5868 idx 0 fmt 1 regoff 0x0 n 183 (table contents not committed)
submit #143 dcb 9891 dwords at 0x502e02500: pass 667 rewrite 485 drop 445 unmapped 1 cc 8 mappings 483 ... FAILED rc 0 TIMEOUT 2008.99 ms
timeout: fault 0x0 status 0x00000000
